============================= test session starts =============================
platform win32 -- Python 3.14.2, pytest-9.0.2, pluggy-1.6.0 -- C:\Users\kenlcho\Desktop\dbPerfmHealthCheck\.venv\Scripts\python.exe
cachedir: .pytest_cache
rootdir: C:\Users\kenlcho\Desktop\dbPerfmHealthCheck
configfile: pyproject.toml
plugins: anyio-4.12.1, asyncio-1.3.0
asyncio: mode=Mode.AUTO, debug=False, asyncio_default_fixture_loop_scope=None, asyncio_default_test_loop_scope=function
collecting ... collected 49 items

tests/test_api_auth.py::TestRegister::test_first_user_registers_as_admin FAILED [  2%]
tests/test_api_auth.py::TestRegister::test_register_returns_user_fields FAILED [  4%]
tests/test_api_auth.py::TestRegister::test_password_too_short_rejected FAILED [  6%]
tests/test_api_auth.py::TestRegister::test_missing_username_422 PASSED   [  8%]
tests/test_api_auth.py::TestLogin::test_valid_login_returns_token ERROR  [ 10%]
tests/test_api_auth.py::TestLogin::test_invalid_password_401 FAILED      [ 12%]
tests/test_api_auth.py::TestLogin::test_nonexistent_user_401 FAILED      [ 14%]
tests/test_api_auth.py::TestLogin::test_login_response_shape ERROR       [ 16%]
tests/test_api_auth.py::TestMe::test_me_returns_current_user ERROR       [ 18%]
tests/test_api_auth.py::TestMe::test_me_without_token_401 PASSED         [ 20%]
tests/test_api_auth.py::TestMe::test_me_with_bad_token_401 PASSED        [ 22%]
tests/test_api_auth.py::TestListUsers::test_list_users_requires_auth PASSED [ 24%]
tests/test_api_auth.py::TestListUsers::test_admin_can_list_users ERROR   [ 26%]
tests/test_api_auth.py::TestUpdateUser::test_update_requires_auth PASSED [ 28%]
tests/test_api_auth.py::TestUpdateUser::test_update_nonexistent_user_404 ERROR [ 30%]
tests/test_api_auth.py::TestAdminRegister::test_admin_can_create_viewer ERROR [ 32%]
tests/test_api_auth.py::TestAdminRegister::test_admin_can_create_admin_role ERROR [ 34%]
tests/test_api_auth.py::TestAdminRegister::test_unauthenticated_cannot_use_admin_register PASSED [ 36%]
tests/test_api_auth.py::TestAdminRegister::test_duplicate_username_rejected_400 ERROR [ 38%]
tests/test_api_auth.py::TestAdminRegister::test_default_role_is_viewer ERROR [ 40%]
tests/test_api_auth.py::TestDeleteUser::test_delete_requires_auth PASSED [ 42%]
tests/test_api_auth.py::TestDeleteUser::test_delete_nonexistent_404 ERROR [ 44%]
tests/test_api_auth.py::TestDeleteUser::test_cannot_delete_own_account ERROR [ 46%]
tests/test_api_auth.py::TestDeleteUser::test_admin_can_delete_another_user ERROR [ 48%]
tests/test_api_auth.py::TestDeleteUser::test_deleted_user_not_in_list ERROR [ 51%]
tests/test_api_auth.py::TestUpdateMe::test_update_email_without_password_fails ERROR [ 53%]
tests/test_api_auth.py::TestUpdateMe::test_update_with_wrong_current_password_401 ERROR [ 55%]
tests/test_api_auth.py::TestUpdateMe::test_no_changes_succeeds ERROR     [ 57%]
tests/test_api_auth.py::TestUpdateMe::test_update_password_for_fresh_user ERROR [ 59%]
tests/test_ingestor.py::TestInserted::test_new_rows_are_inserted PASSED  [ 61%]
tests/test_ingestor.py::TestInserted::test_inserted_rows_exist_in_db PASSED [ 63%]
tests/test_ingestor.py::TestInserted::test_inserted_row_has_correct_occurrence_count PASSED [ 65%]
tests/test_ingestor.py::TestInserted::test_inserted_row_has_first_seen_set PASSED [ 67%]
tests/test_ingestor.py::TestUpdated::test_second_upload_of_same_rows_is_updated_not_inserted PASSED [ 69%]
tests/test_ingestor.py::TestUpdated::test_occurrence_count_accumulates_on_update PASSED [ 71%]
tests/test_ingestor.py::TestUpdated::test_last_seen_refreshed_on_update PASSED [ 73%]
tests/test_ingestor.py::TestUpdated::test_other_fields_unchanged_on_update PASSED [ 75%]
tests/test_ingestor.py::TestSkipped::test_skipped_count_set_on_db_error PASSED [ 77%]
tests/test_ingestor.py::TestSkipped::test_error_message_contains_exception_type PASSED [ 79%]
tests/test_ingestor.py::TestMixed::test_mixed_insert_and_update PASSED   [ 81%]
tests/test_ingestor.py::TestMixed::test_total_equals_sum_of_all_counts PASSED [ 83%]
tests/test_ingestor.py::TestEdgeCases::test_empty_input_returns_all_zeros PASSED [ 85%]
tests/test_ingestor.py::TestEdgeCases::test_intra_csv_duplicates_collapsed_before_insert PASSED [ 87%]
tests/test_ingestor.py::TestEdgeCases::test_unknown_enum_values_clamped PASSED [ 89%]
tests/test_ingestor.py::TestHashFormula::test_absent_and_empty_extra_metadata_produce_same_hash PASSED [ 91%]
tests/test_ingestor.py::TestHashFormula::test_whitespace_only_extra_metadata_treated_as_empty PASSED [ 93%]
tests/test_ingestor.py::TestHashFormula::test_nonempty_extra_metadata_gives_different_hash PASSED [ 95%]
tests/test_ingestor.py::TestHashFormula::test_different_extra_metadata_gives_different_hash PASSED [ 97%]
tests/test_ingestor.py::TestHashFormula::test_hash_stable_across_calls PASSED [100%]

=================================== ERRORS ====================================
_________ ERROR at setup of TestLogin.test_valid_login_returns_token __________
.venv\Lib\site-packages\pytest_asyncio\plugin.py:458: in setup
    return super().setup()
           ^^^^^^^^^^^^^^^
.venv\Lib\site-packages\pytest_asyncio\plugin.py:730: in pytest_fixture_setup
    return (yield)
            ^^^^^
tests\conftest.py:134: in _admin_user
    asyncio.run(_create())
..\..\AppData\Roaming\uv\python\cpython-3.14.2-windows-x86_64-none\Lib\asyncio\runners.py:204: in run
    return runner.run(main)
           ^^^^^^^^^^^^^^^^
..\..\AppData\Roaming\uv\python\cpython-3.14.2-windows-x86_64-none\Lib\asyncio\runners.py:127: in run
    return self._loop.run_until_complete(task)
           ^^^^^^^^^^^^^^^^^^^^^^^^^^^^^^^^^^^
..\..\AppData\Roaming\uv\python\cpython-3.14.2-windows-x86_64-none\Lib\asyncio\base_events.py:719: in run_until_complete
    return future.result()
           ^^^^^^^^^^^^^^^
tests\conftest.py:121: in _create
    await session.exec(select(User).where(User.username == "testadmin"))
.venv\Lib\site-packages\sqlmodel\ext\asyncio\session.py:89: in exec
    result = await greenlet_spawn(
.venv\Lib\site-packages\sqlalchemy\util\_concurrency_py3k.py:203: in greenlet_spawn
    result = context.switch(value)
             ^^^^^^^^^^^^^^^^^^^^^
.venv\Lib\site-packages\sqlmodel\orm\session.py:75: in exec
    results = super().execute(
.venv\Lib\site-packages\sqlalchemy\orm\session.py:2351: in execute
    return self._execute_internal(
.venv\Lib\site-packages\sqlalchemy\orm\session.py:2249: in _execute_internal
    result: Result[Any] = compile_state_cls.orm_execute_statement(
.venv\Lib\site-packages\sqlalchemy\orm\context.py:306: in orm_execute_statement
    result = conn.execute(
.venv\Lib\site-packages\sqlalchemy\engine\base.py:1419: in execute
    return meth(
.venv\Lib\site-packages\sqlalchemy\sql\elements.py:527: in _execute_on_connection
    return connection._execute_clauseelement(
.venv\Lib\site-packages\sqlalchemy\engine\base.py:1633: in _execute_clauseelement
    compiled_sql, extracted_params, cache_hit = elem._compile_w_cache(
.venv\Lib\site-packages\sqlalchemy\sql\elements.py:716: in _compile_w_cache
    compiled_sql = self._compiler(
.venv\Lib\site-packages\sqlalchemy\sql\elements.py:324: in _compiler
    return dialect.statement_compiler(dialect, self, **kw)
           ^^^^^^^^^^^^^^^^^^^^^^^^^^^^^^^^^^^^^^^^^^^^^^^
.venv\Lib\site-packages\sqlalchemy\sql\compiler.py:1461: in __init__
    Compiled.__init__(self, dialect, statement, **kwargs)
.venv\Lib\site-packages\sqlalchemy\sql\compiler.py:901: in __init__
    self.string = self.process(self.statement, **compile_kwargs)
                  ^^^^^^^^^^^^^^^^^^^^^^^^^^^^^^^^^^^^^^^^^^^^^^
.venv\Lib\site-packages\sqlalchemy\sql\compiler.py:947: in process
    return obj._compiler_dispatch(self, **kwargs)
           ^^^^^^^^^^^^^^^^^^^^^^^^^^^^^^^^^^^^^^
.venv\Lib\site-packages\sqlalchemy\sql\visitors.py:138: in _compiler_dispatch
    return meth(self, **kw)  # type: ignore  # noqa: E501
           ^^^^^^^^^^^^^^^^
.venv\Lib\site-packages\sqlalchemy\sql\compiler.py:4807: in visit_select
    compile_state = select_stmt._compile_state_factory(
.venv\Lib\site-packages\sqlalchemy\sql\base.py:775: in create_for_statement
    return klass.create_for_statement(statement, compiler, **kw)
           ^^^^^^^^^^^^^^^^^^^^^^^^^^^^^^^^^^^^^^^^^^^^^^^^^^^^^
.venv\Lib\site-packages\sqlalchemy\orm\context.py:447: in create_for_statement
    return cls._create_orm_context(
.venv\Lib\site-packages\sqlalchemy\orm\context.py:1175: in _create_orm_context
    _QueryEntity.to_compile_state(
.venv\Lib\site-packages\sqlalchemy\orm\context.py:2628: in to_compile_state
    _MapperEntity(
.venv\Lib\site-packages\sqlalchemy\orm\context.py:2708: in __init__
    entity._post_inspect
.venv\Lib\site-packages\sqlalchemy\util\langhelpers.py:1235: in __get__
    obj.__dict__[self.__name__] = result = self.fget(obj)
                                           ^^^^^^^^^^^^^^
.venv\Lib\site-packages\sqlalchemy\orm\mapper.py:2733: in _post_inspect
    self._check_configure()
.venv\Lib\site-packages\sqlalchemy\orm\mapper.py:2410: in _check_configure
    _configure_registries({self.registry}, cascade=True)
.venv\Lib\site-packages\sqlalchemy\orm\mapper.py:4227: in _configure_registries
    _do_configure_registries(registries, cascade)
.venv\Lib\site-packages\sqlalchemy\orm\mapper.py:4264: in _do_configure_registries
    raise e
E   sqlalchemy.exc.InvalidRequestError: One or more mappers failed to initialize - can't proceed with initialization of other mappers. Triggering mapper: 'Mapper[CuratedQuery(curated_query)]'. Original exception was: When initializing mapper Mapper[CuratedQuery(curated_query)], expression 'RawQuery | None' failed to locate a name ('RawQuery | None'). If this is a class name, consider adding this relationship() to the <class 'api.models.CuratedQuery'> class after both dependent classes have been defined.
____________ ERROR at setup of TestLogin.test_login_response_shape ____________
.venv\Lib\site-packages\pytest_asyncio\plugin.py:458: in setup
    return super().setup()
           ^^^^^^^^^^^^^^^
tests\conftest.py:134: in _admin_user
    asyncio.run(_create())
..\..\AppData\Roaming\uv\python\cpython-3.14.2-windows-x86_64-none\Lib\asyncio\runners.py:204: in run
    return runner.run(main)
           ^^^^^^^^^^^^^^^^
..\..\AppData\Roaming\uv\python\cpython-3.14.2-windows-x86_64-none\Lib\asyncio\runners.py:127: in run
    return self._loop.run_until_complete(task)
           ^^^^^^^^^^^^^^^^^^^^^^^^^^^^^^^^^^^
..\..\AppData\Roaming\uv\python\cpython-3.14.2-windows-x86_64-none\Lib\asyncio\base_events.py:719: in run_until_complete
    return future.result()
           ^^^^^^^^^^^^^^^
tests\conftest.py:121: in _create
    await session.exec(select(User).where(User.username == "testadmin"))
.venv\Lib\site-packages\sqlmodel\ext\asyncio\session.py:89: in exec
    result = await greenlet_spawn(
.venv\Lib\site-packages\sqlalchemy\util\_concurrency_py3k.py:203: in greenlet_spawn
    result = context.switch(value)
             ^^^^^^^^^^^^^^^^^^^^^
.venv\Lib\site-packages\sqlmodel\orm\session.py:75: in exec
    results = super().execute(
.venv\Lib\site-packages\sqlalchemy\orm\session.py:2351: in execute
    return self._execute_internal(
.venv\Lib\site-packages\sqlalchemy\orm\session.py:2249: in _execute_internal
    result: Result[Any] = compile_state_cls.orm_execute_statement(
.venv\Lib\site-packages\sqlalchemy\orm\context.py:306: in orm_execute_statement
    result = conn.execute(
.venv\Lib\site-packages\sqlalchemy\engine\base.py:1419: in execute
    return meth(
.venv\Lib\site-packages\sqlalchemy\sql\elements.py:527: in _execute_on_connection
    return connection._execute_clauseelement(
.venv\Lib\site-packages\sqlalchemy\engine\base.py:1633: in _execute_clauseelement
    compiled_sql, extracted_params, cache_hit = elem._compile_w_cache(
.venv\Lib\site-packages\sqlalchemy\sql\elements.py:716: in _compile_w_cache
    compiled_sql = self._compiler(
.venv\Lib\site-packages\sqlalchemy\sql\elements.py:324: in _compiler
    return dialect.statement_compiler(dialect, self, **kw)
           ^^^^^^^^^^^^^^^^^^^^^^^^^^^^^^^^^^^^^^^^^^^^^^^
.venv\Lib\site-packages\sqlalchemy\sql\compiler.py:1461: in __init__
    Compiled.__init__(self, dialect, statement, **kwargs)
.venv\Lib\site-packages\sqlalchemy\sql\compiler.py:901: in __init__
    self.string = self.process(self.statement, **compile_kwargs)
                  ^^^^^^^^^^^^^^^^^^^^^^^^^^^^^^^^^^^^^^^^^^^^^^
.venv\Lib\site-packages\sqlalchemy\sql\compiler.py:947: in process
    return obj._compiler_dispatch(self, **kwargs)
           ^^^^^^^^^^^^^^^^^^^^^^^^^^^^^^^^^^^^^^
.venv\Lib\site-packages\sqlalchemy\sql\visitors.py:138: in _compiler_dispatch
    return meth(self, **kw)  # type: ignore  # noqa: E501
           ^^^^^^^^^^^^^^^^
.venv\Lib\site-packages\sqlalchemy\sql\compiler.py:4807: in visit_select
    compile_state = select_stmt._compile_state_factory(
.venv\Lib\site-packages\sqlalchemy\sql\base.py:775: in create_for_statement
    return klass.create_for_statement(statement, compiler, **kw)
           ^^^^^^^^^^^^^^^^^^^^^^^^^^^^^^^^^^^^^^^^^^^^^^^^^^^^^
.venv\Lib\site-packages\sqlalchemy\orm\context.py:447: in create_for_statement
    return cls._create_orm_context(
.venv\Lib\site-packages\sqlalchemy\orm\context.py:1175: in _create_orm_context
    _QueryEntity.to_compile_state(
.venv\Lib\site-packages\sqlalchemy\orm\context.py:2628: in to_compile_state
    _MapperEntity(
.venv\Lib\site-packages\sqlalchemy\orm\context.py:2708: in __init__
    entity._post_inspect
.venv\Lib\site-packages\sqlalchemy\util\langhelpers.py:1235: in __get__
    obj.__dict__[self.__name__] = result = self.fget(obj)
                                           ^^^^^^^^^^^^^^
.venv\Lib\site-packages\sqlalchemy\orm\mapper.py:2733: in _post_inspect
    self._check_configure()
.venv\Lib\site-packages\sqlalchemy\orm\mapper.py:2410: in _check_configure
    _configure_registries({self.registry}, cascade=True)
.venv\Lib\site-packages\sqlalchemy\orm\mapper.py:4227: in _configure_registries
    _do_configure_registries(registries, cascade)
.venv\Lib\site-packages\sqlalchemy\orm\mapper.py:4264: in _do_configure_registries
    raise e
E   sqlalchemy.exc.InvalidRequestError: One or more mappers failed to initialize - can't proceed with initialization of other mappers. Triggering mapper: 'Mapper[CuratedQuery(curated_query)]'. Original exception was: When initializing mapper Mapper[CuratedQuery(curated_query)], expression 'RawQuery | None' failed to locate a name ('RawQuery | None'). If this is a class name, consider adding this relationship() to the <class 'api.models.CuratedQuery'> class after both dependent classes have been defined.
____________ ERROR at setup of TestMe.test_me_returns_current_user ____________
.venv\Lib\site-packages\pytest_asyncio\plugin.py:458: in setup
    return super().setup()
           ^^^^^^^^^^^^^^^
tests\conftest.py:134: in _admin_user
    asyncio.run(_create())
..\..\AppData\Roaming\uv\python\cpython-3.14.2-windows-x86_64-none\Lib\asyncio\runners.py:204: in run
    return runner.run(main)
           ^^^^^^^^^^^^^^^^
..\..\AppData\Roaming\uv\python\cpython-3.14.2-windows-x86_64-none\Lib\asyncio\runners.py:127: in run
    return self._loop.run_until_complete(task)
           ^^^^^^^^^^^^^^^^^^^^^^^^^^^^^^^^^^^
..\..\AppData\Roaming\uv\python\cpython-3.14.2-windows-x86_64-none\Lib\asyncio\base_events.py:719: in run_until_complete
    return future.result()
           ^^^^^^^^^^^^^^^
tests\conftest.py:121: in _create
    await session.exec(select(User).where(User.username == "testadmin"))
.venv\Lib\site-packages\sqlmodel\ext\asyncio\session.py:89: in exec
    result = await greenlet_spawn(
.venv\Lib\site-packages\sqlalchemy\util\_concurrency_py3k.py:203: in greenlet_spawn
    result = context.switch(value)
             ^^^^^^^^^^^^^^^^^^^^^
.venv\Lib\site-packages\sqlmodel\orm\session.py:75: in exec
    results = super().execute(
.venv\Lib\site-packages\sqlalchemy\orm\session.py:2351: in execute
    return self._execute_internal(
.venv\Lib\site-packages\sqlalchemy\orm\session.py:2249: in _execute_internal
    result: Result[Any] = compile_state_cls.orm_execute_statement(
.venv\Lib\site-packages\sqlalchemy\orm\context.py:306: in orm_execute_statement
    result = conn.execute(
.venv\Lib\site-packages\sqlalchemy\engine\base.py:1419: in execute
    return meth(
.venv\Lib\site-packages\sqlalchemy\sql\elements.py:527: in _execute_on_connection
    return connection._execute_clauseelement(
.venv\Lib\site-packages\sqlalchemy\engine\base.py:1633: in _execute_clauseelement
    compiled_sql, extracted_params, cache_hit = elem._compile_w_cache(
.venv\Lib\site-packages\sqlalchemy\sql\elements.py:716: in _compile_w_cache
    compiled_sql = self._compiler(
.venv\Lib\site-packages\sqlalchemy\sql\elements.py:324: in _compiler
    return dialect.statement_compiler(dialect, self, **kw)
           ^^^^^^^^^^^^^^^^^^^^^^^^^^^^^^^^^^^^^^^^^^^^^^^
.venv\Lib\site-packages\sqlalchemy\sql\compiler.py:1461: in __init__
    Compiled.__init__(self, dialect, statement, **kwargs)
.venv\Lib\site-packages\sqlalchemy\sql\compiler.py:901: in __init__
    self.string = self.process(self.statement, **compile_kwargs)
                  ^^^^^^^^^^^^^^^^^^^^^^^^^^^^^^^^^^^^^^^^^^^^^^
.venv\Lib\site-packages\sqlalchemy\sql\compiler.py:947: in process
    return obj._compiler_dispatch(self, **kwargs)
           ^^^^^^^^^^^^^^^^^^^^^^^^^^^^^^^^^^^^^^
.venv\Lib\site-packages\sqlalchemy\sql\visitors.py:138: in _compiler_dispatch
    return meth(self, **kw)  # type: ignore  # noqa: E501
           ^^^^^^^^^^^^^^^^
.venv\Lib\site-packages\sqlalchemy\sql\compiler.py:4807: in visit_select
    compile_state = select_stmt._compile_state_factory(
.venv\Lib\site-packages\sqlalchemy\sql\base.py:775: in create_for_statement
    return klass.create_for_statement(statement, compiler, **kw)
           ^^^^^^^^^^^^^^^^^^^^^^^^^^^^^^^^^^^^^^^^^^^^^^^^^^^^^
.venv\Lib\site-packages\sqlalchemy\orm\context.py:447: in create_for_statement
    return cls._create_orm_context(
.venv\Lib\site-packages\sqlalchemy\orm\context.py:1175: in _create_orm_context
    _QueryEntity.to_compile_state(
.venv\Lib\site-packages\sqlalchemy\orm\context.py:2628: in to_compile_state
    _MapperEntity(
.venv\Lib\site-packages\sqlalchemy\orm\context.py:2708: in __init__
    entity._post_inspect
.venv\Lib\site-packages\sqlalchemy\util\langhelpers.py:1235: in __get__
    obj.__dict__[self.__name__] = result = self.fget(obj)
                                           ^^^^^^^^^^^^^^
.venv\Lib\site-packages\sqlalchemy\orm\mapper.py:2733: in _post_inspect
    self._check_configure()
.venv\Lib\site-packages\sqlalchemy\orm\mapper.py:2410: in _check_configure
    _configure_registries({self.registry}, cascade=True)
.venv\Lib\site-packages\sqlalchemy\orm\mapper.py:4227: in _configure_registries
    _do_configure_registries(registries, cascade)
.venv\Lib\site-packages\sqlalchemy\orm\mapper.py:4264: in _do_configure_registries
    raise e
E   sqlalchemy.exc.InvalidRequestError: One or more mappers failed to initialize - can't proceed with initialization of other mappers. Triggering mapper: 'Mapper[CuratedQuery(curated_query)]'. Original exception was: When initializing mapper Mapper[CuratedQuery(curated_query)], expression 'RawQuery | None' failed to locate a name ('RawQuery | None'). If this is a class name, consider adding this relationship() to the <class 'api.models.CuratedQuery'> class after both dependent classes have been defined.
__________ ERROR at setup of TestListUsers.test_admin_can_list_users __________
.venv\Lib\site-packages\pytest_asyncio\plugin.py:458: in setup
    return super().setup()
           ^^^^^^^^^^^^^^^
tests\conftest.py:134: in _admin_user
    asyncio.run(_create())
..\..\AppData\Roaming\uv\python\cpython-3.14.2-windows-x86_64-none\Lib\asyncio\runners.py:204: in run
    return runner.run(main)
           ^^^^^^^^^^^^^^^^
..\..\AppData\Roaming\uv\python\cpython-3.14.2-windows-x86_64-none\Lib\asyncio\runners.py:127: in run
    return self._loop.run_until_complete(task)
           ^^^^^^^^^^^^^^^^^^^^^^^^^^^^^^^^^^^
..\..\AppData\Roaming\uv\python\cpython-3.14.2-windows-x86_64-none\Lib\asyncio\base_events.py:719: in run_until_complete
    return future.result()
           ^^^^^^^^^^^^^^^
tests\conftest.py:121: in _create
    await session.exec(select(User).where(User.username == "testadmin"))
.venv\Lib\site-packages\sqlmodel\ext\asyncio\session.py:89: in exec
    result = await greenlet_spawn(
.venv\Lib\site-packages\sqlalchemy\util\_concurrency_py3k.py:203: in greenlet_spawn
    result = context.switch(value)
             ^^^^^^^^^^^^^^^^^^^^^
.venv\Lib\site-packages\sqlmodel\orm\session.py:75: in exec
    results = super().execute(
.venv\Lib\site-packages\sqlalchemy\orm\session.py:2351: in execute
    return self._execute_internal(
.venv\Lib\site-packages\sqlalchemy\orm\session.py:2249: in _execute_internal
    result: Result[Any] = compile_state_cls.orm_execute_statement(
.venv\Lib\site-packages\sqlalchemy\orm\context.py:306: in orm_execute_statement
    result = conn.execute(
.venv\Lib\site-packages\sqlalchemy\engine\base.py:1419: in execute
    return meth(
.venv\Lib\site-packages\sqlalchemy\sql\elements.py:527: in _execute_on_connection
    return connection._execute_clauseelement(
.venv\Lib\site-packages\sqlalchemy\engine\base.py:1633: in _execute_clauseelement
    compiled_sql, extracted_params, cache_hit = elem._compile_w_cache(
.venv\Lib\site-packages\sqlalchemy\sql\elements.py:716: in _compile_w_cache
    compiled_sql = self._compiler(
.venv\Lib\site-packages\sqlalchemy\sql\elements.py:324: in _compiler
    return dialect.statement_compiler(dialect, self, **kw)
           ^^^^^^^^^^^^^^^^^^^^^^^^^^^^^^^^^^^^^^^^^^^^^^^
.venv\Lib\site-packages\sqlalchemy\sql\compiler.py:1461: in __init__
    Compiled.__init__(self, dialect, statement, **kwargs)
.venv\Lib\site-packages\sqlalchemy\sql\compiler.py:901: in __init__
    self.string = self.process(self.statement, **compile_kwargs)
                  ^^^^^^^^^^^^^^^^^^^^^^^^^^^^^^^^^^^^^^^^^^^^^^
.venv\Lib\site-packages\sqlalchemy\sql\compiler.py:947: in process
    return obj._compiler_dispatch(self, **kwargs)
           ^^^^^^^^^^^^^^^^^^^^^^^^^^^^^^^^^^^^^^
.venv\Lib\site-packages\sqlalchemy\sql\visitors.py:138: in _compiler_dispatch
    return meth(self, **kw)  # type: ignore  # noqa: E501
           ^^^^^^^^^^^^^^^^
.venv\Lib\site-packages\sqlalchemy\sql\compiler.py:4807: in visit_select
    compile_state = select_stmt._compile_state_factory(
.venv\Lib\site-packages\sqlalchemy\sql\base.py:775: in create_for_statement
    return klass.create_for_statement(statement, compiler, **kw)
           ^^^^^^^^^^^^^^^^^^^^^^^^^^^^^^^^^^^^^^^^^^^^^^^^^^^^^
.venv\Lib\site-packages\sqlalchemy\orm\context.py:447: in create_for_statement
    return cls._create_orm_context(
.venv\Lib\site-packages\sqlalchemy\orm\context.py:1175: in _create_orm_context
    _QueryEntity.to_compile_state(
.venv\Lib\site-packages\sqlalchemy\orm\context.py:2628: in to_compile_state
    _MapperEntity(
.venv\Lib\site-packages\sqlalchemy\orm\context.py:2708: in __init__
    entity._post_inspect
.venv\Lib\site-packages\sqlalchemy\util\langhelpers.py:1235: in __get__
    obj.__dict__[self.__name__] = result = self.fget(obj)
                                           ^^^^^^^^^^^^^^
.venv\Lib\site-packages\sqlalchemy\orm\mapper.py:2733: in _post_inspect
    self._check_configure()
.venv\Lib\site-packages\sqlalchemy\orm\mapper.py:2410: in _check_configure
    _configure_registries({self.registry}, cascade=True)
.venv\Lib\site-packages\sqlalchemy\orm\mapper.py:4227: in _configure_registries
    _do_configure_registries(registries, cascade)
.venv\Lib\site-packages\sqlalchemy\orm\mapper.py:4264: in _do_configure_registries
    raise e
E   sqlalchemy.exc.InvalidRequestError: One or more mappers failed to initialize - can't proceed with initialization of other mappers. Triggering mapper: 'Mapper[CuratedQuery(curated_query)]'. Original exception was: When initializing mapper Mapper[CuratedQuery(curated_query)], expression 'RawQuery | None' failed to locate a name ('RawQuery | None'). If this is a class name, consider adding this relationship() to the <class 'api.models.CuratedQuery'> class after both dependent classes have been defined.
______ ERROR at setup of TestUpdateUser.test_update_nonexistent_user_404 ______
.venv\Lib\site-packages\pytest_asyncio\plugin.py:458: in setup
    return super().setup()
           ^^^^^^^^^^^^^^^
tests\conftest.py:134: in _admin_user
    asyncio.run(_create())
..\..\AppData\Roaming\uv\python\cpython-3.14.2-windows-x86_64-none\Lib\asyncio\runners.py:204: in run
    return runner.run(main)
           ^^^^^^^^^^^^^^^^
..\..\AppData\Roaming\uv\python\cpython-3.14.2-windows-x86_64-none\Lib\asyncio\runners.py:127: in run
    return self._loop.run_until_complete(task)
           ^^^^^^^^^^^^^^^^^^^^^^^^^^^^^^^^^^^
..\..\AppData\Roaming\uv\python\cpython-3.14.2-windows-x86_64-none\Lib\asyncio\base_events.py:719: in run_until_complete
    return future.result()
           ^^^^^^^^^^^^^^^
tests\conftest.py:121: in _create
    await session.exec(select(User).where(User.username == "testadmin"))
.venv\Lib\site-packages\sqlmodel\ext\asyncio\session.py:89: in exec
    result = await greenlet_spawn(
.venv\Lib\site-packages\sqlalchemy\util\_concurrency_py3k.py:203: in greenlet_spawn
    result = context.switch(value)
             ^^^^^^^^^^^^^^^^^^^^^
.venv\Lib\site-packages\sqlmodel\orm\session.py:75: in exec
    results = super().execute(
.venv\Lib\site-packages\sqlalchemy\orm\session.py:2351: in execute
    return self._execute_internal(
.venv\Lib\site-packages\sqlalchemy\orm\session.py:2249: in _execute_internal
    result: Result[Any] = compile_state_cls.orm_execute_statement(
.venv\Lib\site-packages\sqlalchemy\orm\context.py:306: in orm_execute_statement
    result = conn.execute(
.venv\Lib\site-packages\sqlalchemy\engine\base.py:1419: in execute
    return meth(
.venv\Lib\site-packages\sqlalchemy\sql\elements.py:527: in _execute_on_connection
    return connection._execute_clauseelement(
.venv\Lib\site-packages\sqlalchemy\engine\base.py:1633: in _execute_clauseelement
    compiled_sql, extracted_params, cache_hit = elem._compile_w_cache(
.venv\Lib\site-packages\sqlalchemy\sql\elements.py:716: in _compile_w_cache
    compiled_sql = self._compiler(
.venv\Lib\site-packages\sqlalchemy\sql\elements.py:324: in _compiler
    return dialect.statement_compiler(dialect, self, **kw)
           ^^^^^^^^^^^^^^^^^^^^^^^^^^^^^^^^^^^^^^^^^^^^^^^
.venv\Lib\site-packages\sqlalchemy\sql\compiler.py:1461: in __init__
    Compiled.__init__(self, dialect, statement, **kwargs)
.venv\Lib\site-packages\sqlalchemy\sql\compiler.py:901: in __init__
    self.string = self.process(self.statement, **compile_kwargs)
                  ^^^^^^^^^^^^^^^^^^^^^^^^^^^^^^^^^^^^^^^^^^^^^^
.venv\Lib\site-packages\sqlalchemy\sql\compiler.py:947: in process
    return obj._compiler_dispatch(self, **kwargs)
           ^^^^^^^^^^^^^^^^^^^^^^^^^^^^^^^^^^^^^^
.venv\Lib\site-packages\sqlalchemy\sql\visitors.py:138: in _compiler_dispatch
    return meth(self, **kw)  # type: ignore  # noqa: E501
           ^^^^^^^^^^^^^^^^
.venv\Lib\site-packages\sqlalchemy\sql\compiler.py:4807: in visit_select
    compile_state = select_stmt._compile_state_factory(
.venv\Lib\site-packages\sqlalchemy\sql\base.py:775: in create_for_statement
    return klass.create_for_statement(statement, compiler, **kw)
           ^^^^^^^^^^^^^^^^^^^^^^^^^^^^^^^^^^^^^^^^^^^^^^^^^^^^^
.venv\Lib\site-packages\sqlalchemy\orm\context.py:447: in create_for_statement
    return cls._create_orm_context(
.venv\Lib\site-packages\sqlalchemy\orm\context.py:1175: in _create_orm_context
    _QueryEntity.to_compile_state(
.venv\Lib\site-packages\sqlalchemy\orm\context.py:2628: in to_compile_state
    _MapperEntity(
.venv\Lib\site-packages\sqlalchemy\orm\context.py:2708: in __init__
    entity._post_inspect
.venv\Lib\site-packages\sqlalchemy\util\langhelpers.py:1235: in __get__
    obj.__dict__[self.__name__] = result = self.fget(obj)
                                           ^^^^^^^^^^^^^^
.venv\Lib\site-packages\sqlalchemy\orm\mapper.py:2733: in _post_inspect
    self._check_configure()
.venv\Lib\site-packages\sqlalchemy\orm\mapper.py:2410: in _check_configure
    _configure_registries({self.registry}, cascade=True)
.venv\Lib\site-packages\sqlalchemy\orm\mapper.py:4227: in _configure_registries
    _do_configure_registries(registries, cascade)
.venv\Lib\site-packages\sqlalchemy\orm\mapper.py:4264: in _do_configure_registries
    raise e
E   sqlalchemy.exc.InvalidRequestError: One or more mappers failed to initialize - can't proceed with initialization of other mappers. Triggering mapper: 'Mapper[CuratedQuery(curated_query)]'. Original exception was: When initializing mapper Mapper[CuratedQuery(curated_query)], expression 'RawQuery | None' failed to locate a name ('RawQuery | None'). If this is a class name, consider adding this relationship() to the <class 'api.models.CuratedQuery'> class after both dependent classes have been defined.
______ ERROR at setup of TestAdminRegister.test_admin_can_create_viewer _______
.venv\Lib\site-packages\pytest_asyncio\plugin.py:458: in setup
    return super().setup()
           ^^^^^^^^^^^^^^^
tests\conftest.py:134: in _admin_user
    asyncio.run(_create())
..\..\AppData\Roaming\uv\python\cpython-3.14.2-windows-x86_64-none\Lib\asyncio\runners.py:204: in run
    return runner.run(main)
           ^^^^^^^^^^^^^^^^
..\..\AppData\Roaming\uv\python\cpython-3.14.2-windows-x86_64-none\Lib\asyncio\runners.py:127: in run
    return self._loop.run_until_complete(task)
           ^^^^^^^^^^^^^^^^^^^^^^^^^^^^^^^^^^^
..\..\AppData\Roaming\uv\python\cpython-3.14.2-windows-x86_64-none\Lib\asyncio\base_events.py:719: in run_until_complete
    return future.result()
           ^^^^^^^^^^^^^^^
tests\conftest.py:121: in _create
    await session.exec(select(User).where(User.username == "testadmin"))
.venv\Lib\site-packages\sqlmodel\ext\asyncio\session.py:89: in exec
    result = await greenlet_spawn(
.venv\Lib\site-packages\sqlalchemy\util\_concurrency_py3k.py:203: in greenlet_spawn
    result = context.switch(value)
             ^^^^^^^^^^^^^^^^^^^^^
.venv\Lib\site-packages\sqlmodel\orm\session.py:75: in exec
    results = super().execute(
.venv\Lib\site-packages\sqlalchemy\orm\session.py:2351: in execute
    return self._execute_internal(
.venv\Lib\site-packages\sqlalchemy\orm\session.py:2249: in _execute_internal
    result: Result[Any] = compile_state_cls.orm_execute_statement(
.venv\Lib\site-packages\sqlalchemy\orm\context.py:306: in orm_execute_statement
    result = conn.execute(
.venv\Lib\site-packages\sqlalchemy\engine\base.py:1419: in execute
    return meth(
.venv\Lib\site-packages\sqlalchemy\sql\elements.py:527: in _execute_on_connection
    return connection._execute_clauseelement(
.venv\Lib\site-packages\sqlalchemy\engine\base.py:1633: in _execute_clauseelement
    compiled_sql, extracted_params, cache_hit = elem._compile_w_cache(
.venv\Lib\site-packages\sqlalchemy\sql\elements.py:716: in _compile_w_cache
    compiled_sql = self._compiler(
.venv\Lib\site-packages\sqlalchemy\sql\elements.py:324: in _compiler
    return dialect.statement_compiler(dialect, self, **kw)
           ^^^^^^^^^^^^^^^^^^^^^^^^^^^^^^^^^^^^^^^^^^^^^^^
.venv\Lib\site-packages\sqlalchemy\sql\compiler.py:1461: in __init__
    Compiled.__init__(self, dialect, statement, **kwargs)
.venv\Lib\site-packages\sqlalchemy\sql\compiler.py:901: in __init__
    self.string = self.process(self.statement, **compile_kwargs)
                  ^^^^^^^^^^^^^^^^^^^^^^^^^^^^^^^^^^^^^^^^^^^^^^
.venv\Lib\site-packages\sqlalchemy\sql\compiler.py:947: in process
    return obj._compiler_dispatch(self, **kwargs)
           ^^^^^^^^^^^^^^^^^^^^^^^^^^^^^^^^^^^^^^
.venv\Lib\site-packages\sqlalchemy\sql\visitors.py:138: in _compiler_dispatch
    return meth(self, **kw)  # type: ignore  # noqa: E501
           ^^^^^^^^^^^^^^^^
.venv\Lib\site-packages\sqlalchemy\sql\compiler.py:4807: in visit_select
    compile_state = select_stmt._compile_state_factory(
.venv\Lib\site-packages\sqlalchemy\sql\base.py:775: in create_for_statement
    return klass.create_for_statement(statement, compiler, **kw)
           ^^^^^^^^^^^^^^^^^^^^^^^^^^^^^^^^^^^^^^^^^^^^^^^^^^^^^
.venv\Lib\site-packages\sqlalchemy\orm\context.py:447: in create_for_statement
    return cls._create_orm_context(
.venv\Lib\site-packages\sqlalchemy\orm\context.py:1175: in _create_orm_context
    _QueryEntity.to_compile_state(
.venv\Lib\site-packages\sqlalchemy\orm\context.py:2628: in to_compile_state
    _MapperEntity(
.venv\Lib\site-packages\sqlalchemy\orm\context.py:2708: in __init__
    entity._post_inspect
.venv\Lib\site-packages\sqlalchemy\util\langhelpers.py:1235: in __get__
    obj.__dict__[self.__name__] = result = self.fget(obj)
                                           ^^^^^^^^^^^^^^
.venv\Lib\site-packages\sqlalchemy\orm\mapper.py:2733: in _post_inspect
    self._check_configure()
.venv\Lib\site-packages\sqlalchemy\orm\mapper.py:2410: in _check_configure
    _configure_registries({self.registry}, cascade=True)
.venv\Lib\site-packages\sqlalchemy\orm\mapper.py:4227: in _configure_registries
    _do_configure_registries(registries, cascade)
.venv\Lib\site-packages\sqlalchemy\orm\mapper.py:4264: in _do_configure_registries
    raise e
E   sqlalchemy.exc.InvalidRequestError: One or more mappers failed to initialize - can't proceed with initialization of other mappers. Triggering mapper: 'Mapper[CuratedQuery(curated_query)]'. Original exception was: When initializing mapper Mapper[CuratedQuery(curated_query)], expression 'RawQuery | None' failed to locate a name ('RawQuery | None'). If this is a class name, consider adding this relationship() to the <class 'api.models.CuratedQuery'> class after both dependent classes have been defined.
____ ERROR at setup of TestAdminRegister.test_admin_can_create_admin_role _____
.venv\Lib\site-packages\pytest_asyncio\plugin.py:458: in setup
    return super().setup()
           ^^^^^^^^^^^^^^^
tests\conftest.py:134: in _admin_user
    asyncio.run(_create())
..\..\AppData\Roaming\uv\python\cpython-3.14.2-windows-x86_64-none\Lib\asyncio\runners.py:204: in run
    return runner.run(main)
           ^^^^^^^^^^^^^^^^
..\..\AppData\Roaming\uv\python\cpython-3.14.2-windows-x86_64-none\Lib\asyncio\runners.py:127: in run
    return self._loop.run_until_complete(task)
           ^^^^^^^^^^^^^^^^^^^^^^^^^^^^^^^^^^^
..\..\AppData\Roaming\uv\python\cpython-3.14.2-windows-x86_64-none\Lib\asyncio\base_events.py:719: in run_until_complete
    return future.result()
           ^^^^^^^^^^^^^^^
tests\conftest.py:121: in _create
    await session.exec(select(User).where(User.username == "testadmin"))
.venv\Lib\site-packages\sqlmodel\ext\asyncio\session.py:89: in exec
    result = await greenlet_spawn(
.venv\Lib\site-packages\sqlalchemy\util\_concurrency_py3k.py:203: in greenlet_spawn
    result = context.switch(value)
             ^^^^^^^^^^^^^^^^^^^^^
.venv\Lib\site-packages\sqlmodel\orm\session.py:75: in exec
    results = super().execute(
.venv\Lib\site-packages\sqlalchemy\orm\session.py:2351: in execute
    return self._execute_internal(
.venv\Lib\site-packages\sqlalchemy\orm\session.py:2249: in _execute_internal
    result: Result[Any] = compile_state_cls.orm_execute_statement(
.venv\Lib\site-packages\sqlalchemy\orm\context.py:306: in orm_execute_statement
    result = conn.execute(
.venv\Lib\site-packages\sqlalchemy\engine\base.py:1419: in execute
    return meth(
.venv\Lib\site-packages\sqlalchemy\sql\elements.py:527: in _execute_on_connection
    return connection._execute_clauseelement(
.venv\Lib\site-packages\sqlalchemy\engine\base.py:1633: in _execute_clauseelement
    compiled_sql, extracted_params, cache_hit = elem._compile_w_cache(
.venv\Lib\site-packages\sqlalchemy\sql\elements.py:716: in _compile_w_cache
    compiled_sql = self._compiler(
.venv\Lib\site-packages\sqlalchemy\sql\elements.py:324: in _compiler
    return dialect.statement_compiler(dialect, self, **kw)
           ^^^^^^^^^^^^^^^^^^^^^^^^^^^^^^^^^^^^^^^^^^^^^^^
.venv\Lib\site-packages\sqlalchemy\sql\compiler.py:1461: in __init__
    Compiled.__init__(self, dialect, statement, **kwargs)
.venv\Lib\site-packages\sqlalchemy\sql\compiler.py:901: in __init__
    self.string = self.process(self.statement, **compile_kwargs)
                  ^^^^^^^^^^^^^^^^^^^^^^^^^^^^^^^^^^^^^^^^^^^^^^
.venv\Lib\site-packages\sqlalchemy\sql\compiler.py:947: in process
    return obj._compiler_dispatch(self, **kwargs)
           ^^^^^^^^^^^^^^^^^^^^^^^^^^^^^^^^^^^^^^
.venv\Lib\site-packages\sqlalchemy\sql\visitors.py:138: in _compiler_dispatch
    return meth(self, **kw)  # type: ignore  # noqa: E501
           ^^^^^^^^^^^^^^^^
.venv\Lib\site-packages\sqlalchemy\sql\compiler.py:4807: in visit_select
    compile_state = select_stmt._compile_state_factory(
.venv\Lib\site-packages\sqlalchemy\sql\base.py:775: in create_for_statement
    return klass.create_for_statement(statement, compiler, **kw)
           ^^^^^^^^^^^^^^^^^^^^^^^^^^^^^^^^^^^^^^^^^^^^^^^^^^^^^
.venv\Lib\site-packages\sqlalchemy\orm\context.py:447: in create_for_statement
    return cls._create_orm_context(
.venv\Lib\site-packages\sqlalchemy\orm\context.py:1175: in _create_orm_context
    _QueryEntity.to_compile_state(
.venv\Lib\site-packages\sqlalchemy\orm\context.py:2628: in to_compile_state
    _MapperEntity(
.venv\Lib\site-packages\sqlalchemy\orm\context.py:2708: in __init__
    entity._post_inspect
.venv\Lib\site-packages\sqlalchemy\util\langhelpers.py:1235: in __get__
    obj.__dict__[self.__name__] = result = self.fget(obj)
                                           ^^^^^^^^^^^^^^
.venv\Lib\site-packages\sqlalchemy\orm\mapper.py:2733: in _post_inspect
    self._check_configure()
.venv\Lib\site-packages\sqlalchemy\orm\mapper.py:2410: in _check_configure
    _configure_registries({self.registry}, cascade=True)
.venv\Lib\site-packages\sqlalchemy\orm\mapper.py:4227: in _configure_registries
    _do_configure_registries(registries, cascade)
.venv\Lib\site-packages\sqlalchemy\orm\mapper.py:4264: in _do_configure_registries
    raise e
E   sqlalchemy.exc.InvalidRequestError: One or more mappers failed to initialize - can't proceed with initialization of other mappers. Triggering mapper: 'Mapper[CuratedQuery(curated_query)]'. Original exception was: When initializing mapper Mapper[CuratedQuery(curated_query)], expression 'RawQuery | None' failed to locate a name ('RawQuery | None'). If this is a class name, consider adding this relationship() to the <class 'api.models.CuratedQuery'> class after both dependent classes have been defined.
__ ERROR at setup of TestAdminRegister.test_duplicate_username_rejected_400 ___
.venv\Lib\site-packages\pytest_asyncio\plugin.py:458: in setup
    return super().setup()
           ^^^^^^^^^^^^^^^
tests\conftest.py:134: in _admin_user
    asyncio.run(_create())
..\..\AppData\Roaming\uv\python\cpython-3.14.2-windows-x86_64-none\Lib\asyncio\runners.py:204: in run
    return runner.run(main)
           ^^^^^^^^^^^^^^^^
..\..\AppData\Roaming\uv\python\cpython-3.14.2-windows-x86_64-none\Lib\asyncio\runners.py:127: in run
    return self._loop.run_until_complete(task)
           ^^^^^^^^^^^^^^^^^^^^^^^^^^^^^^^^^^^
..\..\AppData\Roaming\uv\python\cpython-3.14.2-windows-x86_64-none\Lib\asyncio\base_events.py:719: in run_until_complete
    return future.result()
           ^^^^^^^^^^^^^^^
tests\conftest.py:121: in _create
    await session.exec(select(User).where(User.username == "testadmin"))
.venv\Lib\site-packages\sqlmodel\ext\asyncio\session.py:89: in exec
    result = await greenlet_spawn(
.venv\Lib\site-packages\sqlalchemy\util\_concurrency_py3k.py:203: in greenlet_spawn
    result = context.switch(value)
             ^^^^^^^^^^^^^^^^^^^^^
.venv\Lib\site-packages\sqlmodel\orm\session.py:75: in exec
    results = super().execute(
.venv\Lib\site-packages\sqlalchemy\orm\session.py:2351: in execute
    return self._execute_internal(
.venv\Lib\site-packages\sqlalchemy\orm\session.py:2249: in _execute_internal
    result: Result[Any] = compile_state_cls.orm_execute_statement(
.venv\Lib\site-packages\sqlalchemy\orm\context.py:306: in orm_execute_statement
    result = conn.execute(
.venv\Lib\site-packages\sqlalchemy\engine\base.py:1419: in execute
    return meth(
.venv\Lib\site-packages\sqlalchemy\sql\elements.py:527: in _execute_on_connection
    return connection._execute_clauseelement(
.venv\Lib\site-packages\sqlalchemy\engine\base.py:1633: in _execute_clauseelement
    compiled_sql, extracted_params, cache_hit = elem._compile_w_cache(
.venv\Lib\site-packages\sqlalchemy\sql\elements.py:716: in _compile_w_cache
    compiled_sql = self._compiler(
.venv\Lib\site-packages\sqlalchemy\sql\elements.py:324: in _compiler
    return dialect.statement_compiler(dialect, self, **kw)
           ^^^^^^^^^^^^^^^^^^^^^^^^^^^^^^^^^^^^^^^^^^^^^^^
.venv\Lib\site-packages\sqlalchemy\sql\compiler.py:1461: in __init__
    Compiled.__init__(self, dialect, statement, **kwargs)
.venv\Lib\site-packages\sqlalchemy\sql\compiler.py:901: in __init__
    self.string = self.process(self.statement, **compile_kwargs)
                  ^^^^^^^^^^^^^^^^^^^^^^^^^^^^^^^^^^^^^^^^^^^^^^
.venv\Lib\site-packages\sqlalchemy\sql\compiler.py:947: in process
    return obj._compiler_dispatch(self, **kwargs)
           ^^^^^^^^^^^^^^^^^^^^^^^^^^^^^^^^^^^^^^
.venv\Lib\site-packages\sqlalchemy\sql\visitors.py:138: in _compiler_dispatch
    return meth(self, **kw)  # type: ignore  # noqa: E501
           ^^^^^^^^^^^^^^^^
.venv\Lib\site-packages\sqlalchemy\sql\compiler.py:4807: in visit_select
    compile_state = select_stmt._compile_state_factory(
.venv\Lib\site-packages\sqlalchemy\sql\base.py:775: in create_for_statement
    return klass.create_for_statement(statement, compiler, **kw)
           ^^^^^^^^^^^^^^^^^^^^^^^^^^^^^^^^^^^^^^^^^^^^^^^^^^^^^
.venv\Lib\site-packages\sqlalchemy\orm\context.py:447: in create_for_statement
    return cls._create_orm_context(
.venv\Lib\site-packages\sqlalchemy\orm\context.py:1175: in _create_orm_context
    _QueryEntity.to_compile_state(
.venv\Lib\site-packages\sqlalchemy\orm\context.py:2628: in to_compile_state
    _MapperEntity(
.venv\Lib\site-packages\sqlalchemy\orm\context.py:2708: in __init__
    entity._post_inspect
.venv\Lib\site-packages\sqlalchemy\util\langhelpers.py:1235: in __get__
    obj.__dict__[self.__name__] = result = self.fget(obj)
                                           ^^^^^^^^^^^^^^
.venv\Lib\site-packages\sqlalchemy\orm\mapper.py:2733: in _post_inspect
    self._check_configure()
.venv\Lib\site-packages\sqlalchemy\orm\mapper.py:2410: in _check_configure
    _configure_registries({self.registry}, cascade=True)
.venv\Lib\site-packages\sqlalchemy\orm\mapper.py:4227: in _configure_registries
    _do_configure_registries(registries, cascade)
.venv\Lib\site-packages\sqlalchemy\orm\mapper.py:4264: in _do_configure_registries
    raise e
E   sqlalchemy.exc.InvalidRequestError: One or more mappers failed to initialize - can't proceed with initialization of other mappers. Triggering mapper: 'Mapper[CuratedQuery(curated_query)]'. Original exception was: When initializing mapper Mapper[CuratedQuery(curated_query)], expression 'RawQuery | None' failed to locate a name ('RawQuery | None'). If this is a class name, consider adding this relationship() to the <class 'api.models.CuratedQuery'> class after both dependent classes have been defined.
_______ ERROR at setup of TestAdminRegister.test_default_role_is_viewer _______
.venv\Lib\site-packages\pytest_asyncio\plugin.py:458: in setup
    return super().setup()
           ^^^^^^^^^^^^^^^
tests\conftest.py:134: in _admin_user
    asyncio.run(_create())
..\..\AppData\Roaming\uv\python\cpython-3.14.2-windows-x86_64-none\Lib\asyncio\runners.py:204: in run
    return runner.run(main)
           ^^^^^^^^^^^^^^^^
..\..\AppData\Roaming\uv\python\cpython-3.14.2-windows-x86_64-none\Lib\asyncio\runners.py:127: in run
    return self._loop.run_until_complete(task)
           ^^^^^^^^^^^^^^^^^^^^^^^^^^^^^^^^^^^
..\..\AppData\Roaming\uv\python\cpython-3.14.2-windows-x86_64-none\Lib\asyncio\base_events.py:719: in run_until_complete
    return future.result()
           ^^^^^^^^^^^^^^^
tests\conftest.py:121: in _create
    await session.exec(select(User).where(User.username == "testadmin"))
.venv\Lib\site-packages\sqlmodel\ext\asyncio\session.py:89: in exec
    result = await greenlet_spawn(
.venv\Lib\site-packages\sqlalchemy\util\_concurrency_py3k.py:203: in greenlet_spawn
    result = context.switch(value)
             ^^^^^^^^^^^^^^^^^^^^^
.venv\Lib\site-packages\sqlmodel\orm\session.py:75: in exec
    results = super().execute(
.venv\Lib\site-packages\sqlalchemy\orm\session.py:2351: in execute
    return self._execute_internal(
.venv\Lib\site-packages\sqlalchemy\orm\session.py:2249: in _execute_internal
    result: Result[Any] = compile_state_cls.orm_execute_statement(
.venv\Lib\site-packages\sqlalchemy\orm\context.py:306: in orm_execute_statement
    result = conn.execute(
.venv\Lib\site-packages\sqlalchemy\engine\base.py:1419: in execute
    return meth(
.venv\Lib\site-packages\sqlalchemy\sql\elements.py:527: in _execute_on_connection
    return connection._execute_clauseelement(
.venv\Lib\site-packages\sqlalchemy\engine\base.py:1633: in _execute_clauseelement
    compiled_sql, extracted_params, cache_hit = elem._compile_w_cache(
.venv\Lib\site-packages\sqlalchemy\sql\elements.py:716: in _compile_w_cache
    compiled_sql = self._compiler(
.venv\Lib\site-packages\sqlalchemy\sql\elements.py:324: in _compiler
    return dialect.statement_compiler(dialect, self, **kw)
           ^^^^^^^^^^^^^^^^^^^^^^^^^^^^^^^^^^^^^^^^^^^^^^^
.venv\Lib\site-packages\sqlalchemy\sql\compiler.py:1461: in __init__
    Compiled.__init__(self, dialect, statement, **kwargs)
.venv\Lib\site-packages\sqlalchemy\sql\compiler.py:901: in __init__
    self.string = self.process(self.statement, **compile_kwargs)
                  ^^^^^^^^^^^^^^^^^^^^^^^^^^^^^^^^^^^^^^^^^^^^^^
.venv\Lib\site-packages\sqlalchemy\sql\compiler.py:947: in process
    return obj._compiler_dispatch(self, **kwargs)
           ^^^^^^^^^^^^^^^^^^^^^^^^^^^^^^^^^^^^^^
.venv\Lib\site-packages\sqlalchemy\sql\visitors.py:138: in _compiler_dispatch
    return meth(self, **kw)  # type: ignore  # noqa: E501
           ^^^^^^^^^^^^^^^^
.venv\Lib\site-packages\sqlalchemy\sql\compiler.py:4807: in visit_select
    compile_state = select_stmt._compile_state_factory(
.venv\Lib\site-packages\sqlalchemy\sql\base.py:775: in create_for_statement
    return klass.create_for_statement(statement, compiler, **kw)
           ^^^^^^^^^^^^^^^^^^^^^^^^^^^^^^^^^^^^^^^^^^^^^^^^^^^^^
.venv\Lib\site-packages\sqlalchemy\orm\context.py:447: in create_for_statement
    return cls._create_orm_context(
.venv\Lib\site-packages\sqlalchemy\orm\context.py:1175: in _create_orm_context
    _QueryEntity.to_compile_state(
.venv\Lib\site-packages\sqlalchemy\orm\context.py:2628: in to_compile_state
    _MapperEntity(
.venv\Lib\site-packages\sqlalchemy\orm\context.py:2708: in __init__
    entity._post_inspect
.venv\Lib\site-packages\sqlalchemy\util\langhelpers.py:1235: in __get__
    obj.__dict__[self.__name__] = result = self.fget(obj)
                                           ^^^^^^^^^^^^^^
.venv\Lib\site-packages\sqlalchemy\orm\mapper.py:2733: in _post_inspect
    self._check_configure()
.venv\Lib\site-packages\sqlalchemy\orm\mapper.py:2410: in _check_configure
    _configure_registries({self.registry}, cascade=True)
.venv\Lib\site-packages\sqlalchemy\orm\mapper.py:4227: in _configure_registries
    _do_configure_registries(registries, cascade)
.venv\Lib\site-packages\sqlalchemy\orm\mapper.py:4264: in _do_configure_registries
    raise e
E   sqlalchemy.exc.InvalidRequestError: One or more mappers failed to initialize - can't proceed with initialization of other mappers. Triggering mapper: 'Mapper[CuratedQuery(curated_query)]'. Original exception was: When initializing mapper Mapper[CuratedQuery(curated_query)], expression 'RawQuery | None' failed to locate a name ('RawQuery | None'). If this is a class name, consider adding this relationship() to the <class 'api.models.CuratedQuery'> class after both dependent classes have been defined.
________ ERROR at setup of TestDeleteUser.test_delete_nonexistent_404 _________
.venv\Lib\site-packages\pytest_asyncio\plugin.py:458: in setup
    return super().setup()
           ^^^^^^^^^^^^^^^
tests\conftest.py:134: in _admin_user
    asyncio.run(_create())
..\..\AppData\Roaming\uv\python\cpython-3.14.2-windows-x86_64-none\Lib\asyncio\runners.py:204: in run
    return runner.run(main)
           ^^^^^^^^^^^^^^^^
..\..\AppData\Roaming\uv\python\cpython-3.14.2-windows-x86_64-none\Lib\asyncio\runners.py:127: in run
    return self._loop.run_until_complete(task)
           ^^^^^^^^^^^^^^^^^^^^^^^^^^^^^^^^^^^
..\..\AppData\Roaming\uv\python\cpython-3.14.2-windows-x86_64-none\Lib\asyncio\base_events.py:719: in run_until_complete
    return future.result()
           ^^^^^^^^^^^^^^^
tests\conftest.py:121: in _create
    await session.exec(select(User).where(User.username == "testadmin"))
.venv\Lib\site-packages\sqlmodel\ext\asyncio\session.py:89: in exec
    result = await greenlet_spawn(
.venv\Lib\site-packages\sqlalchemy\util\_concurrency_py3k.py:203: in greenlet_spawn
    result = context.switch(value)
             ^^^^^^^^^^^^^^^^^^^^^
.venv\Lib\site-packages\sqlmodel\orm\session.py:75: in exec
    results = super().execute(
.venv\Lib\site-packages\sqlalchemy\orm\session.py:2351: in execute
    return self._execute_internal(
.venv\Lib\site-packages\sqlalchemy\orm\session.py:2249: in _execute_internal
    result: Result[Any] = compile_state_cls.orm_execute_statement(
.venv\Lib\site-packages\sqlalchemy\orm\context.py:306: in orm_execute_statement
    result = conn.execute(
.venv\Lib\site-packages\sqlalchemy\engine\base.py:1419: in execute
    return meth(
.venv\Lib\site-packages\sqlalchemy\sql\elements.py:527: in _execute_on_connection
    return connection._execute_clauseelement(
.venv\Lib\site-packages\sqlalchemy\engine\base.py:1633: in _execute_clauseelement
    compiled_sql, extracted_params, cache_hit = elem._compile_w_cache(
.venv\Lib\site-packages\sqlalchemy\sql\elements.py:716: in _compile_w_cache
    compiled_sql = self._compiler(
.venv\Lib\site-packages\sqlalchemy\sql\elements.py:324: in _compiler
    return dialect.statement_compiler(dialect, self, **kw)
           ^^^^^^^^^^^^^^^^^^^^^^^^^^^^^^^^^^^^^^^^^^^^^^^
.venv\Lib\site-packages\sqlalchemy\sql\compiler.py:1461: in __init__
    Compiled.__init__(self, dialect, statement, **kwargs)
.venv\Lib\site-packages\sqlalchemy\sql\compiler.py:901: in __init__
    self.string = self.process(self.statement, **compile_kwargs)
                  ^^^^^^^^^^^^^^^^^^^^^^^^^^^^^^^^^^^^^^^^^^^^^^
.venv\Lib\site-packages\sqlalchemy\sql\compiler.py:947: in process
    return obj._compiler_dispatch(self, **kwargs)
           ^^^^^^^^^^^^^^^^^^^^^^^^^^^^^^^^^^^^^^
.venv\Lib\site-packages\sqlalchemy\sql\visitors.py:138: in _compiler_dispatch
    return meth(self, **kw)  # type: ignore  # noqa: E501
           ^^^^^^^^^^^^^^^^
.venv\Lib\site-packages\sqlalchemy\sql\compiler.py:4807: in visit_select
    compile_state = select_stmt._compile_state_factory(
.venv\Lib\site-packages\sqlalchemy\sql\base.py:775: in create_for_statement
    return klass.create_for_statement(statement, compiler, **kw)
           ^^^^^^^^^^^^^^^^^^^^^^^^^^^^^^^^^^^^^^^^^^^^^^^^^^^^^
.venv\Lib\site-packages\sqlalchemy\orm\context.py:447: in create_for_statement
    return cls._create_orm_context(
.venv\Lib\site-packages\sqlalchemy\orm\context.py:1175: in _create_orm_context
    _QueryEntity.to_compile_state(
.venv\Lib\site-packages\sqlalchemy\orm\context.py:2628: in to_compile_state
    _MapperEntity(
.venv\Lib\site-packages\sqlalchemy\orm\context.py:2708: in __init__
    entity._post_inspect
.venv\Lib\site-packages\sqlalchemy\util\langhelpers.py:1235: in __get__
    obj.__dict__[self.__name__] = result = self.fget(obj)
                                           ^^^^^^^^^^^^^^
.venv\Lib\site-packages\sqlalchemy\orm\mapper.py:2733: in _post_inspect
    self._check_configure()
.venv\Lib\site-packages\sqlalchemy\orm\mapper.py:2410: in _check_configure
    _configure_registries({self.registry}, cascade=True)
.venv\Lib\site-packages\sqlalchemy\orm\mapper.py:4227: in _configure_registries
    _do_configure_registries(registries, cascade)
.venv\Lib\site-packages\sqlalchemy\orm\mapper.py:4264: in _do_configure_registries
    raise e
E   sqlalchemy.exc.InvalidRequestError: One or more mappers failed to initialize - can't proceed with initialization of other mappers. Triggering mapper: 'Mapper[CuratedQuery(curated_query)]'. Original exception was: When initializing mapper Mapper[CuratedQuery(curated_query)], expression 'RawQuery | None' failed to locate a name ('RawQuery | None'). If this is a class name, consider adding this relationship() to the <class 'api.models.CuratedQuery'> class after both dependent classes have been defined.
_______ ERROR at setup of TestDeleteUser.test_cannot_delete_own_account _______
.venv\Lib\site-packages\pytest_asyncio\plugin.py:458: in setup
    return super().setup()
           ^^^^^^^^^^^^^^^
tests\conftest.py:134: in _admin_user
    asyncio.run(_create())
..\..\AppData\Roaming\uv\python\cpython-3.14.2-windows-x86_64-none\Lib\asyncio\runners.py:204: in run
    return runner.run(main)
           ^^^^^^^^^^^^^^^^
..\..\AppData\Roaming\uv\python\cpython-3.14.2-windows-x86_64-none\Lib\asyncio\runners.py:127: in run
    return self._loop.run_until_complete(task)
           ^^^^^^^^^^^^^^^^^^^^^^^^^^^^^^^^^^^
..\..\AppData\Roaming\uv\python\cpython-3.14.2-windows-x86_64-none\Lib\asyncio\base_events.py:719: in run_until_complete
    return future.result()
           ^^^^^^^^^^^^^^^
tests\conftest.py:121: in _create
    await session.exec(select(User).where(User.username == "testadmin"))
.venv\Lib\site-packages\sqlmodel\ext\asyncio\session.py:89: in exec
    result = await greenlet_spawn(
.venv\Lib\site-packages\sqlalchemy\util\_concurrency_py3k.py:203: in greenlet_spawn
    result = context.switch(value)
             ^^^^^^^^^^^^^^^^^^^^^
.venv\Lib\site-packages\sqlmodel\orm\session.py:75: in exec
    results = super().execute(
.venv\Lib\site-packages\sqlalchemy\orm\session.py:2351: in execute
    return self._execute_internal(
.venv\Lib\site-packages\sqlalchemy\orm\session.py:2249: in _execute_internal
    result: Result[Any] = compile_state_cls.orm_execute_statement(
.venv\Lib\site-packages\sqlalchemy\orm\context.py:306: in orm_execute_statement
    result = conn.execute(
.venv\Lib\site-packages\sqlalchemy\engine\base.py:1419: in execute
    return meth(
.venv\Lib\site-packages\sqlalchemy\sql\elements.py:527: in _execute_on_connection
    return connection._execute_clauseelement(
.venv\Lib\site-packages\sqlalchemy\engine\base.py:1633: in _execute_clauseelement
    compiled_sql, extracted_params, cache_hit = elem._compile_w_cache(
.venv\Lib\site-packages\sqlalchemy\sql\elements.py:716: in _compile_w_cache
    compiled_sql = self._compiler(
.venv\Lib\site-packages\sqlalchemy\sql\elements.py:324: in _compiler
    return dialect.statement_compiler(dialect, self, **kw)
           ^^^^^^^^^^^^^^^^^^^^^^^^^^^^^^^^^^^^^^^^^^^^^^^
.venv\Lib\site-packages\sqlalchemy\sql\compiler.py:1461: in __init__
    Compiled.__init__(self, dialect, statement, **kwargs)
.venv\Lib\site-packages\sqlalchemy\sql\compiler.py:901: in __init__
    self.string = self.process(self.statement, **compile_kwargs)
                  ^^^^^^^^^^^^^^^^^^^^^^^^^^^^^^^^^^^^^^^^^^^^^^
.venv\Lib\site-packages\sqlalchemy\sql\compiler.py:947: in process
    return obj._compiler_dispatch(self, **kwargs)
           ^^^^^^^^^^^^^^^^^^^^^^^^^^^^^^^^^^^^^^
.venv\Lib\site-packages\sqlalchemy\sql\visitors.py:138: in _compiler_dispatch
    return meth(self, **kw)  # type: ignore  # noqa: E501
           ^^^^^^^^^^^^^^^^
.venv\Lib\site-packages\sqlalchemy\sql\compiler.py:4807: in visit_select
    compile_state = select_stmt._compile_state_factory(
.venv\Lib\site-packages\sqlalchemy\sql\base.py:775: in create_for_statement
    return klass.create_for_statement(statement, compiler, **kw)
           ^^^^^^^^^^^^^^^^^^^^^^^^^^^^^^^^^^^^^^^^^^^^^^^^^^^^^
.venv\Lib\site-packages\sqlalchemy\orm\context.py:447: in create_for_statement
    return cls._create_orm_context(
.venv\Lib\site-packages\sqlalchemy\orm\context.py:1175: in _create_orm_context
    _QueryEntity.to_compile_state(
.venv\Lib\site-packages\sqlalchemy\orm\context.py:2628: in to_compile_state
    _MapperEntity(
.venv\Lib\site-packages\sqlalchemy\orm\context.py:2708: in __init__
    entity._post_inspect
.venv\Lib\site-packages\sqlalchemy\util\langhelpers.py:1235: in __get__
    obj.__dict__[self.__name__] = result = self.fget(obj)
                                           ^^^^^^^^^^^^^^
.venv\Lib\site-packages\sqlalchemy\orm\mapper.py:2733: in _post_inspect
    self._check_configure()
.venv\Lib\site-packages\sqlalchemy\orm\mapper.py:2410: in _check_configure
    _configure_registries({self.registry}, cascade=True)
.venv\Lib\site-packages\sqlalchemy\orm\mapper.py:4227: in _configure_registries
    _do_configure_registries(registries, cascade)
.venv\Lib\site-packages\sqlalchemy\orm\mapper.py:4264: in _do_configure_registries
    raise e
E   sqlalchemy.exc.InvalidRequestError: One or more mappers failed to initialize - can't proceed with initialization of other mappers. Triggering mapper: 'Mapper[CuratedQuery(curated_query)]'. Original exception was: When initializing mapper Mapper[CuratedQuery(curated_query)], expression 'RawQuery | None' failed to locate a name ('RawQuery | None'). If this is a class name, consider adding this relationship() to the <class 'api.models.CuratedQuery'> class after both dependent classes have been defined.
_____ ERROR at setup of TestDeleteUser.test_admin_can_delete_another_user _____
.venv\Lib\site-packages\pytest_asyncio\plugin.py:458: in setup
    return super().setup()
           ^^^^^^^^^^^^^^^
tests\conftest.py:134: in _admin_user
    asyncio.run(_create())
..\..\AppData\Roaming\uv\python\cpython-3.14.2-windows-x86_64-none\Lib\asyncio\runners.py:204: in run
    return runner.run(main)
           ^^^^^^^^^^^^^^^^
..\..\AppData\Roaming\uv\python\cpython-3.14.2-windows-x86_64-none\Lib\asyncio\runners.py:127: in run
    return self._loop.run_until_complete(task)
           ^^^^^^^^^^^^^^^^^^^^^^^^^^^^^^^^^^^
..\..\AppData\Roaming\uv\python\cpython-3.14.2-windows-x86_64-none\Lib\asyncio\base_events.py:719: in run_until_complete
    return future.result()
           ^^^^^^^^^^^^^^^
tests\conftest.py:121: in _create
    await session.exec(select(User).where(User.username == "testadmin"))
.venv\Lib\site-packages\sqlmodel\ext\asyncio\session.py:89: in exec
    result = await greenlet_spawn(
.venv\Lib\site-packages\sqlalchemy\util\_concurrency_py3k.py:203: in greenlet_spawn
    result = context.switch(value)
             ^^^^^^^^^^^^^^^^^^^^^
.venv\Lib\site-packages\sqlmodel\orm\session.py:75: in exec
    results = super().execute(
.venv\Lib\site-packages\sqlalchemy\orm\session.py:2351: in execute
    return self._execute_internal(
.venv\Lib\site-packages\sqlalchemy\orm\session.py:2249: in _execute_internal
    result: Result[Any] = compile_state_cls.orm_execute_statement(
.venv\Lib\site-packages\sqlalchemy\orm\context.py:306: in orm_execute_statement
    result = conn.execute(
.venv\Lib\site-packages\sqlalchemy\engine\base.py:1419: in execute
    return meth(
.venv\Lib\site-packages\sqlalchemy\sql\elements.py:527: in _execute_on_connection
    return connection._execute_clauseelement(
.venv\Lib\site-packages\sqlalchemy\engine\base.py:1633: in _execute_clauseelement
    compiled_sql, extracted_params, cache_hit = elem._compile_w_cache(
.venv\Lib\site-packages\sqlalchemy\sql\elements.py:716: in _compile_w_cache
    compiled_sql = self._compiler(
.venv\Lib\site-packages\sqlalchemy\sql\elements.py:324: in _compiler
    return dialect.statement_compiler(dialect, self, **kw)
           ^^^^^^^^^^^^^^^^^^^^^^^^^^^^^^^^^^^^^^^^^^^^^^^
.venv\Lib\site-packages\sqlalchemy\sql\compiler.py:1461: in __init__
    Compiled.__init__(self, dialect, statement, **kwargs)
.venv\Lib\site-packages\sqlalchemy\sql\compiler.py:901: in __init__
    self.string = self.process(self.statement, **compile_kwargs)
                  ^^^^^^^^^^^^^^^^^^^^^^^^^^^^^^^^^^^^^^^^^^^^^^
.venv\Lib\site-packages\sqlalchemy\sql\compiler.py:947: in process
    return obj._compiler_dispatch(self, **kwargs)
           ^^^^^^^^^^^^^^^^^^^^^^^^^^^^^^^^^^^^^^
.venv\Lib\site-packages\sqlalchemy\sql\visitors.py:138: in _compiler_dispatch
    return meth(self, **kw)  # type: ignore  # noqa: E501
           ^^^^^^^^^^^^^^^^
.venv\Lib\site-packages\sqlalchemy\sql\compiler.py:4807: in visit_select
    compile_state = select_stmt._compile_state_factory(
.venv\Lib\site-packages\sqlalchemy\sql\base.py:775: in create_for_statement
    return klass.create_for_statement(statement, compiler, **kw)
           ^^^^^^^^^^^^^^^^^^^^^^^^^^^^^^^^^^^^^^^^^^^^^^^^^^^^^
.venv\Lib\site-packages\sqlalchemy\orm\context.py:447: in create_for_statement
    return cls._create_orm_context(
.venv\Lib\site-packages\sqlalchemy\orm\context.py:1175: in _create_orm_context
    _QueryEntity.to_compile_state(
.venv\Lib\site-packages\sqlalchemy\orm\context.py:2628: in to_compile_state
    _MapperEntity(
.venv\Lib\site-packages\sqlalchemy\orm\context.py:2708: in __init__
    entity._post_inspect
.venv\Lib\site-packages\sqlalchemy\util\langhelpers.py:1235: in __get__
    obj.__dict__[self.__name__] = result = self.fget(obj)
                                           ^^^^^^^^^^^^^^
.venv\Lib\site-packages\sqlalchemy\orm\mapper.py:2733: in _post_inspect
    self._check_configure()
.venv\Lib\site-packages\sqlalchemy\orm\mapper.py:2410: in _check_configure
    _configure_registries({self.registry}, cascade=True)
.venv\Lib\site-packages\sqlalchemy\orm\mapper.py:4227: in _configure_registries
    _do_configure_registries(registries, cascade)
.venv\Lib\site-packages\sqlalchemy\orm\mapper.py:4264: in _do_configure_registries
    raise e
E   sqlalchemy.exc.InvalidRequestError: One or more mappers failed to initialize - can't proceed with initialization of other mappers. Triggering mapper: 'Mapper[CuratedQuery(curated_query)]'. Original exception was: When initializing mapper Mapper[CuratedQuery(curated_query)], expression 'RawQuery | None' failed to locate a name ('RawQuery | None'). If this is a class name, consider adding this relationship() to the <class 'api.models.CuratedQuery'> class after both dependent classes have been defined.
_______ ERROR at setup of TestDeleteUser.test_deleted_user_not_in_list ________
.venv\Lib\site-packages\pytest_asyncio\plugin.py:458: in setup
    return super().setup()
           ^^^^^^^^^^^^^^^
tests\conftest.py:134: in _admin_user
    asyncio.run(_create())
..\..\AppData\Roaming\uv\python\cpython-3.14.2-windows-x86_64-none\Lib\asyncio\runners.py:204: in run
    return runner.run(main)
           ^^^^^^^^^^^^^^^^
..\..\AppData\Roaming\uv\python\cpython-3.14.2-windows-x86_64-none\Lib\asyncio\runners.py:127: in run
    return self._loop.run_until_complete(task)
           ^^^^^^^^^^^^^^^^^^^^^^^^^^^^^^^^^^^
..\..\AppData\Roaming\uv\python\cpython-3.14.2-windows-x86_64-none\Lib\asyncio\base_events.py:719: in run_until_complete
    return future.result()
           ^^^^^^^^^^^^^^^
tests\conftest.py:121: in _create
    await session.exec(select(User).where(User.username == "testadmin"))
.venv\Lib\site-packages\sqlmodel\ext\asyncio\session.py:89: in exec
    result = await greenlet_spawn(
.venv\Lib\site-packages\sqlalchemy\util\_concurrency_py3k.py:203: in greenlet_spawn
    result = context.switch(value)
             ^^^^^^^^^^^^^^^^^^^^^
.venv\Lib\site-packages\sqlmodel\orm\session.py:75: in exec
    results = super().execute(
.venv\Lib\site-packages\sqlalchemy\orm\session.py:2351: in execute
    return self._execute_internal(
.venv\Lib\site-packages\sqlalchemy\orm\session.py:2249: in _execute_internal
    result: Result[Any] = compile_state_cls.orm_execute_statement(
.venv\Lib\site-packages\sqlalchemy\orm\context.py:306: in orm_execute_statement
    result = conn.execute(
.venv\Lib\site-packages\sqlalchemy\engine\base.py:1419: in execute
    return meth(
.venv\Lib\site-packages\sqlalchemy\sql\elements.py:527: in _execute_on_connection
    return connection._execute_clauseelement(
.venv\Lib\site-packages\sqlalchemy\engine\base.py:1633: in _execute_clauseelement
    compiled_sql, extracted_params, cache_hit = elem._compile_w_cache(
.venv\Lib\site-packages\sqlalchemy\sql\elements.py:716: in _compile_w_cache
    compiled_sql = self._compiler(
.venv\Lib\site-packages\sqlalchemy\sql\elements.py:324: in _compiler
    return dialect.statement_compiler(dialect, self, **kw)
           ^^^^^^^^^^^^^^^^^^^^^^^^^^^^^^^^^^^^^^^^^^^^^^^
.venv\Lib\site-packages\sqlalchemy\sql\compiler.py:1461: in __init__
    Compiled.__init__(self, dialect, statement, **kwargs)
.venv\Lib\site-packages\sqlalchemy\sql\compiler.py:901: in __init__
    self.string = self.process(self.statement, **compile_kwargs)
                  ^^^^^^^^^^^^^^^^^^^^^^^^^^^^^^^^^^^^^^^^^^^^^^
.venv\Lib\site-packages\sqlalchemy\sql\compiler.py:947: in process
    return obj._compiler_dispatch(self, **kwargs)
           ^^^^^^^^^^^^^^^^^^^^^^^^^^^^^^^^^^^^^^
.venv\Lib\site-packages\sqlalchemy\sql\visitors.py:138: in _compiler_dispatch
    return meth(self, **kw)  # type: ignore  # noqa: E501
           ^^^^^^^^^^^^^^^^
.venv\Lib\site-packages\sqlalchemy\sql\compiler.py:4807: in visit_select
    compile_state = select_stmt._compile_state_factory(
.venv\Lib\site-packages\sqlalchemy\sql\base.py:775: in create_for_statement
    return klass.create_for_statement(statement, compiler, **kw)
           ^^^^^^^^^^^^^^^^^^^^^^^^^^^^^^^^^^^^^^^^^^^^^^^^^^^^^
.venv\Lib\site-packages\sqlalchemy\orm\context.py:447: in create_for_statement
    return cls._create_orm_context(
.venv\Lib\site-packages\sqlalchemy\orm\context.py:1175: in _create_orm_context
    _QueryEntity.to_compile_state(
.venv\Lib\site-packages\sqlalchemy\orm\context.py:2628: in to_compile_state
    _MapperEntity(
.venv\Lib\site-packages\sqlalchemy\orm\context.py:2708: in __init__
    entity._post_inspect
.venv\Lib\site-packages\sqlalchemy\util\langhelpers.py:1235: in __get__
    obj.__dict__[self.__name__] = result = self.fget(obj)
                                           ^^^^^^^^^^^^^^
.venv\Lib\site-packages\sqlalchemy\orm\mapper.py:2733: in _post_inspect
    self._check_configure()
.venv\Lib\site-packages\sqlalchemy\orm\mapper.py:2410: in _check_configure
    _configure_registries({self.registry}, cascade=True)
.venv\Lib\site-packages\sqlalchemy\orm\mapper.py:4227: in _configure_registries
    _do_configure_registries(registries, cascade)
.venv\Lib\site-packages\sqlalchemy\orm\mapper.py:4264: in _do_configure_registries
    raise e
E   sqlalchemy.exc.InvalidRequestError: One or more mappers failed to initialize - can't proceed with initialization of other mappers. Triggering mapper: 'Mapper[CuratedQuery(curated_query)]'. Original exception was: When initializing mapper Mapper[CuratedQuery(curated_query)], expression 'RawQuery | None' failed to locate a name ('RawQuery | None'). If this is a class name, consider adding this relationship() to the <class 'api.models.CuratedQuery'> class after both dependent classes have been defined.
___ ERROR at setup of TestUpdateMe.test_update_email_without_password_fails ___
.venv\Lib\site-packages\pytest_asyncio\plugin.py:458: in setup
    return super().setup()
           ^^^^^^^^^^^^^^^
tests\conftest.py:134: in _admin_user
    asyncio.run(_create())
..\..\AppData\Roaming\uv\python\cpython-3.14.2-windows-x86_64-none\Lib\asyncio\runners.py:204: in run
    return runner.run(main)
           ^^^^^^^^^^^^^^^^
..\..\AppData\Roaming\uv\python\cpython-3.14.2-windows-x86_64-none\Lib\asyncio\runners.py:127: in run
    return self._loop.run_until_complete(task)
           ^^^^^^^^^^^^^^^^^^^^^^^^^^^^^^^^^^^
..\..\AppData\Roaming\uv\python\cpython-3.14.2-windows-x86_64-none\Lib\asyncio\base_events.py:719: in run_until_complete
    return future.result()
           ^^^^^^^^^^^^^^^
tests\conftest.py:121: in _create
    await session.exec(select(User).where(User.username == "testadmin"))
.venv\Lib\site-packages\sqlmodel\ext\asyncio\session.py:89: in exec
    result = await greenlet_spawn(
.venv\Lib\site-packages\sqlalchemy\util\_concurrency_py3k.py:203: in greenlet_spawn
    result = context.switch(value)
             ^^^^^^^^^^^^^^^^^^^^^
.venv\Lib\site-packages\sqlmodel\orm\session.py:75: in exec
    results = super().execute(
.venv\Lib\site-packages\sqlalchemy\orm\session.py:2351: in execute
    return self._execute_internal(
.venv\Lib\site-packages\sqlalchemy\orm\session.py:2249: in _execute_internal
    result: Result[Any] = compile_state_cls.orm_execute_statement(
.venv\Lib\site-packages\sqlalchemy\orm\context.py:306: in orm_execute_statement
    result = conn.execute(
.venv\Lib\site-packages\sqlalchemy\engine\base.py:1419: in execute
    return meth(
.venv\Lib\site-packages\sqlalchemy\sql\elements.py:527: in _execute_on_connection
    return connection._execute_clauseelement(
.venv\Lib\site-packages\sqlalchemy\engine\base.py:1633: in _execute_clauseelement
    compiled_sql, extracted_params, cache_hit = elem._compile_w_cache(
.venv\Lib\site-packages\sqlalchemy\sql\elements.py:716: in _compile_w_cache
    compiled_sql = self._compiler(
.venv\Lib\site-packages\sqlalchemy\sql\elements.py:324: in _compiler
    return dialect.statement_compiler(dialect, self, **kw)
           ^^^^^^^^^^^^^^^^^^^^^^^^^^^^^^^^^^^^^^^^^^^^^^^
.venv\Lib\site-packages\sqlalchemy\sql\compiler.py:1461: in __init__
    Compiled.__init__(self, dialect, statement, **kwargs)
.venv\Lib\site-packages\sqlalchemy\sql\compiler.py:901: in __init__
    self.string = self.process(self.statement, **compile_kwargs)
                  ^^^^^^^^^^^^^^^^^^^^^^^^^^^^^^^^^^^^^^^^^^^^^^
.venv\Lib\site-packages\sqlalchemy\sql\compiler.py:947: in process
    return obj._compiler_dispatch(self, **kwargs)
           ^^^^^^^^^^^^^^^^^^^^^^^^^^^^^^^^^^^^^^
.venv\Lib\site-packages\sqlalchemy\sql\visitors.py:138: in _compiler_dispatch
    return meth(self, **kw)  # type: ignore  # noqa: E501
           ^^^^^^^^^^^^^^^^
.venv\Lib\site-packages\sqlalchemy\sql\compiler.py:4807: in visit_select
    compile_state = select_stmt._compile_state_factory(
.venv\Lib\site-packages\sqlalchemy\sql\base.py:775: in create_for_statement
    return klass.create_for_statement(statement, compiler, **kw)
           ^^^^^^^^^^^^^^^^^^^^^^^^^^^^^^^^^^^^^^^^^^^^^^^^^^^^^
.venv\Lib\site-packages\sqlalchemy\orm\context.py:447: in create_for_statement
    return cls._create_orm_context(
.venv\Lib\site-packages\sqlalchemy\orm\context.py:1175: in _create_orm_context
    _QueryEntity.to_compile_state(
.venv\Lib\site-packages\sqlalchemy\orm\context.py:2628: in to_compile_state
    _MapperEntity(
.venv\Lib\site-packages\sqlalchemy\orm\context.py:2708: in __init__
    entity._post_inspect
.venv\Lib\site-packages\sqlalchemy\util\langhelpers.py:1235: in __get__
    obj.__dict__[self.__name__] = result = self.fget(obj)
                                           ^^^^^^^^^^^^^^
.venv\Lib\site-packages\sqlalchemy\orm\mapper.py:2733: in _post_inspect
    self._check_configure()
.venv\Lib\site-packages\sqlalchemy\orm\mapper.py:2410: in _check_configure
    _configure_registries({self.registry}, cascade=True)
.venv\Lib\site-packages\sqlalchemy\orm\mapper.py:4227: in _configure_registries
    _do_configure_registries(registries, cascade)
.venv\Lib\site-packages\sqlalchemy\orm\mapper.py:4264: in _do_configure_registries
    raise e
E   sqlalchemy.exc.InvalidRequestError: One or more mappers failed to initialize - can't proceed with initialization of other mappers. Triggering mapper: 'Mapper[CuratedQuery(curated_query)]'. Original exception was: When initializing mapper Mapper[CuratedQuery(curated_query)], expression 'RawQuery | None' failed to locate a name ('RawQuery | None'). If this is a class name, consider adding this relationship() to the <class 'api.models.CuratedQuery'> class after both dependent classes have been defined.
_ ERROR at setup of TestUpdateMe.test_update_with_wrong_current_password_401 __
.venv\Lib\site-packages\pytest_asyncio\plugin.py:458: in setup
    return super().setup()
           ^^^^^^^^^^^^^^^
tests\conftest.py:134: in _admin_user
    asyncio.run(_create())
..\..\AppData\Roaming\uv\python\cpython-3.14.2-windows-x86_64-none\Lib\asyncio\runners.py:204: in run
    return runner.run(main)
           ^^^^^^^^^^^^^^^^
..\..\AppData\Roaming\uv\python\cpython-3.14.2-windows-x86_64-none\Lib\asyncio\runners.py:127: in run
    return self._loop.run_until_complete(task)
           ^^^^^^^^^^^^^^^^^^^^^^^^^^^^^^^^^^^
..\..\AppData\Roaming\uv\python\cpython-3.14.2-windows-x86_64-none\Lib\asyncio\base_events.py:719: in run_until_complete
    return future.result()
           ^^^^^^^^^^^^^^^
tests\conftest.py:121: in _create
    await session.exec(select(User).where(User.username == "testadmin"))
.venv\Lib\site-packages\sqlmodel\ext\asyncio\session.py:89: in exec
    result = await greenlet_spawn(
.venv\Lib\site-packages\sqlalchemy\util\_concurrency_py3k.py:203: in greenlet_spawn
    result = context.switch(value)
             ^^^^^^^^^^^^^^^^^^^^^
.venv\Lib\site-packages\sqlmodel\orm\session.py:75: in exec
    results = super().execute(
.venv\Lib\site-packages\sqlalchemy\orm\session.py:2351: in execute
    return self._execute_internal(
.venv\Lib\site-packages\sqlalchemy\orm\session.py:2249: in _execute_internal
    result: Result[Any] = compile_state_cls.orm_execute_statement(
.venv\Lib\site-packages\sqlalchemy\orm\context.py:306: in orm_execute_statement
    result = conn.execute(
.venv\Lib\site-packages\sqlalchemy\engine\base.py:1419: in execute
    return meth(
.venv\Lib\site-packages\sqlalchemy\sql\elements.py:527: in _execute_on_connection
    return connection._execute_clauseelement(
.venv\Lib\site-packages\sqlalchemy\engine\base.py:1633: in _execute_clauseelement
    compiled_sql, extracted_params, cache_hit = elem._compile_w_cache(
.venv\Lib\site-packages\sqlalchemy\sql\elements.py:716: in _compile_w_cache
    compiled_sql = self._compiler(
.venv\Lib\site-packages\sqlalchemy\sql\elements.py:324: in _compiler
    return dialect.statement_compiler(dialect, self, **kw)
           ^^^^^^^^^^^^^^^^^^^^^^^^^^^^^^^^^^^^^^^^^^^^^^^
.venv\Lib\site-packages\sqlalchemy\sql\compiler.py:1461: in __init__
    Compiled.__init__(self, dialect, statement, **kwargs)
.venv\Lib\site-packages\sqlalchemy\sql\compiler.py:901: in __init__
    self.string = self.process(self.statement, **compile_kwargs)
                  ^^^^^^^^^^^^^^^^^^^^^^^^^^^^^^^^^^^^^^^^^^^^^^
.venv\Lib\site-packages\sqlalchemy\sql\compiler.py:947: in process
    return obj._compiler_dispatch(self, **kwargs)
           ^^^^^^^^^^^^^^^^^^^^^^^^^^^^^^^^^^^^^^
.venv\Lib\site-packages\sqlalchemy\sql\visitors.py:138: in _compiler_dispatch
    return meth(self, **kw)  # type: ignore  # noqa: E501
           ^^^^^^^^^^^^^^^^
.venv\Lib\site-packages\sqlalchemy\sql\compiler.py:4807: in visit_select
    compile_state = select_stmt._compile_state_factory(
.venv\Lib\site-packages\sqlalchemy\sql\base.py:775: in create_for_statement
    return klass.create_for_statement(statement, compiler, **kw)
           ^^^^^^^^^^^^^^^^^^^^^^^^^^^^^^^^^^^^^^^^^^^^^^^^^^^^^
.venv\Lib\site-packages\sqlalchemy\orm\context.py:447: in create_for_statement
    return cls._create_orm_context(
.venv\Lib\site-packages\sqlalchemy\orm\context.py:1175: in _create_orm_context
    _QueryEntity.to_compile_state(
.venv\Lib\site-packages\sqlalchemy\orm\context.py:2628: in to_compile_state
    _MapperEntity(
.venv\Lib\site-packages\sqlalchemy\orm\context.py:2708: in __init__
    entity._post_inspect
.venv\Lib\site-packages\sqlalchemy\util\langhelpers.py:1235: in __get__
    obj.__dict__[self.__name__] = result = self.fget(obj)
                                           ^^^^^^^^^^^^^^
.venv\Lib\site-packages\sqlalchemy\orm\mapper.py:2733: in _post_inspect
    self._check_configure()
.venv\Lib\site-packages\sqlalchemy\orm\mapper.py:2410: in _check_configure
    _configure_registries({self.registry}, cascade=True)
.venv\Lib\site-packages\sqlalchemy\orm\mapper.py:4227: in _configure_registries
    _do_configure_registries(registries, cascade)
.venv\Lib\site-packages\sqlalchemy\orm\mapper.py:4264: in _do_configure_registries
    raise e
E   sqlalchemy.exc.InvalidRequestError: One or more mappers failed to initialize - can't proceed with initialization of other mappers. Triggering mapper: 'Mapper[CuratedQuery(curated_query)]'. Original exception was: When initializing mapper Mapper[CuratedQuery(curated_query)], expression 'RawQuery | None' failed to locate a name ('RawQuery | None'). If this is a class name, consider adding this relationship() to the <class 'api.models.CuratedQuery'> class after both dependent classes have been defined.
___________ ERROR at setup of TestUpdateMe.test_no_changes_succeeds ___________
.venv\Lib\site-packages\pytest_asyncio\plugin.py:458: in setup
    return super().setup()
           ^^^^^^^^^^^^^^^
tests\conftest.py:134: in _admin_user
    asyncio.run(_create())
..\..\AppData\Roaming\uv\python\cpython-3.14.2-windows-x86_64-none\Lib\asyncio\runners.py:204: in run
    return runner.run(main)
           ^^^^^^^^^^^^^^^^
..\..\AppData\Roaming\uv\python\cpython-3.14.2-windows-x86_64-none\Lib\asyncio\runners.py:127: in run
    return self._loop.run_until_complete(task)
           ^^^^^^^^^^^^^^^^^^^^^^^^^^^^^^^^^^^
..\..\AppData\Roaming\uv\python\cpython-3.14.2-windows-x86_64-none\Lib\asyncio\base_events.py:719: in run_until_complete
    return future.result()
           ^^^^^^^^^^^^^^^
tests\conftest.py:121: in _create
    await session.exec(select(User).where(User.username == "testadmin"))
.venv\Lib\site-packages\sqlmodel\ext\asyncio\session.py:89: in exec
    result = await greenlet_spawn(
.venv\Lib\site-packages\sqlalchemy\util\_concurrency_py3k.py:203: in greenlet_spawn
    result = context.switch(value)
             ^^^^^^^^^^^^^^^^^^^^^
.venv\Lib\site-packages\sqlmodel\orm\session.py:75: in exec
    results = super().execute(
.venv\Lib\site-packages\sqlalchemy\orm\session.py:2351: in execute
    return self._execute_internal(
.venv\Lib\site-packages\sqlalchemy\orm\session.py:2249: in _execute_internal
    result: Result[Any] = compile_state_cls.orm_execute_statement(
.venv\Lib\site-packages\sqlalchemy\orm\context.py:306: in orm_execute_statement
    result = conn.execute(
.venv\Lib\site-packages\sqlalchemy\engine\base.py:1419: in execute
    return meth(
.venv\Lib\site-packages\sqlalchemy\sql\elements.py:527: in _execute_on_connection
    return connection._execute_clauseelement(
.venv\Lib\site-packages\sqlalchemy\engine\base.py:1633: in _execute_clauseelement
    compiled_sql, extracted_params, cache_hit = elem._compile_w_cache(
.venv\Lib\site-packages\sqlalchemy\sql\elements.py:716: in _compile_w_cache
    compiled_sql = self._compiler(
.venv\Lib\site-packages\sqlalchemy\sql\elements.py:324: in _compiler
    return dialect.statement_compiler(dialect, self, **kw)
           ^^^^^^^^^^^^^^^^^^^^^^^^^^^^^^^^^^^^^^^^^^^^^^^
.venv\Lib\site-packages\sqlalchemy\sql\compiler.py:1461: in __init__
    Compiled.__init__(self, dialect, statement, **kwargs)
.venv\Lib\site-packages\sqlalchemy\sql\compiler.py:901: in __init__
    self.string = self.process(self.statement, **compile_kwargs)
                  ^^^^^^^^^^^^^^^^^^^^^^^^^^^^^^^^^^^^^^^^^^^^^^
.venv\Lib\site-packages\sqlalchemy\sql\compiler.py:947: in process
    return obj._compiler_dispatch(self, **kwargs)
           ^^^^^^^^^^^^^^^^^^^^^^^^^^^^^^^^^^^^^^
.venv\Lib\site-packages\sqlalchemy\sql\visitors.py:138: in _compiler_dispatch
    return meth(self, **kw)  # type: ignore  # noqa: E501
           ^^^^^^^^^^^^^^^^
.venv\Lib\site-packages\sqlalchemy\sql\compiler.py:4807: in visit_select
    compile_state = select_stmt._compile_state_factory(
.venv\Lib\site-packages\sqlalchemy\sql\base.py:775: in create_for_statement
    return klass.create_for_statement(statement, compiler, **kw)
           ^^^^^^^^^^^^^^^^^^^^^^^^^^^^^^^^^^^^^^^^^^^^^^^^^^^^^
.venv\Lib\site-packages\sqlalchemy\orm\context.py:447: in create_for_statement
    return cls._create_orm_context(
.venv\Lib\site-packages\sqlalchemy\orm\context.py:1175: in _create_orm_context
    _QueryEntity.to_compile_state(
.venv\Lib\site-packages\sqlalchemy\orm\context.py:2628: in to_compile_state
    _MapperEntity(
.venv\Lib\site-packages\sqlalchemy\orm\context.py:2708: in __init__
    entity._post_inspect
.venv\Lib\site-packages\sqlalchemy\util\langhelpers.py:1235: in __get__
    obj.__dict__[self.__name__] = result = self.fget(obj)
                                           ^^^^^^^^^^^^^^
.venv\Lib\site-packages\sqlalchemy\orm\mapper.py:2733: in _post_inspect
    self._check_configure()
.venv\Lib\site-packages\sqlalchemy\orm\mapper.py:2410: in _check_configure
    _configure_registries({self.registry}, cascade=True)
.venv\Lib\site-packages\sqlalchemy\orm\mapper.py:4227: in _configure_registries
    _do_configure_registries(registries, cascade)
.venv\Lib\site-packages\sqlalchemy\orm\mapper.py:4264: in _do_configure_registries
    raise e
E   sqlalchemy.exc.InvalidRequestError: One or more mappers failed to initialize - can't proceed with initialization of other mappers. Triggering mapper: 'Mapper[CuratedQuery(curated_query)]'. Original exception was: When initializing mapper Mapper[CuratedQuery(curated_query)], expression 'RawQuery | None' failed to locate a name ('RawQuery | None'). If this is a class name, consider adding this relationship() to the <class 'api.models.CuratedQuery'> class after both dependent classes have been defined.
_____ ERROR at setup of TestUpdateMe.test_update_password_for_fresh_user ______
.venv\Lib\site-packages\pytest_asyncio\plugin.py:458: in setup
    return super().setup()
           ^^^^^^^^^^^^^^^
tests\conftest.py:134: in _admin_user
    asyncio.run(_create())
..\..\AppData\Roaming\uv\python\cpython-3.14.2-windows-x86_64-none\Lib\asyncio\runners.py:204: in run
    return runner.run(main)
           ^^^^^^^^^^^^^^^^
..\..\AppData\Roaming\uv\python\cpython-3.14.2-windows-x86_64-none\Lib\asyncio\runners.py:127: in run
    return self._loop.run_until_complete(task)
           ^^^^^^^^^^^^^^^^^^^^^^^^^^^^^^^^^^^
..\..\AppData\Roaming\uv\python\cpython-3.14.2-windows-x86_64-none\Lib\asyncio\base_events.py:719: in run_until_complete
    return future.result()
           ^^^^^^^^^^^^^^^
tests\conftest.py:121: in _create
    await session.exec(select(User).where(User.username == "testadmin"))
.venv\Lib\site-packages\sqlmodel\ext\asyncio\session.py:89: in exec
    result = await greenlet_spawn(
.venv\Lib\site-packages\sqlalchemy\util\_concurrency_py3k.py:203: in greenlet_spawn
    result = context.switch(value)
             ^^^^^^^^^^^^^^^^^^^^^
.venv\Lib\site-packages\sqlmodel\orm\session.py:75: in exec
    results = super().execute(
.venv\Lib\site-packages\sqlalchemy\orm\session.py:2351: in execute
    return self._execute_internal(
.venv\Lib\site-packages\sqlalchemy\orm\session.py:2249: in _execute_internal
    result: Result[Any] = compile_state_cls.orm_execute_statement(
.venv\Lib\site-packages\sqlalchemy\orm\context.py:306: in orm_execute_statement
    result = conn.execute(
.venv\Lib\site-packages\sqlalchemy\engine\base.py:1419: in execute
    return meth(
.venv\Lib\site-packages\sqlalchemy\sql\elements.py:527: in _execute_on_connection
    return connection._execute_clauseelement(
.venv\Lib\site-packages\sqlalchemy\engine\base.py:1633: in _execute_clauseelement
    compiled_sql, extracted_params, cache_hit = elem._compile_w_cache(
.venv\Lib\site-packages\sqlalchemy\sql\elements.py:716: in _compile_w_cache
    compiled_sql = self._compiler(
.venv\Lib\site-packages\sqlalchemy\sql\elements.py:324: in _compiler
    return dialect.statement_compiler(dialect, self, **kw)
           ^^^^^^^^^^^^^^^^^^^^^^^^^^^^^^^^^^^^^^^^^^^^^^^
.venv\Lib\site-packages\sqlalchemy\sql\compiler.py:1461: in __init__
    Compiled.__init__(self, dialect, statement, **kwargs)
.venv\Lib\site-packages\sqlalchemy\sql\compiler.py:901: in __init__
    self.string = self.process(self.statement, **compile_kwargs)
                  ^^^^^^^^^^^^^^^^^^^^^^^^^^^^^^^^^^^^^^^^^^^^^^
.venv\Lib\site-packages\sqlalchemy\sql\compiler.py:947: in process
    return obj._compiler_dispatch(self, **kwargs)
           ^^^^^^^^^^^^^^^^^^^^^^^^^^^^^^^^^^^^^^
.venv\Lib\site-packages\sqlalchemy\sql\visitors.py:138: in _compiler_dispatch
    return meth(self, **kw)  # type: ignore  # noqa: E501
           ^^^^^^^^^^^^^^^^
.venv\Lib\site-packages\sqlalchemy\sql\compiler.py:4807: in visit_select
    compile_state = select_stmt._compile_state_factory(
.venv\Lib\site-packages\sqlalchemy\sql\base.py:775: in create_for_statement
    return klass.create_for_statement(statement, compiler, **kw)
           ^^^^^^^^^^^^^^^^^^^^^^^^^^^^^^^^^^^^^^^^^^^^^^^^^^^^^
.venv\Lib\site-packages\sqlalchemy\orm\context.py:447: in create_for_statement
    return cls._create_orm_context(
.venv\Lib\site-packages\sqlalchemy\orm\context.py:1175: in _create_orm_context
    _QueryEntity.to_compile_state(
.venv\Lib\site-packages\sqlalchemy\orm\context.py:2628: in to_compile_state
    _MapperEntity(
.venv\Lib\site-packages\sqlalchemy\orm\context.py:2708: in __init__
    entity._post_inspect
.venv\Lib\site-packages\sqlalchemy\util\langhelpers.py:1235: in __get__
    obj.__dict__[self.__name__] = result = self.fget(obj)
                                           ^^^^^^^^^^^^^^
.venv\Lib\site-packages\sqlalchemy\orm\mapper.py:2733: in _post_inspect
    self._check_configure()
.venv\Lib\site-packages\sqlalchemy\orm\mapper.py:2410: in _check_configure
    _configure_registries({self.registry}, cascade=True)
.venv\Lib\site-packages\sqlalchemy\orm\mapper.py:4227: in _configure_registries
    _do_configure_registries(registries, cascade)
.venv\Lib\site-packages\sqlalchemy\orm\mapper.py:4264: in _do_configure_registries
    raise e
E   sqlalchemy.exc.InvalidRequestError: One or more mappers failed to initialize - can't proceed with initialization of other mappers. Triggering mapper: 'Mapper[CuratedQuery(curated_query)]'. Original exception was: When initializing mapper Mapper[CuratedQuery(curated_query)], expression 'RawQuery | None' failed to locate a name ('RawQuery | None'). If this is a class name, consider adding this relationship() to the <class 'api.models.CuratedQuery'> class after both dependent classes have been defined.
================================== FAILURES ===================================
_______________ TestRegister.test_first_user_registers_as_admin _______________
.venv\Lib\site-packages\sqlalchemy\orm\clsregistry.py:516: in _resolve_name
    rval = d[token]
           ^^^^^^^^
.venv\Lib\site-packages\sqlalchemy\util\_collections.py:340: in __missing__
    self[key] = val = self.creator(key)
                      ^^^^^^^^^^^^^^^^^
.venv\Lib\site-packages\sqlalchemy\orm\clsregistry.py:484: in _access_cls
    return self.fallback[key]
           ^^^^^^^^^^^^^^^^^^
E   KeyError: 'RawQuery | None'

The above exception was the direct cause of the following exception:
tests\test_api_auth.py:21: in test_first_user_registers_as_admin
    r = await client.post(
.venv\Lib\site-packages\httpx\_client.py:1859: in post
    return await self.request(
.venv\Lib\site-packages\httpx\_client.py:1540: in request
    return await self.send(request, auth=auth, follow_redirects=follow_redirects)
           ^^^^^^^^^^^^^^^^^^^^^^^^^^^^^^^^^^^^^^^^^^^^^^^^^^^^^^^^^^^^^^^^^^^^^^
.venv\Lib\site-packages\httpx\_client.py:1629: in send
    response = await self._send_handling_auth(
.venv\Lib\site-packages\httpx\_client.py:1657: in _send_handling_auth
    response = await self._send_handling_redirects(
.venv\Lib\site-packages\httpx\_client.py:1694: in _send_handling_redirects
    response = await self._send_single_request(request)
               ^^^^^^^^^^^^^^^^^^^^^^^^^^^^^^^^^^^^^^^^
.venv\Lib\site-packages\httpx\_client.py:1730: in _send_single_request
    response = await transport.handle_async_request(request)
               ^^^^^^^^^^^^^^^^^^^^^^^^^^^^^^^^^^^^^^^^^^^^^
.venv\Lib\site-packages\httpx\_transports\asgi.py:170: in handle_async_request
    await self.app(scope, receive, send)
.venv\Lib\site-packages\fastapi\applications.py:1160: in __call__
    await super().__call__(scope, receive, send)
.venv\Lib\site-packages\starlette\applications.py:107: in __call__
    await self.middleware_stack(scope, receive, send)
.venv\Lib\site-packages\starlette\middleware\errors.py:186: in __call__
    raise exc
.venv\Lib\site-packages\starlette\middleware\errors.py:164: in __call__
    await self.app(scope, receive, _send)
.venv\Lib\site-packages\starlette\middleware\cors.py:87: in __call__
    await self.app(scope, receive, send)
.venv\Lib\site-packages\starlette\middleware\exceptions.py:63: in __call__
    await wrap_app_handling_exceptions(self.app, conn)(scope, receive, send)
.venv\Lib\site-packages\starlette\_exception_handler.py:53: in wrapped_app
    raise exc
.venv\Lib\site-packages\starlette\_exception_handler.py:42: in wrapped_app
    await app(scope, receive, sender)
.venv\Lib\site-packages\fastapi\middleware\asyncexitstack.py:18: in __call__
    await self.app(scope, receive, send)
.venv\Lib\site-packages\starlette\routing.py:716: in __call__
    await self.middleware_stack(scope, receive, send)
.venv\Lib\site-packages\starlette\routing.py:736: in app
    await route.handle(scope, receive, send)
.venv\Lib\site-packages\starlette\routing.py:290: in handle
    await self.app(scope, receive, send)
.venv\Lib\site-packages\fastapi\routing.py:130: in app
    await wrap_app_handling_exceptions(app, request)(scope, receive, send)
.venv\Lib\site-packages\starlette\_exception_handler.py:53: in wrapped_app
    raise exc
.venv\Lib\site-packages\starlette\_exception_handler.py:42: in wrapped_app
    await app(scope, receive, sender)
.venv\Lib\site-packages\fastapi\routing.py:116: in app
    response = await f(request)
               ^^^^^^^^^^^^^^^^
.venv\Lib\site-packages\fastapi\routing.py:670: in app
    raw_response = await run_endpoint_function(
.venv\Lib\site-packages\fastapi\routing.py:324: in run_endpoint_function
    return await dependant.call(**values)
           ^^^^^^^^^^^^^^^^^^^^^^^^^^^^^^
api\routers\auth.py:147: in register
    existing_count_result = await session.exec(select(User))
                            ^^^^^^^^^^^^^^^^^^^^^^^^^^^^^^^^
.venv\Lib\site-packages\sqlmodel\ext\asyncio\session.py:89: in exec
    result = await greenlet_spawn(
.venv\Lib\site-packages\sqlalchemy\util\_concurrency_py3k.py:203: in greenlet_spawn
    result = context.switch(value)
             ^^^^^^^^^^^^^^^^^^^^^
.venv\Lib\site-packages\sqlmodel\orm\session.py:75: in exec
    results = super().execute(
.venv\Lib\site-packages\sqlalchemy\orm\session.py:2351: in execute
    return self._execute_internal(
.venv\Lib\site-packages\sqlalchemy\orm\session.py:2249: in _execute_internal
    result: Result[Any] = compile_state_cls.orm_execute_statement(
.venv\Lib\site-packages\sqlalchemy\orm\context.py:306: in orm_execute_statement
    result = conn.execute(
.venv\Lib\site-packages\sqlalchemy\engine\base.py:1419: in execute
    return meth(
.venv\Lib\site-packages\sqlalchemy\sql\elements.py:527: in _execute_on_connection
    return connection._execute_clauseelement(
.venv\Lib\site-packages\sqlalchemy\engine\base.py:1633: in _execute_clauseelement
    compiled_sql, extracted_params, cache_hit = elem._compile_w_cache(
.venv\Lib\site-packages\sqlalchemy\sql\elements.py:716: in _compile_w_cache
    compiled_sql = self._compiler(
.venv\Lib\site-packages\sqlalchemy\sql\elements.py:324: in _compiler
    return dialect.statement_compiler(dialect, self, **kw)
           ^^^^^^^^^^^^^^^^^^^^^^^^^^^^^^^^^^^^^^^^^^^^^^^
.venv\Lib\site-packages\sqlalchemy\sql\compiler.py:1461: in __init__
    Compiled.__init__(self, dialect, statement, **kwargs)
.venv\Lib\site-packages\sqlalchemy\sql\compiler.py:901: in __init__
    self.string = self.process(self.statement, **compile_kwargs)
                  ^^^^^^^^^^^^^^^^^^^^^^^^^^^^^^^^^^^^^^^^^^^^^^
.venv\Lib\site-packages\sqlalchemy\sql\compiler.py:947: in process
    return obj._compiler_dispatch(self, **kwargs)
           ^^^^^^^^^^^^^^^^^^^^^^^^^^^^^^^^^^^^^^
.venv\Lib\site-packages\sqlalchemy\sql\visitors.py:138: in _compiler_dispatch
    return meth(self, **kw)  # type: ignore  # noqa: E501
           ^^^^^^^^^^^^^^^^
.venv\Lib\site-packages\sqlalchemy\sql\compiler.py:4807: in visit_select
    compile_state = select_stmt._compile_state_factory(
.venv\Lib\site-packages\sqlalchemy\sql\base.py:775: in create_for_statement
    return klass.create_for_statement(statement, compiler, **kw)
           ^^^^^^^^^^^^^^^^^^^^^^^^^^^^^^^^^^^^^^^^^^^^^^^^^^^^^
.venv\Lib\site-packages\sqlalchemy\orm\context.py:447: in create_for_statement
    return cls._create_orm_context(
.venv\Lib\site-packages\sqlalchemy\orm\context.py:1175: in _create_orm_context
    _QueryEntity.to_compile_state(
.venv\Lib\site-packages\sqlalchemy\orm\context.py:2628: in to_compile_state
    _MapperEntity(
.venv\Lib\site-packages\sqlalchemy\orm\context.py:2708: in __init__
    entity._post_inspect
.venv\Lib\site-packages\sqlalchemy\util\langhelpers.py:1235: in __get__
    obj.__dict__[self.__name__] = result = self.fget(obj)
                                           ^^^^^^^^^^^^^^
.venv\Lib\site-packages\sqlalchemy\orm\mapper.py:2733: in _post_inspect
    self._check_configure()
.venv\Lib\site-packages\sqlalchemy\orm\mapper.py:2410: in _check_configure
    _configure_registries({self.registry}, cascade=True)
.venv\Lib\site-packages\sqlalchemy\orm\mapper.py:4227: in _configure_registries
    _do_configure_registries(registries, cascade)
.venv\Lib\site-packages\sqlalchemy\orm\mapper.py:4268: in _do_configure_registries
    mapper._post_configure_properties()
.venv\Lib\site-packages\sqlalchemy\orm\mapper.py:2427: in _post_configure_properties
    prop.init()
.venv\Lib\site-packages\sqlalchemy\orm\interfaces.py:595: in init
    self.do_init()
.venv\Lib\site-packages\sqlalchemy\orm\relationships.py:1655: in do_init
    self._setup_entity()
.venv\Lib\site-packages\sqlalchemy\orm\relationships.py:1865: in _setup_entity
    self._clsregistry_resolve_name(argument)(),
    ^^^^^^^^^^^^^^^^^^^^^^^^^^^^^^^^^^^^^^^^^^
.venv\Lib\site-packages\sqlalchemy\orm\clsregistry.py:520: in _resolve_name
    self._raise_for_name(name, err)
.venv\Lib\site-packages\sqlalchemy\orm\clsregistry.py:501: in _raise_for_name
    raise exc.InvalidRequestError(
E   sqlalchemy.exc.InvalidRequestError: When initializing mapper Mapper[CuratedQuery(curated_query)], expression 'RawQuery | None' failed to locate a name ('RawQuery | None'). If this is a class name, consider adding this relationship() to the <class 'api.models.CuratedQuery'> class after both dependent classes have been defined.
------------------------------ Captured log call ------------------------------
ERROR    api.main:main.py:79 Unhandled exception on POST /api/auth/register
Traceback (most recent call last):
  File "C:\Users\kenlcho\Desktop\dbPerfmHealthCheck\.venv\Lib\site-packages\sqlalchemy\orm\clsregistry.py", line 516, in _resolve_name
    rval = d[token]
           ~^^^^^^^
  File "C:\Users\kenlcho\Desktop\dbPerfmHealthCheck\.venv\Lib\site-packages\sqlalchemy\util\_collections.py", line 340, in __missing__
    self[key] = val = self.creator(key)
                      ~~~~~~~~~~~~^^^^^
  File "C:\Users\kenlcho\Desktop\dbPerfmHealthCheck\.venv\Lib\site-packages\sqlalchemy\orm\clsregistry.py", line 484, in _access_cls
    return self.fallback[key]
           ~~~~~~~~~~~~~^^^^^
KeyError: 'RawQuery | None'

The above exception was the direct cause of the following exception:

Traceback (most recent call last):
  File "C:\Users\kenlcho\Desktop\dbPerfmHealthCheck\.venv\Lib\site-packages\starlette\middleware\errors.py", line 164, in __call__
    await self.app(scope, receive, _send)
  File "C:\Users\kenlcho\Desktop\dbPerfmHealthCheck\.venv\Lib\site-packages\starlette\middleware\cors.py", line 87, in __call__
    await self.app(scope, receive, send)
  File "C:\Users\kenlcho\Desktop\dbPerfmHealthCheck\.venv\Lib\site-packages\starlette\middleware\exceptions.py", line 63, in __call__
    await wrap_app_handling_exceptions(self.app, conn)(scope, receive, send)
  File "C:\Users\kenlcho\Desktop\dbPerfmHealthCheck\.venv\Lib\site-packages\starlette\_exception_handler.py", line 53, in wrapped_app
    raise exc
  File "C:\Users\kenlcho\Desktop\dbPerfmHealthCheck\.venv\Lib\site-packages\starlette\_exception_handler.py", line 42, in wrapped_app
    await app(scope, receive, sender)
  File "C:\Users\kenlcho\Desktop\dbPerfmHealthCheck\.venv\Lib\site-packages\fastapi\middleware\asyncexitstack.py", line 18, in __call__
    await self.app(scope, receive, send)
  File "C:\Users\kenlcho\Desktop\dbPerfmHealthCheck\.venv\Lib\site-packages\starlette\routing.py", line 716, in __call__
    await self.middleware_stack(scope, receive, send)
  File "C:\Users\kenlcho\Desktop\dbPerfmHealthCheck\.venv\Lib\site-packages\starlette\routing.py", line 736, in app
    await route.handle(scope, receive, send)
  File "C:\Users\kenlcho\Desktop\dbPerfmHealthCheck\.venv\Lib\site-packages\starlette\routing.py", line 290, in handle
    await self.app(scope, receive, send)
  File "C:\Users\kenlcho\Desktop\dbPerfmHealthCheck\.venv\Lib\site-packages\fastapi\routing.py", line 130, in app
    await wrap_app_handling_exceptions(app, request)(scope, receive, send)
  File "C:\Users\kenlcho\Desktop\dbPerfmHealthCheck\.venv\Lib\site-packages\starlette\_exception_handler.py", line 53, in wrapped_app
    raise exc
  File "C:\Users\kenlcho\Desktop\dbPerfmHealthCheck\.venv\Lib\site-packages\starlette\_exception_handler.py", line 42, in wrapped_app
    await app(scope, receive, sender)
  File "C:\Users\kenlcho\Desktop\dbPerfmHealthCheck\.venv\Lib\site-packages\fastapi\routing.py", line 116, in app
    response = await f(request)
               ^^^^^^^^^^^^^^^^
  File "C:\Users\kenlcho\Desktop\dbPerfmHealthCheck\.venv\Lib\site-packages\fastapi\routing.py", line 670, in app
    raw_response = await run_endpoint_function(
                   ^^^^^^^^^^^^^^^^^^^^^^^^^^^^
    ...<3 lines>...
    )
    ^
  File "C:\Users\kenlcho\Desktop\dbPerfmHealthCheck\.venv\Lib\site-packages\fastapi\routing.py", line 324, in run_endpoint_function
    return await dependant.call(**values)
           ^^^^^^^^^^^^^^^^^^^^^^^^^^^^^^
  File "C:\Users\kenlcho\Desktop\dbPerfmHealthCheck\api\routers\auth.py", line 147, in register
    existing_count_result = await session.exec(select(User))
                            ^^^^^^^^^^^^^^^^^^^^^^^^^^^^^^^^
  File "C:\Users\kenlcho\Desktop\dbPerfmHealthCheck\.venv\Lib\site-packages\sqlmodel\ext\asyncio\session.py", line 89, in exec
    result = await greenlet_spawn(
             ^^^^^^^^^^^^^^^^^^^^^
    ...<7 lines>...
    )
    ^
  File "C:\Users\kenlcho\Desktop\dbPerfmHealthCheck\.venv\Lib\site-packages\sqlalchemy\util\_concurrency_py3k.py", line 203, in greenlet_spawn
    result = context.switch(value)
  File "C:\Users\kenlcho\Desktop\dbPerfmHealthCheck\.venv\Lib\site-packages\sqlmodel\orm\session.py", line 75, in exec
    results = super().execute(
        statement,
    ...<4 lines>...
        _add_event=_add_event,
    )
  File "C:\Users\kenlcho\Desktop\dbPerfmHealthCheck\.venv\Lib\site-packages\sqlalchemy\orm\session.py", line 2351, in execute
    return self._execute_internal(
           ~~~~~~~~~~~~~~~~~~~~~~^
        statement,
        ^^^^^^^^^^
    ...<4 lines>...
        _add_event=_add_event,
        ^^^^^^^^^^^^^^^^^^^^^^
    )
    ^
  File "C:\Users\kenlcho\Desktop\dbPerfmHealthCheck\.venv\Lib\site-packages\sqlalchemy\orm\session.py", line 2249, in _execute_internal
    result: Result[Any] = compile_state_cls.orm_execute_statement(
                          ~~~~~~~~~~~~~~~~~~~~~~~~~~~~~~~~~~~~~~~^
        self,
        ^^^^^
    ...<4 lines>...
        conn,
        ^^^^^
    )
    ^
  File "C:\Users\kenlcho\Desktop\dbPerfmHealthCheck\.venv\Lib\site-packages\sqlalchemy\orm\context.py", line 306, in orm_execute_statement
    result = conn.execute(
        statement, params or {}, execution_options=execution_options
    )
  File "C:\Users\kenlcho\Desktop\dbPerfmHealthCheck\.venv\Lib\site-packages\sqlalchemy\engine\base.py", line 1419, in execute
    return meth(
        self,
        distilled_parameters,
        execution_options or NO_OPTIONS,
    )
  File "C:\Users\kenlcho\Desktop\dbPerfmHealthCheck\.venv\Lib\site-packages\sqlalchemy\sql\elements.py", line 527, in _execute_on_connection
    return connection._execute_clauseelement(
           ~~~~~~~~~~~~~~~~~~~~~~~~~~~~~~~~~^
        self, distilled_params, execution_options
        ^^^^^^^^^^^^^^^^^^^^^^^^^^^^^^^^^^^^^^^^^
    )
    ^
  File "C:\Users\kenlcho\Desktop\dbPerfmHealthCheck\.venv\Lib\site-packages\sqlalchemy\engine\base.py", line 1633, in _execute_clauseelement
    compiled_sql, extracted_params, cache_hit = elem._compile_w_cache(
                                                ~~~~~~~~~~~~~~~~~~~~~^
        dialect=dialect,
        ^^^^^^^^^^^^^^^^
    ...<4 lines>...
        linting=self.dialect.compiler_linting | compiler.WARN_LINTING,
        ^^^^^^^^^^^^^^^^^^^^^^^^^^^^^^^^^^^^^^^^^^^^^^^^^^^^^^^^^^^^^^
    )
    ^
  File "C:\Users\kenlcho\Desktop\dbPerfmHealthCheck\.venv\Lib\site-packages\sqlalchemy\sql\elements.py", line 716, in _compile_w_cache
    compiled_sql = self._compiler(
        dialect,
    ...<4 lines>...
        **kw,
    )
  File "C:\Users\kenlcho\Desktop\dbPerfmHealthCheck\.venv\Lib\site-packages\sqlalchemy\sql\elements.py", line 324, in _compiler
    return dialect.statement_compiler(dialect, self, **kw)
           ~~~~~~~~~~~~~~~~~~~~~~~~~~^^^^^^^^^^^^^^^^^^^^^
  File "C:\Users\kenlcho\Desktop\dbPerfmHealthCheck\.venv\Lib\site-packages\sqlalchemy\sql\compiler.py", line 1461, in __init__
    Compiled.__init__(self, dialect, statement, **kwargs)
    ~~~~~~~~~~~~~~~~~^^^^^^^^^^^^^^^^^^^^^^^^^^^^^^^^^^^^
  File "C:\Users\kenlcho\Desktop\dbPerfmHealthCheck\.venv\Lib\site-packages\sqlalchemy\sql\compiler.py", line 901, in __init__
    self.string = self.process(self.statement, **compile_kwargs)
                  ~~~~~~~~~~~~^^^^^^^^^^^^^^^^^^^^^^^^^^^^^^^^^^
  File "C:\Users\kenlcho\Desktop\dbPerfmHealthCheck\.venv\Lib\site-packages\sqlalchemy\sql\compiler.py", line 947, in process
    return obj._compiler_dispatch(self, **kwargs)
           ~~~~~~~~~~~~~~~~~~~~~~^^^^^^^^^^^^^^^^
  File "C:\Users\kenlcho\Desktop\dbPerfmHealthCheck\.venv\Lib\site-packages\sqlalchemy\sql\visitors.py", line 138, in _compiler_dispatch
    return meth(self, **kw)  # type: ignore  # noqa: E501
  File "C:\Users\kenlcho\Desktop\dbPerfmHealthCheck\.venv\Lib\site-packages\sqlalchemy\sql\compiler.py", line 4807, in visit_select
    compile_state = select_stmt._compile_state_factory(
        select_stmt, self, **kwargs
    )
  File "C:\Users\kenlcho\Desktop\dbPerfmHealthCheck\.venv\Lib\site-packages\sqlalchemy\sql\base.py", line 775, in create_for_statement
    return klass.create_for_statement(statement, compiler, **kw)
           ~~~~~~~~~~~~~~~~~~~~~~~~~~^^^^^^^^^^^^^^^^^^^^^^^^^^^
  File "C:\Users\kenlcho\Desktop\dbPerfmHealthCheck\.venv\Lib\site-packages\sqlalchemy\orm\context.py", line 447, in create_for_statement
    return cls._create_orm_context(
           ~~~~~~~~~~~~~~~~~~~~~~~^
        cast("Union[Select, FromStatement]", statement),
        ^^^^^^^^^^^^^^^^^^^^^^^^^^^^^^^^^^^^^^^^^^^^^^^^
    ...<2 lines>...
        **kw,
        ^^^^^
    )
    ^
  File "C:\Users\kenlcho\Desktop\dbPerfmHealthCheck\.venv\Lib\site-packages\sqlalchemy\orm\context.py", line 1175, in _create_orm_context
    _QueryEntity.to_compile_state(
    ~~~~~~~~~~~~~~~~~~~~~~~~~~~~~^
        self,
        ^^^^^
    ...<2 lines>...
        is_current_entities=True,
        ^^^^^^^^^^^^^^^^^^^^^^^^^
    )
    ^
  File "C:\Users\kenlcho\Desktop\dbPerfmHealthCheck\.venv\Lib\site-packages\sqlalchemy\orm\context.py", line 2628, in to_compile_state
    _MapperEntity(
    ~~~~~~~~~~~~~^
        compile_state,
        ^^^^^^^^^^^^^^
    ...<2 lines>...
        is_current_entities,
        ^^^^^^^^^^^^^^^^^^^^
    )
    ^
  File "C:\Users\kenlcho\Desktop\dbPerfmHealthCheck\.venv\Lib\site-packages\sqlalchemy\orm\context.py", line 2708, in __init__
    entity._post_inspect
  File "C:\Users\kenlcho\Desktop\dbPerfmHealthCheck\.venv\Lib\site-packages\sqlalchemy\util\langhelpers.py", line 1235, in __get__
    obj.__dict__[self.__name__] = result = self.fget(obj)
                                           ~~~~~~~~~^^^^^
  File "C:\Users\kenlcho\Desktop\dbPerfmHealthCheck\.venv\Lib\site-packages\sqlalchemy\orm\mapper.py", line 2733, in _post_inspect
    self._check_configure()
    ~~~~~~~~~~~~~~~~~~~~~^^
  File "C:\Users\kenlcho\Desktop\dbPerfmHealthCheck\.venv\Lib\site-packages\sqlalchemy\orm\mapper.py", line 2410, in _check_configure
    _configure_registries({self.registry}, cascade=True)
    ~~~~~~~~~~~~~~~~~~~~~^^^^^^^^^^^^^^^^^^^^^^^^^^^^^^^
  File "C:\Users\kenlcho\Desktop\dbPerfmHealthCheck\.venv\Lib\site-packages\sqlalchemy\orm\mapper.py", line 4227, in _configure_registries
    _do_configure_registries(registries, cascade)
    ~~~~~~~~~~~~~~~~~~~~~~~~^^^^^^^^^^^^^^^^^^^^^
  File "C:\Users\kenlcho\Desktop\dbPerfmHealthCheck\.venv\Lib\site-packages\sqlalchemy\orm\mapper.py", line 4268, in _do_configure_registries
    mapper._post_configure_properties()
    ~~~~~~~~~~~~~~~~~~~~~~~~~~~~~~~~~^^
  File "C:\Users\kenlcho\Desktop\dbPerfmHealthCheck\.venv\Lib\site-packages\sqlalchemy\orm\mapper.py", line 2427, in _post_configure_properties
    prop.init()
    ~~~~~~~~~^^
  File "C:\Users\kenlcho\Desktop\dbPerfmHealthCheck\.venv\Lib\site-packages\sqlalchemy\orm\interfaces.py", line 595, in init
    self.do_init()
    ~~~~~~~~~~~~^^
  File "C:\Users\kenlcho\Desktop\dbPerfmHealthCheck\.venv\Lib\site-packages\sqlalchemy\orm\relationships.py", line 1655, in do_init
    self._setup_entity()
    ~~~~~~~~~~~~~~~~~~^^
  File "C:\Users\kenlcho\Desktop\dbPerfmHealthCheck\.venv\Lib\site-packages\sqlalchemy\orm\relationships.py", line 1865, in _setup_entity
    self._clsregistry_resolve_name(argument)(),
    ~~~~~~~~~~~~~~~~~~~~~~~~~~~~~~~~~~~~~~~~^^
  File "C:\Users\kenlcho\Desktop\dbPerfmHealthCheck\.venv\Lib\site-packages\sqlalchemy\orm\clsregistry.py", line 520, in _resolve_name
    self._raise_for_name(name, err)
    ~~~~~~~~~~~~~~~~~~~~^^^^^^^^^^^
  File "C:\Users\kenlcho\Desktop\dbPerfmHealthCheck\.venv\Lib\site-packages\sqlalchemy\orm\clsregistry.py", line 501, in _raise_for_name
    raise exc.InvalidRequestError(
    ...<5 lines>...
    ) from err
sqlalchemy.exc.InvalidRequestError: When initializing mapper Mapper[CuratedQuery(curated_query)], expression 'RawQuery | None' failed to locate a name ('RawQuery | None'). If this is a class name, consider adding this relationship() to the <class 'api.models.CuratedQuery'> class after both dependent classes have been defined.
_______________ TestRegister.test_register_returns_user_fields ________________
tests\test_api_auth.py:34: in test_register_returns_user_fields
    r = await client.post(
.venv\Lib\site-packages\httpx\_client.py:1859: in post
    return await self.request(
.venv\Lib\site-packages\httpx\_client.py:1540: in request
    return await self.send(request, auth=auth, follow_redirects=follow_redirects)
           ^^^^^^^^^^^^^^^^^^^^^^^^^^^^^^^^^^^^^^^^^^^^^^^^^^^^^^^^^^^^^^^^^^^^^^
.venv\Lib\site-packages\httpx\_client.py:1629: in send
    response = await self._send_handling_auth(
.venv\Lib\site-packages\httpx\_client.py:1657: in _send_handling_auth
    response = await self._send_handling_redirects(
.venv\Lib\site-packages\httpx\_client.py:1694: in _send_handling_redirects
    response = await self._send_single_request(request)
               ^^^^^^^^^^^^^^^^^^^^^^^^^^^^^^^^^^^^^^^^
.venv\Lib\site-packages\httpx\_client.py:1730: in _send_single_request
    response = await transport.handle_async_request(request)
               ^^^^^^^^^^^^^^^^^^^^^^^^^^^^^^^^^^^^^^^^^^^^^
.venv\Lib\site-packages\httpx\_transports\asgi.py:170: in handle_async_request
    await self.app(scope, receive, send)
.venv\Lib\site-packages\fastapi\applications.py:1160: in __call__
    await super().__call__(scope, receive, send)
.venv\Lib\site-packages\starlette\applications.py:107: in __call__
    await self.middleware_stack(scope, receive, send)
.venv\Lib\site-packages\starlette\middleware\errors.py:186: in __call__
    raise exc
.venv\Lib\site-packages\starlette\middleware\errors.py:164: in __call__
    await self.app(scope, receive, _send)
.venv\Lib\site-packages\starlette\middleware\cors.py:87: in __call__
    await self.app(scope, receive, send)
.venv\Lib\site-packages\starlette\middleware\exceptions.py:63: in __call__
    await wrap_app_handling_exceptions(self.app, conn)(scope, receive, send)
.venv\Lib\site-packages\starlette\_exception_handler.py:53: in wrapped_app
    raise exc
.venv\Lib\site-packages\starlette\_exception_handler.py:42: in wrapped_app
    await app(scope, receive, sender)
.venv\Lib\site-packages\fastapi\middleware\asyncexitstack.py:18: in __call__
    await self.app(scope, receive, send)
.venv\Lib\site-packages\starlette\routing.py:716: in __call__
    await self.middleware_stack(scope, receive, send)
.venv\Lib\site-packages\starlette\routing.py:736: in app
    await route.handle(scope, receive, send)
.venv\Lib\site-packages\starlette\routing.py:290: in handle
    await self.app(scope, receive, send)
.venv\Lib\site-packages\fastapi\routing.py:130: in app
    await wrap_app_handling_exceptions(app, request)(scope, receive, send)
.venv\Lib\site-packages\starlette\_exception_handler.py:53: in wrapped_app
    raise exc
.venv\Lib\site-packages\starlette\_exception_handler.py:42: in wrapped_app
    await app(scope, receive, sender)
.venv\Lib\site-packages\fastapi\routing.py:116: in app
    response = await f(request)
               ^^^^^^^^^^^^^^^^
.venv\Lib\site-packages\fastapi\routing.py:670: in app
    raw_response = await run_endpoint_function(
.venv\Lib\site-packages\fastapi\routing.py:324: in run_endpoint_function
    return await dependant.call(**values)
           ^^^^^^^^^^^^^^^^^^^^^^^^^^^^^^
api\routers\auth.py:147: in register
    existing_count_result = await session.exec(select(User))
                            ^^^^^^^^^^^^^^^^^^^^^^^^^^^^^^^^
.venv\Lib\site-packages\sqlmodel\ext\asyncio\session.py:89: in exec
    result = await greenlet_spawn(
.venv\Lib\site-packages\sqlalchemy\util\_concurrency_py3k.py:203: in greenlet_spawn
    result = context.switch(value)
             ^^^^^^^^^^^^^^^^^^^^^
.venv\Lib\site-packages\sqlmodel\orm\session.py:75: in exec
    results = super().execute(
.venv\Lib\site-packages\sqlalchemy\orm\session.py:2351: in execute
    return self._execute_internal(
.venv\Lib\site-packages\sqlalchemy\orm\session.py:2249: in _execute_internal
    result: Result[Any] = compile_state_cls.orm_execute_statement(
.venv\Lib\site-packages\sqlalchemy\orm\context.py:306: in orm_execute_statement
    result = conn.execute(
.venv\Lib\site-packages\sqlalchemy\engine\base.py:1419: in execute
    return meth(
.venv\Lib\site-packages\sqlalchemy\sql\elements.py:527: in _execute_on_connection
    return connection._execute_clauseelement(
.venv\Lib\site-packages\sqlalchemy\engine\base.py:1633: in _execute_clauseelement
    compiled_sql, extracted_params, cache_hit = elem._compile_w_cache(
.venv\Lib\site-packages\sqlalchemy\sql\elements.py:716: in _compile_w_cache
    compiled_sql = self._compiler(
.venv\Lib\site-packages\sqlalchemy\sql\elements.py:324: in _compiler
    return dialect.statement_compiler(dialect, self, **kw)
           ^^^^^^^^^^^^^^^^^^^^^^^^^^^^^^^^^^^^^^^^^^^^^^^
.venv\Lib\site-packages\sqlalchemy\sql\compiler.py:1461: in __init__
    Compiled.__init__(self, dialect, statement, **kwargs)
.venv\Lib\site-packages\sqlalchemy\sql\compiler.py:901: in __init__
    self.string = self.process(self.statement, **compile_kwargs)
                  ^^^^^^^^^^^^^^^^^^^^^^^^^^^^^^^^^^^^^^^^^^^^^^
.venv\Lib\site-packages\sqlalchemy\sql\compiler.py:947: in process
    return obj._compiler_dispatch(self, **kwargs)
           ^^^^^^^^^^^^^^^^^^^^^^^^^^^^^^^^^^^^^^
.venv\Lib\site-packages\sqlalchemy\sql\visitors.py:138: in _compiler_dispatch
    return meth(self, **kw)  # type: ignore  # noqa: E501
           ^^^^^^^^^^^^^^^^
.venv\Lib\site-packages\sqlalchemy\sql\compiler.py:4807: in visit_select
    compile_state = select_stmt._compile_state_factory(
.venv\Lib\site-packages\sqlalchemy\sql\base.py:775: in create_for_statement
    return klass.create_for_statement(statement, compiler, **kw)
           ^^^^^^^^^^^^^^^^^^^^^^^^^^^^^^^^^^^^^^^^^^^^^^^^^^^^^
.venv\Lib\site-packages\sqlalchemy\orm\context.py:447: in create_for_statement
    return cls._create_orm_context(
.venv\Lib\site-packages\sqlalchemy\orm\context.py:1175: in _create_orm_context
    _QueryEntity.to_compile_state(
.venv\Lib\site-packages\sqlalchemy\orm\context.py:2628: in to_compile_state
    _MapperEntity(
.venv\Lib\site-packages\sqlalchemy\orm\context.py:2708: in __init__
    entity._post_inspect
.venv\Lib\site-packages\sqlalchemy\util\langhelpers.py:1235: in __get__
    obj.__dict__[self.__name__] = result = self.fget(obj)
                                           ^^^^^^^^^^^^^^
.venv\Lib\site-packages\sqlalchemy\orm\mapper.py:2733: in _post_inspect
    self._check_configure()
.venv\Lib\site-packages\sqlalchemy\orm\mapper.py:2410: in _check_configure
    _configure_registries({self.registry}, cascade=True)
.venv\Lib\site-packages\sqlalchemy\orm\mapper.py:4227: in _configure_registries
    _do_configure_registries(registries, cascade)
.venv\Lib\site-packages\sqlalchemy\orm\mapper.py:4264: in _do_configure_registries
    raise e
E   sqlalchemy.exc.InvalidRequestError: One or more mappers failed to initialize - can't proceed with initialization of other mappers. Triggering mapper: 'Mapper[CuratedQuery(curated_query)]'. Original exception was: When initializing mapper Mapper[CuratedQuery(curated_query)], expression 'RawQuery | None' failed to locate a name ('RawQuery | None'). If this is a class name, consider adding this relationship() to the <class 'api.models.CuratedQuery'> class after both dependent classes have been defined.
------------------------------ Captured log call ------------------------------
ERROR    api.main:main.py:79 Unhandled exception on POST /api/auth/register
Traceback (most recent call last):
  File "C:\Users\kenlcho\Desktop\dbPerfmHealthCheck\.venv\Lib\site-packages\starlette\middleware\errors.py", line 164, in __call__
    await self.app(scope, receive, _send)
  File "C:\Users\kenlcho\Desktop\dbPerfmHealthCheck\.venv\Lib\site-packages\starlette\middleware\cors.py", line 87, in __call__
    await self.app(scope, receive, send)
  File "C:\Users\kenlcho\Desktop\dbPerfmHealthCheck\.venv\Lib\site-packages\starlette\middleware\exceptions.py", line 63, in __call__
    await wrap_app_handling_exceptions(self.app, conn)(scope, receive, send)
  File "C:\Users\kenlcho\Desktop\dbPerfmHealthCheck\.venv\Lib\site-packages\starlette\_exception_handler.py", line 53, in wrapped_app
    raise exc
  File "C:\Users\kenlcho\Desktop\dbPerfmHealthCheck\.venv\Lib\site-packages\starlette\_exception_handler.py", line 42, in wrapped_app
    await app(scope, receive, sender)
  File "C:\Users\kenlcho\Desktop\dbPerfmHealthCheck\.venv\Lib\site-packages\fastapi\middleware\asyncexitstack.py", line 18, in __call__
    await self.app(scope, receive, send)
  File "C:\Users\kenlcho\Desktop\dbPerfmHealthCheck\.venv\Lib\site-packages\starlette\routing.py", line 716, in __call__
    await self.middleware_stack(scope, receive, send)
  File "C:\Users\kenlcho\Desktop\dbPerfmHealthCheck\.venv\Lib\site-packages\starlette\routing.py", line 736, in app
    await route.handle(scope, receive, send)
  File "C:\Users\kenlcho\Desktop\dbPerfmHealthCheck\.venv\Lib\site-packages\starlette\routing.py", line 290, in handle
    await self.app(scope, receive, send)
  File "C:\Users\kenlcho\Desktop\dbPerfmHealthCheck\.venv\Lib\site-packages\fastapi\routing.py", line 130, in app
    await wrap_app_handling_exceptions(app, request)(scope, receive, send)
  File "C:\Users\kenlcho\Desktop\dbPerfmHealthCheck\.venv\Lib\site-packages\starlette\_exception_handler.py", line 53, in wrapped_app
    raise exc
  File "C:\Users\kenlcho\Desktop\dbPerfmHealthCheck\.venv\Lib\site-packages\starlette\_exception_handler.py", line 42, in wrapped_app
    await app(scope, receive, sender)
  File "C:\Users\kenlcho\Desktop\dbPerfmHealthCheck\.venv\Lib\site-packages\fastapi\routing.py", line 116, in app
    response = await f(request)
               ^^^^^^^^^^^^^^^^
  File "C:\Users\kenlcho\Desktop\dbPerfmHealthCheck\.venv\Lib\site-packages\fastapi\routing.py", line 670, in app
    raw_response = await run_endpoint_function(
                   ^^^^^^^^^^^^^^^^^^^^^^^^^^^^
    ...<3 lines>...
    )
    ^
  File "C:\Users\kenlcho\Desktop\dbPerfmHealthCheck\.venv\Lib\site-packages\fastapi\routing.py", line 324, in run_endpoint_function
    return await dependant.call(**values)
           ^^^^^^^^^^^^^^^^^^^^^^^^^^^^^^
  File "C:\Users\kenlcho\Desktop\dbPerfmHealthCheck\api\routers\auth.py", line 147, in register
    existing_count_result = await session.exec(select(User))
                            ^^^^^^^^^^^^^^^^^^^^^^^^^^^^^^^^
  File "C:\Users\kenlcho\Desktop\dbPerfmHealthCheck\.venv\Lib\site-packages\sqlmodel\ext\asyncio\session.py", line 89, in exec
    result = await greenlet_spawn(
             ^^^^^^^^^^^^^^^^^^^^^
    ...<7 lines>...
    )
    ^
  File "C:\Users\kenlcho\Desktop\dbPerfmHealthCheck\.venv\Lib\site-packages\sqlalchemy\util\_concurrency_py3k.py", line 203, in greenlet_spawn
    result = context.switch(value)
  File "C:\Users\kenlcho\Desktop\dbPerfmHealthCheck\.venv\Lib\site-packages\sqlmodel\orm\session.py", line 75, in exec
    results = super().execute(
        statement,
    ...<4 lines>...
        _add_event=_add_event,
    )
  File "C:\Users\kenlcho\Desktop\dbPerfmHealthCheck\.venv\Lib\site-packages\sqlalchemy\orm\session.py", line 2351, in execute
    return self._execute_internal(
           ~~~~~~~~~~~~~~~~~~~~~~^
        statement,
        ^^^^^^^^^^
    ...<4 lines>...
        _add_event=_add_event,
        ^^^^^^^^^^^^^^^^^^^^^^
    )
    ^
  File "C:\Users\kenlcho\Desktop\dbPerfmHealthCheck\.venv\Lib\site-packages\sqlalchemy\orm\session.py", line 2249, in _execute_internal
    result: Result[Any] = compile_state_cls.orm_execute_statement(
                          ~~~~~~~~~~~~~~~~~~~~~~~~~~~~~~~~~~~~~~~^
        self,
        ^^^^^
    ...<4 lines>...
        conn,
        ^^^^^
    )
    ^
  File "C:\Users\kenlcho\Desktop\dbPerfmHealthCheck\.venv\Lib\site-packages\sqlalchemy\orm\context.py", line 306, in orm_execute_statement
    result = conn.execute(
        statement, params or {}, execution_options=execution_options
    )
  File "C:\Users\kenlcho\Desktop\dbPerfmHealthCheck\.venv\Lib\site-packages\sqlalchemy\engine\base.py", line 1419, in execute
    return meth(
        self,
        distilled_parameters,
        execution_options or NO_OPTIONS,
    )
  File "C:\Users\kenlcho\Desktop\dbPerfmHealthCheck\.venv\Lib\site-packages\sqlalchemy\sql\elements.py", line 527, in _execute_on_connection
    return connection._execute_clauseelement(
           ~~~~~~~~~~~~~~~~~~~~~~~~~~~~~~~~~^
        self, distilled_params, execution_options
        ^^^^^^^^^^^^^^^^^^^^^^^^^^^^^^^^^^^^^^^^^
    )
    ^
  File "C:\Users\kenlcho\Desktop\dbPerfmHealthCheck\.venv\Lib\site-packages\sqlalchemy\engine\base.py", line 1633, in _execute_clauseelement
    compiled_sql, extracted_params, cache_hit = elem._compile_w_cache(
                                                ~~~~~~~~~~~~~~~~~~~~~^
        dialect=dialect,
        ^^^^^^^^^^^^^^^^
    ...<4 lines>...
        linting=self.dialect.compiler_linting | compiler.WARN_LINTING,
        ^^^^^^^^^^^^^^^^^^^^^^^^^^^^^^^^^^^^^^^^^^^^^^^^^^^^^^^^^^^^^^
    )
    ^
  File "C:\Users\kenlcho\Desktop\dbPerfmHealthCheck\.venv\Lib\site-packages\sqlalchemy\sql\elements.py", line 716, in _compile_w_cache
    compiled_sql = self._compiler(
        dialect,
    ...<4 lines>...
        **kw,
    )
  File "C:\Users\kenlcho\Desktop\dbPerfmHealthCheck\.venv\Lib\site-packages\sqlalchemy\sql\elements.py", line 324, in _compiler
    return dialect.statement_compiler(dialect, self, **kw)
           ~~~~~~~~~~~~~~~~~~~~~~~~~~^^^^^^^^^^^^^^^^^^^^^
  File "C:\Users\kenlcho\Desktop\dbPerfmHealthCheck\.venv\Lib\site-packages\sqlalchemy\sql\compiler.py", line 1461, in __init__
    Compiled.__init__(self, dialect, statement, **kwargs)
    ~~~~~~~~~~~~~~~~~^^^^^^^^^^^^^^^^^^^^^^^^^^^^^^^^^^^^
  File "C:\Users\kenlcho\Desktop\dbPerfmHealthCheck\.venv\Lib\site-packages\sqlalchemy\sql\compiler.py", line 901, in __init__
    self.string = self.process(self.statement, **compile_kwargs)
                  ~~~~~~~~~~~~^^^^^^^^^^^^^^^^^^^^^^^^^^^^^^^^^^
  File "C:\Users\kenlcho\Desktop\dbPerfmHealthCheck\.venv\Lib\site-packages\sqlalchemy\sql\compiler.py", line 947, in process
    return obj._compiler_dispatch(self, **kwargs)
           ~~~~~~~~~~~~~~~~~~~~~~^^^^^^^^^^^^^^^^
  File "C:\Users\kenlcho\Desktop\dbPerfmHealthCheck\.venv\Lib\site-packages\sqlalchemy\sql\visitors.py", line 138, in _compiler_dispatch
    return meth(self, **kw)  # type: ignore  # noqa: E501
  File "C:\Users\kenlcho\Desktop\dbPerfmHealthCheck\.venv\Lib\site-packages\sqlalchemy\sql\compiler.py", line 4807, in visit_select
    compile_state = select_stmt._compile_state_factory(
        select_stmt, self, **kwargs
    )
  File "C:\Users\kenlcho\Desktop\dbPerfmHealthCheck\.venv\Lib\site-packages\sqlalchemy\sql\base.py", line 775, in create_for_statement
    return klass.create_for_statement(statement, compiler, **kw)
           ~~~~~~~~~~~~~~~~~~~~~~~~~~^^^^^^^^^^^^^^^^^^^^^^^^^^^
  File "C:\Users\kenlcho\Desktop\dbPerfmHealthCheck\.venv\Lib\site-packages\sqlalchemy\orm\context.py", line 447, in create_for_statement
    return cls._create_orm_context(
           ~~~~~~~~~~~~~~~~~~~~~~~^
        cast("Union[Select, FromStatement]", statement),
        ^^^^^^^^^^^^^^^^^^^^^^^^^^^^^^^^^^^^^^^^^^^^^^^^
    ...<2 lines>...
        **kw,
        ^^^^^
    )
    ^
  File "C:\Users\kenlcho\Desktop\dbPerfmHealthCheck\.venv\Lib\site-packages\sqlalchemy\orm\context.py", line 1175, in _create_orm_context
    _QueryEntity.to_compile_state(
    ~~~~~~~~~~~~~~~~~~~~~~~~~~~~~^
        self,
        ^^^^^
    ...<2 lines>...
        is_current_entities=True,
        ^^^^^^^^^^^^^^^^^^^^^^^^^
    )
    ^
  File "C:\Users\kenlcho\Desktop\dbPerfmHealthCheck\.venv\Lib\site-packages\sqlalchemy\orm\context.py", line 2628, in to_compile_state
    _MapperEntity(
    ~~~~~~~~~~~~~^
        compile_state,
        ^^^^^^^^^^^^^^
    ...<2 lines>...
        is_current_entities,
        ^^^^^^^^^^^^^^^^^^^^
    )
    ^
  File "C:\Users\kenlcho\Desktop\dbPerfmHealthCheck\.venv\Lib\site-packages\sqlalchemy\orm\context.py", line 2708, in __init__
    entity._post_inspect
  File "C:\Users\kenlcho\Desktop\dbPerfmHealthCheck\.venv\Lib\site-packages\sqlalchemy\util\langhelpers.py", line 1235, in __get__
    obj.__dict__[self.__name__] = result = self.fget(obj)
                                           ~~~~~~~~~^^^^^
  File "C:\Users\kenlcho\Desktop\dbPerfmHealthCheck\.venv\Lib\site-packages\sqlalchemy\orm\mapper.py", line 2733, in _post_inspect
    self._check_configure()
    ~~~~~~~~~~~~~~~~~~~~~^^
  File "C:\Users\kenlcho\Desktop\dbPerfmHealthCheck\.venv\Lib\site-packages\sqlalchemy\orm\mapper.py", line 2410, in _check_configure
    _configure_registries({self.registry}, cascade=True)
    ~~~~~~~~~~~~~~~~~~~~~^^^^^^^^^^^^^^^^^^^^^^^^^^^^^^^
  File "C:\Users\kenlcho\Desktop\dbPerfmHealthCheck\.venv\Lib\site-packages\sqlalchemy\orm\mapper.py", line 4227, in _configure_registries
    _do_configure_registries(registries, cascade)
    ~~~~~~~~~~~~~~~~~~~~~~~~^^^^^^^^^^^^^^^^^^^^^
  File "C:\Users\kenlcho\Desktop\dbPerfmHealthCheck\.venv\Lib\site-packages\sqlalchemy\orm\mapper.py", line 4264, in _do_configure_registries
    raise e
sqlalchemy.exc.InvalidRequestError: One or more mappers failed to initialize - can't proceed with initialization of other mappers. Triggering mapper: 'Mapper[CuratedQuery(curated_query)]'. Original exception was: When initializing mapper Mapper[CuratedQuery(curated_query)], expression 'RawQuery | None' failed to locate a name ('RawQuery | None'). If this is a class name, consider adding this relationship() to the <class 'api.models.CuratedQuery'> class after both dependent classes have been defined.
________________ TestRegister.test_password_too_short_rejected ________________
tests\test_api_auth.py:53: in test_password_too_short_rejected
    r = await client.post(
.venv\Lib\site-packages\httpx\_client.py:1859: in post
    return await self.request(
.venv\Lib\site-packages\httpx\_client.py:1540: in request
    return await self.send(request, auth=auth, follow_redirects=follow_redirects)
           ^^^^^^^^^^^^^^^^^^^^^^^^^^^^^^^^^^^^^^^^^^^^^^^^^^^^^^^^^^^^^^^^^^^^^^
.venv\Lib\site-packages\httpx\_client.py:1629: in send
    response = await self._send_handling_auth(
.venv\Lib\site-packages\httpx\_client.py:1657: in _send_handling_auth
    response = await self._send_handling_redirects(
.venv\Lib\site-packages\httpx\_client.py:1694: in _send_handling_redirects
    response = await self._send_single_request(request)
               ^^^^^^^^^^^^^^^^^^^^^^^^^^^^^^^^^^^^^^^^
.venv\Lib\site-packages\httpx\_client.py:1730: in _send_single_request
    response = await transport.handle_async_request(request)
               ^^^^^^^^^^^^^^^^^^^^^^^^^^^^^^^^^^^^^^^^^^^^^
.venv\Lib\site-packages\httpx\_transports\asgi.py:170: in handle_async_request
    await self.app(scope, receive, send)
.venv\Lib\site-packages\fastapi\applications.py:1160: in __call__
    await super().__call__(scope, receive, send)
.venv\Lib\site-packages\starlette\applications.py:107: in __call__
    await self.middleware_stack(scope, receive, send)
.venv\Lib\site-packages\starlette\middleware\errors.py:186: in __call__
    raise exc
.venv\Lib\site-packages\starlette\middleware\errors.py:164: in __call__
    await self.app(scope, receive, _send)
.venv\Lib\site-packages\starlette\middleware\cors.py:87: in __call__
    await self.app(scope, receive, send)
.venv\Lib\site-packages\starlette\middleware\exceptions.py:63: in __call__
    await wrap_app_handling_exceptions(self.app, conn)(scope, receive, send)
.venv\Lib\site-packages\starlette\_exception_handler.py:53: in wrapped_app
    raise exc
.venv\Lib\site-packages\starlette\_exception_handler.py:42: in wrapped_app
    await app(scope, receive, sender)
.venv\Lib\site-packages\fastapi\middleware\asyncexitstack.py:18: in __call__
    await self.app(scope, receive, send)
.venv\Lib\site-packages\starlette\routing.py:716: in __call__
    await self.middleware_stack(scope, receive, send)
.venv\Lib\site-packages\starlette\routing.py:736: in app
    await route.handle(scope, receive, send)
.venv\Lib\site-packages\starlette\routing.py:290: in handle
    await self.app(scope, receive, send)
.venv\Lib\site-packages\fastapi\routing.py:130: in app
    await wrap_app_handling_exceptions(app, request)(scope, receive, send)
.venv\Lib\site-packages\starlette\_exception_handler.py:53: in wrapped_app
    raise exc
.venv\Lib\site-packages\starlette\_exception_handler.py:42: in wrapped_app
    await app(scope, receive, sender)
.venv\Lib\site-packages\fastapi\routing.py:116: in app
    response = await f(request)
               ^^^^^^^^^^^^^^^^
.venv\Lib\site-packages\fastapi\routing.py:670: in app
    raw_response = await run_endpoint_function(
.venv\Lib\site-packages\fastapi\routing.py:324: in run_endpoint_function
    return await dependant.call(**values)
           ^^^^^^^^^^^^^^^^^^^^^^^^^^^^^^
api\routers\auth.py:147: in register
    existing_count_result = await session.exec(select(User))
                            ^^^^^^^^^^^^^^^^^^^^^^^^^^^^^^^^
.venv\Lib\site-packages\sqlmodel\ext\asyncio\session.py:89: in exec
    result = await greenlet_spawn(
.venv\Lib\site-packages\sqlalchemy\util\_concurrency_py3k.py:203: in greenlet_spawn
    result = context.switch(value)
             ^^^^^^^^^^^^^^^^^^^^^
.venv\Lib\site-packages\sqlmodel\orm\session.py:75: in exec
    results = super().execute(
.venv\Lib\site-packages\sqlalchemy\orm\session.py:2351: in execute
    return self._execute_internal(
.venv\Lib\site-packages\sqlalchemy\orm\session.py:2249: in _execute_internal
    result: Result[Any] = compile_state_cls.orm_execute_statement(
.venv\Lib\site-packages\sqlalchemy\orm\context.py:306: in orm_execute_statement
    result = conn.execute(
.venv\Lib\site-packages\sqlalchemy\engine\base.py:1419: in execute
    return meth(
.venv\Lib\site-packages\sqlalchemy\sql\elements.py:527: in _execute_on_connection
    return connection._execute_clauseelement(
.venv\Lib\site-packages\sqlalchemy\engine\base.py:1633: in _execute_clauseelement
    compiled_sql, extracted_params, cache_hit = elem._compile_w_cache(
.venv\Lib\site-packages\sqlalchemy\sql\elements.py:716: in _compile_w_cache
    compiled_sql = self._compiler(
.venv\Lib\site-packages\sqlalchemy\sql\elements.py:324: in _compiler
    return dialect.statement_compiler(dialect, self, **kw)
           ^^^^^^^^^^^^^^^^^^^^^^^^^^^^^^^^^^^^^^^^^^^^^^^
.venv\Lib\site-packages\sqlalchemy\sql\compiler.py:1461: in __init__
    Compiled.__init__(self, dialect, statement, **kwargs)
.venv\Lib\site-packages\sqlalchemy\sql\compiler.py:901: in __init__
    self.string = self.process(self.statement, **compile_kwargs)
                  ^^^^^^^^^^^^^^^^^^^^^^^^^^^^^^^^^^^^^^^^^^^^^^
.venv\Lib\site-packages\sqlalchemy\sql\compiler.py:947: in process
    return obj._compiler_dispatch(self, **kwargs)
           ^^^^^^^^^^^^^^^^^^^^^^^^^^^^^^^^^^^^^^
.venv\Lib\site-packages\sqlalchemy\sql\visitors.py:138: in _compiler_dispatch
    return meth(self, **kw)  # type: ignore  # noqa: E501
           ^^^^^^^^^^^^^^^^
.venv\Lib\site-packages\sqlalchemy\sql\compiler.py:4807: in visit_select
    compile_state = select_stmt._compile_state_factory(
.venv\Lib\site-packages\sqlalchemy\sql\base.py:775: in create_for_statement
    return klass.create_for_statement(statement, compiler, **kw)
           ^^^^^^^^^^^^^^^^^^^^^^^^^^^^^^^^^^^^^^^^^^^^^^^^^^^^^
.venv\Lib\site-packages\sqlalchemy\orm\context.py:447: in create_for_statement
    return cls._create_orm_context(
.venv\Lib\site-packages\sqlalchemy\orm\context.py:1175: in _create_orm_context
    _QueryEntity.to_compile_state(
.venv\Lib\site-packages\sqlalchemy\orm\context.py:2628: in to_compile_state
    _MapperEntity(
.venv\Lib\site-packages\sqlalchemy\orm\context.py:2708: in __init__
    entity._post_inspect
.venv\Lib\site-packages\sqlalchemy\util\langhelpers.py:1235: in __get__
    obj.__dict__[self.__name__] = result = self.fget(obj)
                                           ^^^^^^^^^^^^^^
.venv\Lib\site-packages\sqlalchemy\orm\mapper.py:2733: in _post_inspect
    self._check_configure()
.venv\Lib\site-packages\sqlalchemy\orm\mapper.py:2410: in _check_configure
    _configure_registries({self.registry}, cascade=True)
.venv\Lib\site-packages\sqlalchemy\orm\mapper.py:4227: in _configure_registries
    _do_configure_registries(registries, cascade)
.venv\Lib\site-packages\sqlalchemy\orm\mapper.py:4264: in _do_configure_registries
    raise e
E   sqlalchemy.exc.InvalidRequestError: One or more mappers failed to initialize - can't proceed with initialization of other mappers. Triggering mapper: 'Mapper[CuratedQuery(curated_query)]'. Original exception was: When initializing mapper Mapper[CuratedQuery(curated_query)], expression 'RawQuery | None' failed to locate a name ('RawQuery | None'). If this is a class name, consider adding this relationship() to the <class 'api.models.CuratedQuery'> class after both dependent classes have been defined.
------------------------------ Captured log call ------------------------------
ERROR    api.main:main.py:79 Unhandled exception on POST /api/auth/register
Traceback (most recent call last):
  File "C:\Users\kenlcho\Desktop\dbPerfmHealthCheck\.venv\Lib\site-packages\starlette\middleware\errors.py", line 164, in __call__
    await self.app(scope, receive, _send)
  File "C:\Users\kenlcho\Desktop\dbPerfmHealthCheck\.venv\Lib\site-packages\starlette\middleware\cors.py", line 87, in __call__
    await self.app(scope, receive, send)
  File "C:\Users\kenlcho\Desktop\dbPerfmHealthCheck\.venv\Lib\site-packages\starlette\middleware\exceptions.py", line 63, in __call__
    await wrap_app_handling_exceptions(self.app, conn)(scope, receive, send)
  File "C:\Users\kenlcho\Desktop\dbPerfmHealthCheck\.venv\Lib\site-packages\starlette\_exception_handler.py", line 53, in wrapped_app
    raise exc
  File "C:\Users\kenlcho\Desktop\dbPerfmHealthCheck\.venv\Lib\site-packages\starlette\_exception_handler.py", line 42, in wrapped_app
    await app(scope, receive, sender)
  File "C:\Users\kenlcho\Desktop\dbPerfmHealthCheck\.venv\Lib\site-packages\fastapi\middleware\asyncexitstack.py", line 18, in __call__
    await self.app(scope, receive, send)
  File "C:\Users\kenlcho\Desktop\dbPerfmHealthCheck\.venv\Lib\site-packages\starlette\routing.py", line 716, in __call__
    await self.middleware_stack(scope, receive, send)
  File "C:\Users\kenlcho\Desktop\dbPerfmHealthCheck\.venv\Lib\site-packages\starlette\routing.py", line 736, in app
    await route.handle(scope, receive, send)
  File "C:\Users\kenlcho\Desktop\dbPerfmHealthCheck\.venv\Lib\site-packages\starlette\routing.py", line 290, in handle
    await self.app(scope, receive, send)
  File "C:\Users\kenlcho\Desktop\dbPerfmHealthCheck\.venv\Lib\site-packages\fastapi\routing.py", line 130, in app
    await wrap_app_handling_exceptions(app, request)(scope, receive, send)
  File "C:\Users\kenlcho\Desktop\dbPerfmHealthCheck\.venv\Lib\site-packages\starlette\_exception_handler.py", line 53, in wrapped_app
    raise exc
  File "C:\Users\kenlcho\Desktop\dbPerfmHealthCheck\.venv\Lib\site-packages\starlette\_exception_handler.py", line 42, in wrapped_app
    await app(scope, receive, sender)
  File "C:\Users\kenlcho\Desktop\dbPerfmHealthCheck\.venv\Lib\site-packages\fastapi\routing.py", line 116, in app
    response = await f(request)
               ^^^^^^^^^^^^^^^^
  File "C:\Users\kenlcho\Desktop\dbPerfmHealthCheck\.venv\Lib\site-packages\fastapi\routing.py", line 670, in app
    raw_response = await run_endpoint_function(
                   ^^^^^^^^^^^^^^^^^^^^^^^^^^^^
    ...<3 lines>...
    )
    ^
  File "C:\Users\kenlcho\Desktop\dbPerfmHealthCheck\.venv\Lib\site-packages\fastapi\routing.py", line 324, in run_endpoint_function
    return await dependant.call(**values)
           ^^^^^^^^^^^^^^^^^^^^^^^^^^^^^^
  File "C:\Users\kenlcho\Desktop\dbPerfmHealthCheck\api\routers\auth.py", line 147, in register
    existing_count_result = await session.exec(select(User))
                            ^^^^^^^^^^^^^^^^^^^^^^^^^^^^^^^^
  File "C:\Users\kenlcho\Desktop\dbPerfmHealthCheck\.venv\Lib\site-packages\sqlmodel\ext\asyncio\session.py", line 89, in exec
    result = await greenlet_spawn(
             ^^^^^^^^^^^^^^^^^^^^^
    ...<7 lines>...
    )
    ^
  File "C:\Users\kenlcho\Desktop\dbPerfmHealthCheck\.venv\Lib\site-packages\sqlalchemy\util\_concurrency_py3k.py", line 203, in greenlet_spawn
    result = context.switch(value)
  File "C:\Users\kenlcho\Desktop\dbPerfmHealthCheck\.venv\Lib\site-packages\sqlmodel\orm\session.py", line 75, in exec
    results = super().execute(
        statement,
    ...<4 lines>...
        _add_event=_add_event,
    )
  File "C:\Users\kenlcho\Desktop\dbPerfmHealthCheck\.venv\Lib\site-packages\sqlalchemy\orm\session.py", line 2351, in execute
    return self._execute_internal(
           ~~~~~~~~~~~~~~~~~~~~~~^
        statement,
        ^^^^^^^^^^
    ...<4 lines>...
        _add_event=_add_event,
        ^^^^^^^^^^^^^^^^^^^^^^
    )
    ^
  File "C:\Users\kenlcho\Desktop\dbPerfmHealthCheck\.venv\Lib\site-packages\sqlalchemy\orm\session.py", line 2249, in _execute_internal
    result: Result[Any] = compile_state_cls.orm_execute_statement(
                          ~~~~~~~~~~~~~~~~~~~~~~~~~~~~~~~~~~~~~~~^
        self,
        ^^^^^
    ...<4 lines>...
        conn,
        ^^^^^
    )
    ^
  File "C:\Users\kenlcho\Desktop\dbPerfmHealthCheck\.venv\Lib\site-packages\sqlalchemy\orm\context.py", line 306, in orm_execute_statement
    result = conn.execute(
        statement, params or {}, execution_options=execution_options
    )
  File "C:\Users\kenlcho\Desktop\dbPerfmHealthCheck\.venv\Lib\site-packages\sqlalchemy\engine\base.py", line 1419, in execute
    return meth(
        self,
        distilled_parameters,
        execution_options or NO_OPTIONS,
    )
  File "C:\Users\kenlcho\Desktop\dbPerfmHealthCheck\.venv\Lib\site-packages\sqlalchemy\sql\elements.py", line 527, in _execute_on_connection
    return connection._execute_clauseelement(
           ~~~~~~~~~~~~~~~~~~~~~~~~~~~~~~~~~^
        self, distilled_params, execution_options
        ^^^^^^^^^^^^^^^^^^^^^^^^^^^^^^^^^^^^^^^^^
    )
    ^
  File "C:\Users\kenlcho\Desktop\dbPerfmHealthCheck\.venv\Lib\site-packages\sqlalchemy\engine\base.py", line 1633, in _execute_clauseelement
    compiled_sql, extracted_params, cache_hit = elem._compile_w_cache(
                                                ~~~~~~~~~~~~~~~~~~~~~^
        dialect=dialect,
        ^^^^^^^^^^^^^^^^
    ...<4 lines>...
        linting=self.dialect.compiler_linting | compiler.WARN_LINTING,
        ^^^^^^^^^^^^^^^^^^^^^^^^^^^^^^^^^^^^^^^^^^^^^^^^^^^^^^^^^^^^^^
    )
    ^
  File "C:\Users\kenlcho\Desktop\dbPerfmHealthCheck\.venv\Lib\site-packages\sqlalchemy\sql\elements.py", line 716, in _compile_w_cache
    compiled_sql = self._compiler(
        dialect,
    ...<4 lines>...
        **kw,
    )
  File "C:\Users\kenlcho\Desktop\dbPerfmHealthCheck\.venv\Lib\site-packages\sqlalchemy\sql\elements.py", line 324, in _compiler
    return dialect.statement_compiler(dialect, self, **kw)
           ~~~~~~~~~~~~~~~~~~~~~~~~~~^^^^^^^^^^^^^^^^^^^^^
  File "C:\Users\kenlcho\Desktop\dbPerfmHealthCheck\.venv\Lib\site-packages\sqlalchemy\sql\compiler.py", line 1461, in __init__
    Compiled.__init__(self, dialect, statement, **kwargs)
    ~~~~~~~~~~~~~~~~~^^^^^^^^^^^^^^^^^^^^^^^^^^^^^^^^^^^^
  File "C:\Users\kenlcho\Desktop\dbPerfmHealthCheck\.venv\Lib\site-packages\sqlalchemy\sql\compiler.py", line 901, in __init__
    self.string = self.process(self.statement, **compile_kwargs)
                  ~~~~~~~~~~~~^^^^^^^^^^^^^^^^^^^^^^^^^^^^^^^^^^
  File "C:\Users\kenlcho\Desktop\dbPerfmHealthCheck\.venv\Lib\site-packages\sqlalchemy\sql\compiler.py", line 947, in process
    return obj._compiler_dispatch(self, **kwargs)
           ~~~~~~~~~~~~~~~~~~~~~~^^^^^^^^^^^^^^^^
  File "C:\Users\kenlcho\Desktop\dbPerfmHealthCheck\.venv\Lib\site-packages\sqlalchemy\sql\visitors.py", line 138, in _compiler_dispatch
    return meth(self, **kw)  # type: ignore  # noqa: E501
  File "C:\Users\kenlcho\Desktop\dbPerfmHealthCheck\.venv\Lib\site-packages\sqlalchemy\sql\compiler.py", line 4807, in visit_select
    compile_state = select_stmt._compile_state_factory(
        select_stmt, self, **kwargs
    )
  File "C:\Users\kenlcho\Desktop\dbPerfmHealthCheck\.venv\Lib\site-packages\sqlalchemy\sql\base.py", line 775, in create_for_statement
    return klass.create_for_statement(statement, compiler, **kw)
           ~~~~~~~~~~~~~~~~~~~~~~~~~~^^^^^^^^^^^^^^^^^^^^^^^^^^^
  File "C:\Users\kenlcho\Desktop\dbPerfmHealthCheck\.venv\Lib\site-packages\sqlalchemy\orm\context.py", line 447, in create_for_statement
    return cls._create_orm_context(
           ~~~~~~~~~~~~~~~~~~~~~~~^
        cast("Union[Select, FromStatement]", statement),
        ^^^^^^^^^^^^^^^^^^^^^^^^^^^^^^^^^^^^^^^^^^^^^^^^
    ...<2 lines>...
        **kw,
        ^^^^^
    )
    ^
  File "C:\Users\kenlcho\Desktop\dbPerfmHealthCheck\.venv\Lib\site-packages\sqlalchemy\orm\context.py", line 1175, in _create_orm_context
    _QueryEntity.to_compile_state(
    ~~~~~~~~~~~~~~~~~~~~~~~~~~~~~^
        self,
        ^^^^^
    ...<2 lines>...
        is_current_entities=True,
        ^^^^^^^^^^^^^^^^^^^^^^^^^
    )
    ^
  File "C:\Users\kenlcho\Desktop\dbPerfmHealthCheck\.venv\Lib\site-packages\sqlalchemy\orm\context.py", line 2628, in to_compile_state
    _MapperEntity(
    ~~~~~~~~~~~~~^
        compile_state,
        ^^^^^^^^^^^^^^
    ...<2 lines>...
        is_current_entities,
        ^^^^^^^^^^^^^^^^^^^^
    )
    ^
  File "C:\Users\kenlcho\Desktop\dbPerfmHealthCheck\.venv\Lib\site-packages\sqlalchemy\orm\context.py", line 2708, in __init__
    entity._post_inspect
  File "C:\Users\kenlcho\Desktop\dbPerfmHealthCheck\.venv\Lib\site-packages\sqlalchemy\util\langhelpers.py", line 1235, in __get__
    obj.__dict__[self.__name__] = result = self.fget(obj)
                                           ~~~~~~~~~^^^^^
  File "C:\Users\kenlcho\Desktop\dbPerfmHealthCheck\.venv\Lib\site-packages\sqlalchemy\orm\mapper.py", line 2733, in _post_inspect
    self._check_configure()
    ~~~~~~~~~~~~~~~~~~~~~^^
  File "C:\Users\kenlcho\Desktop\dbPerfmHealthCheck\.venv\Lib\site-packages\sqlalchemy\orm\mapper.py", line 2410, in _check_configure
    _configure_registries({self.registry}, cascade=True)
    ~~~~~~~~~~~~~~~~~~~~~^^^^^^^^^^^^^^^^^^^^^^^^^^^^^^^
  File "C:\Users\kenlcho\Desktop\dbPerfmHealthCheck\.venv\Lib\site-packages\sqlalchemy\orm\mapper.py", line 4227, in _configure_registries
    _do_configure_registries(registries, cascade)
    ~~~~~~~~~~~~~~~~~~~~~~~~^^^^^^^^^^^^^^^^^^^^^
  File "C:\Users\kenlcho\Desktop\dbPerfmHealthCheck\.venv\Lib\site-packages\sqlalchemy\orm\mapper.py", line 4264, in _do_configure_registries
    raise e
sqlalchemy.exc.InvalidRequestError: One or more mappers failed to initialize - can't proceed with initialization of other mappers. Triggering mapper: 'Mapper[CuratedQuery(curated_query)]'. Original exception was: When initializing mapper Mapper[CuratedQuery(curated_query)], expression 'RawQuery | None' failed to locate a name ('RawQuery | None'). If this is a class name, consider adding this relationship() to the <class 'api.models.CuratedQuery'> class after both dependent classes have been defined.
_____________________ TestLogin.test_invalid_password_401 _____________________
tests\test_api_auth.py:85: in test_invalid_password_401
    r = await client.post(
.venv\Lib\site-packages\httpx\_client.py:1859: in post
    return await self.request(
.venv\Lib\site-packages\httpx\_client.py:1540: in request
    return await self.send(request, auth=auth, follow_redirects=follow_redirects)
           ^^^^^^^^^^^^^^^^^^^^^^^^^^^^^^^^^^^^^^^^^^^^^^^^^^^^^^^^^^^^^^^^^^^^^^
.venv\Lib\site-packages\httpx\_client.py:1629: in send
    response = await self._send_handling_auth(
.venv\Lib\site-packages\httpx\_client.py:1657: in _send_handling_auth
    response = await self._send_handling_redirects(
.venv\Lib\site-packages\httpx\_client.py:1694: in _send_handling_redirects
    response = await self._send_single_request(request)
               ^^^^^^^^^^^^^^^^^^^^^^^^^^^^^^^^^^^^^^^^
.venv\Lib\site-packages\httpx\_client.py:1730: in _send_single_request
    response = await transport.handle_async_request(request)
               ^^^^^^^^^^^^^^^^^^^^^^^^^^^^^^^^^^^^^^^^^^^^^
.venv\Lib\site-packages\httpx\_transports\asgi.py:170: in handle_async_request
    await self.app(scope, receive, send)
.venv\Lib\site-packages\fastapi\applications.py:1160: in __call__
    await super().__call__(scope, receive, send)
.venv\Lib\site-packages\starlette\applications.py:107: in __call__
    await self.middleware_stack(scope, receive, send)
.venv\Lib\site-packages\starlette\middleware\errors.py:186: in __call__
    raise exc
.venv\Lib\site-packages\starlette\middleware\errors.py:164: in __call__
    await self.app(scope, receive, _send)
.venv\Lib\site-packages\starlette\middleware\cors.py:87: in __call__
    await self.app(scope, receive, send)
.venv\Lib\site-packages\starlette\middleware\exceptions.py:63: in __call__
    await wrap_app_handling_exceptions(self.app, conn)(scope, receive, send)
.venv\Lib\site-packages\starlette\_exception_handler.py:53: in wrapped_app
    raise exc
.venv\Lib\site-packages\starlette\_exception_handler.py:42: in wrapped_app
    await app(scope, receive, sender)
.venv\Lib\site-packages\fastapi\middleware\asyncexitstack.py:18: in __call__
    await self.app(scope, receive, send)
.venv\Lib\site-packages\starlette\routing.py:716: in __call__
    await self.middleware_stack(scope, receive, send)
.venv\Lib\site-packages\starlette\routing.py:736: in app
    await route.handle(scope, receive, send)
.venv\Lib\site-packages\starlette\routing.py:290: in handle
    await self.app(scope, receive, send)
.venv\Lib\site-packages\fastapi\routing.py:130: in app
    await wrap_app_handling_exceptions(app, request)(scope, receive, send)
.venv\Lib\site-packages\starlette\_exception_handler.py:53: in wrapped_app
    raise exc
.venv\Lib\site-packages\starlette\_exception_handler.py:42: in wrapped_app
    await app(scope, receive, sender)
.venv\Lib\site-packages\fastapi\routing.py:116: in app
    response = await f(request)
               ^^^^^^^^^^^^^^^^
.venv\Lib\site-packages\fastapi\routing.py:670: in app
    raw_response = await run_endpoint_function(
.venv\Lib\site-packages\fastapi\routing.py:324: in run_endpoint_function
    return await dependant.call(**values)
           ^^^^^^^^^^^^^^^^^^^^^^^^^^^^^^
api\routers\auth.py:220: in login
    result = await session.exec(select(User).where(User.username == body.username))
             ^^^^^^^^^^^^^^^^^^^^^^^^^^^^^^^^^^^^^^^^^^^^^^^^^^^^^^^^^^^^^^^^^^^^^^
.venv\Lib\site-packages\sqlmodel\ext\asyncio\session.py:89: in exec
    result = await greenlet_spawn(
.venv\Lib\site-packages\sqlalchemy\util\_concurrency_py3k.py:203: in greenlet_spawn
    result = context.switch(value)
             ^^^^^^^^^^^^^^^^^^^^^
.venv\Lib\site-packages\sqlmodel\orm\session.py:75: in exec
    results = super().execute(
.venv\Lib\site-packages\sqlalchemy\orm\session.py:2351: in execute
    return self._execute_internal(
.venv\Lib\site-packages\sqlalchemy\orm\session.py:2249: in _execute_internal
    result: Result[Any] = compile_state_cls.orm_execute_statement(
.venv\Lib\site-packages\sqlalchemy\orm\context.py:306: in orm_execute_statement
    result = conn.execute(
.venv\Lib\site-packages\sqlalchemy\engine\base.py:1419: in execute
    return meth(
.venv\Lib\site-packages\sqlalchemy\sql\elements.py:527: in _execute_on_connection
    return connection._execute_clauseelement(
.venv\Lib\site-packages\sqlalchemy\engine\base.py:1633: in _execute_clauseelement
    compiled_sql, extracted_params, cache_hit = elem._compile_w_cache(
.venv\Lib\site-packages\sqlalchemy\sql\elements.py:716: in _compile_w_cache
    compiled_sql = self._compiler(
.venv\Lib\site-packages\sqlalchemy\sql\elements.py:324: in _compiler
    return dialect.statement_compiler(dialect, self, **kw)
           ^^^^^^^^^^^^^^^^^^^^^^^^^^^^^^^^^^^^^^^^^^^^^^^
.venv\Lib\site-packages\sqlalchemy\sql\compiler.py:1461: in __init__
    Compiled.__init__(self, dialect, statement, **kwargs)
.venv\Lib\site-packages\sqlalchemy\sql\compiler.py:901: in __init__
    self.string = self.process(self.statement, **compile_kwargs)
                  ^^^^^^^^^^^^^^^^^^^^^^^^^^^^^^^^^^^^^^^^^^^^^^
.venv\Lib\site-packages\sqlalchemy\sql\compiler.py:947: in process
    return obj._compiler_dispatch(self, **kwargs)
           ^^^^^^^^^^^^^^^^^^^^^^^^^^^^^^^^^^^^^^
.venv\Lib\site-packages\sqlalchemy\sql\visitors.py:138: in _compiler_dispatch
    return meth(self, **kw)  # type: ignore  # noqa: E501
           ^^^^^^^^^^^^^^^^
.venv\Lib\site-packages\sqlalchemy\sql\compiler.py:4807: in visit_select
    compile_state = select_stmt._compile_state_factory(
.venv\Lib\site-packages\sqlalchemy\sql\base.py:775: in create_for_statement
    return klass.create_for_statement(statement, compiler, **kw)
           ^^^^^^^^^^^^^^^^^^^^^^^^^^^^^^^^^^^^^^^^^^^^^^^^^^^^^
.venv\Lib\site-packages\sqlalchemy\orm\context.py:447: in create_for_statement
    return cls._create_orm_context(
.venv\Lib\site-packages\sqlalchemy\orm\context.py:1175: in _create_orm_context
    _QueryEntity.to_compile_state(
.venv\Lib\site-packages\sqlalchemy\orm\context.py:2628: in to_compile_state
    _MapperEntity(
.venv\Lib\site-packages\sqlalchemy\orm\context.py:2708: in __init__
    entity._post_inspect
.venv\Lib\site-packages\sqlalchemy\util\langhelpers.py:1235: in __get__
    obj.__dict__[self.__name__] = result = self.fget(obj)
                                           ^^^^^^^^^^^^^^
.venv\Lib\site-packages\sqlalchemy\orm\mapper.py:2733: in _post_inspect
    self._check_configure()
.venv\Lib\site-packages\sqlalchemy\orm\mapper.py:2410: in _check_configure
    _configure_registries({self.registry}, cascade=True)
.venv\Lib\site-packages\sqlalchemy\orm\mapper.py:4227: in _configure_registries
    _do_configure_registries(registries, cascade)
.venv\Lib\site-packages\sqlalchemy\orm\mapper.py:4264: in _do_configure_registries
    raise e
E   sqlalchemy.exc.InvalidRequestError: One or more mappers failed to initialize - can't proceed with initialization of other mappers. Triggering mapper: 'Mapper[CuratedQuery(curated_query)]'. Original exception was: When initializing mapper Mapper[CuratedQuery(curated_query)], expression 'RawQuery | None' failed to locate a name ('RawQuery | None'). If this is a class name, consider adding this relationship() to the <class 'api.models.CuratedQuery'> class after both dependent classes have been defined.
------------------------------ Captured log call ------------------------------
ERROR    api.main:main.py:79 Unhandled exception on POST /api/auth/login
Traceback (most recent call last):
  File "C:\Users\kenlcho\Desktop\dbPerfmHealthCheck\.venv\Lib\site-packages\starlette\middleware\errors.py", line 164, in __call__
    await self.app(scope, receive, _send)
  File "C:\Users\kenlcho\Desktop\dbPerfmHealthCheck\.venv\Lib\site-packages\starlette\middleware\cors.py", line 87, in __call__
    await self.app(scope, receive, send)
  File "C:\Users\kenlcho\Desktop\dbPerfmHealthCheck\.venv\Lib\site-packages\starlette\middleware\exceptions.py", line 63, in __call__
    await wrap_app_handling_exceptions(self.app, conn)(scope, receive, send)
  File "C:\Users\kenlcho\Desktop\dbPerfmHealthCheck\.venv\Lib\site-packages\starlette\_exception_handler.py", line 53, in wrapped_app
    raise exc
  File "C:\Users\kenlcho\Desktop\dbPerfmHealthCheck\.venv\Lib\site-packages\starlette\_exception_handler.py", line 42, in wrapped_app
    await app(scope, receive, sender)
  File "C:\Users\kenlcho\Desktop\dbPerfmHealthCheck\.venv\Lib\site-packages\fastapi\middleware\asyncexitstack.py", line 18, in __call__
    await self.app(scope, receive, send)
  File "C:\Users\kenlcho\Desktop\dbPerfmHealthCheck\.venv\Lib\site-packages\starlette\routing.py", line 716, in __call__
    await self.middleware_stack(scope, receive, send)
  File "C:\Users\kenlcho\Desktop\dbPerfmHealthCheck\.venv\Lib\site-packages\starlette\routing.py", line 736, in app
    await route.handle(scope, receive, send)
  File "C:\Users\kenlcho\Desktop\dbPerfmHealthCheck\.venv\Lib\site-packages\starlette\routing.py", line 290, in handle
    await self.app(scope, receive, send)
  File "C:\Users\kenlcho\Desktop\dbPerfmHealthCheck\.venv\Lib\site-packages\fastapi\routing.py", line 130, in app
    await wrap_app_handling_exceptions(app, request)(scope, receive, send)
  File "C:\Users\kenlcho\Desktop\dbPerfmHealthCheck\.venv\Lib\site-packages\starlette\_exception_handler.py", line 53, in wrapped_app
    raise exc
  File "C:\Users\kenlcho\Desktop\dbPerfmHealthCheck\.venv\Lib\site-packages\starlette\_exception_handler.py", line 42, in wrapped_app
    await app(scope, receive, sender)
  File "C:\Users\kenlcho\Desktop\dbPerfmHealthCheck\.venv\Lib\site-packages\fastapi\routing.py", line 116, in app
    response = await f(request)
               ^^^^^^^^^^^^^^^^
  File "C:\Users\kenlcho\Desktop\dbPerfmHealthCheck\.venv\Lib\site-packages\fastapi\routing.py", line 670, in app
    raw_response = await run_endpoint_function(
                   ^^^^^^^^^^^^^^^^^^^^^^^^^^^^
    ...<3 lines>...
    )
    ^
  File "C:\Users\kenlcho\Desktop\dbPerfmHealthCheck\.venv\Lib\site-packages\fastapi\routing.py", line 324, in run_endpoint_function
    return await dependant.call(**values)
           ^^^^^^^^^^^^^^^^^^^^^^^^^^^^^^
  File "C:\Users\kenlcho\Desktop\dbPerfmHealthCheck\api\routers\auth.py", line 220, in login
    result = await session.exec(select(User).where(User.username == body.username))
             ^^^^^^^^^^^^^^^^^^^^^^^^^^^^^^^^^^^^^^^^^^^^^^^^^^^^^^^^^^^^^^^^^^^^^^
  File "C:\Users\kenlcho\Desktop\dbPerfmHealthCheck\.venv\Lib\site-packages\sqlmodel\ext\asyncio\session.py", line 89, in exec
    result = await greenlet_spawn(
             ^^^^^^^^^^^^^^^^^^^^^
    ...<7 lines>...
    )
    ^
  File "C:\Users\kenlcho\Desktop\dbPerfmHealthCheck\.venv\Lib\site-packages\sqlalchemy\util\_concurrency_py3k.py", line 203, in greenlet_spawn
    result = context.switch(value)
  File "C:\Users\kenlcho\Desktop\dbPerfmHealthCheck\.venv\Lib\site-packages\sqlmodel\orm\session.py", line 75, in exec
    results = super().execute(
        statement,
    ...<4 lines>...
        _add_event=_add_event,
    )
  File "C:\Users\kenlcho\Desktop\dbPerfmHealthCheck\.venv\Lib\site-packages\sqlalchemy\orm\session.py", line 2351, in execute
    return self._execute_internal(
           ~~~~~~~~~~~~~~~~~~~~~~^
        statement,
        ^^^^^^^^^^
    ...<4 lines>...
        _add_event=_add_event,
        ^^^^^^^^^^^^^^^^^^^^^^
    )
    ^
  File "C:\Users\kenlcho\Desktop\dbPerfmHealthCheck\.venv\Lib\site-packages\sqlalchemy\orm\session.py", line 2249, in _execute_internal
    result: Result[Any] = compile_state_cls.orm_execute_statement(
                          ~~~~~~~~~~~~~~~~~~~~~~~~~~~~~~~~~~~~~~~^
        self,
        ^^^^^
    ...<4 lines>...
        conn,
        ^^^^^
    )
    ^
  File "C:\Users\kenlcho\Desktop\dbPerfmHealthCheck\.venv\Lib\site-packages\sqlalchemy\orm\context.py", line 306, in orm_execute_statement
    result = conn.execute(
        statement, params or {}, execution_options=execution_options
    )
  File "C:\Users\kenlcho\Desktop\dbPerfmHealthCheck\.venv\Lib\site-packages\sqlalchemy\engine\base.py", line 1419, in execute
    return meth(
        self,
        distilled_parameters,
        execution_options or NO_OPTIONS,
    )
  File "C:\Users\kenlcho\Desktop\dbPerfmHealthCheck\.venv\Lib\site-packages\sqlalchemy\sql\elements.py", line 527, in _execute_on_connection
    return connection._execute_clauseelement(
           ~~~~~~~~~~~~~~~~~~~~~~~~~~~~~~~~~^
        self, distilled_params, execution_options
        ^^^^^^^^^^^^^^^^^^^^^^^^^^^^^^^^^^^^^^^^^
    )
    ^
  File "C:\Users\kenlcho\Desktop\dbPerfmHealthCheck\.venv\Lib\site-packages\sqlalchemy\engine\base.py", line 1633, in _execute_clauseelement
    compiled_sql, extracted_params, cache_hit = elem._compile_w_cache(
                                                ~~~~~~~~~~~~~~~~~~~~~^
        dialect=dialect,
        ^^^^^^^^^^^^^^^^
    ...<4 lines>...
        linting=self.dialect.compiler_linting | compiler.WARN_LINTING,
        ^^^^^^^^^^^^^^^^^^^^^^^^^^^^^^^^^^^^^^^^^^^^^^^^^^^^^^^^^^^^^^
    )
    ^
  File "C:\Users\kenlcho\Desktop\dbPerfmHealthCheck\.venv\Lib\site-packages\sqlalchemy\sql\elements.py", line 716, in _compile_w_cache
    compiled_sql = self._compiler(
        dialect,
    ...<4 lines>...
        **kw,
    )
  File "C:\Users\kenlcho\Desktop\dbPerfmHealthCheck\.venv\Lib\site-packages\sqlalchemy\sql\elements.py", line 324, in _compiler
    return dialect.statement_compiler(dialect, self, **kw)
           ~~~~~~~~~~~~~~~~~~~~~~~~~~^^^^^^^^^^^^^^^^^^^^^
  File "C:\Users\kenlcho\Desktop\dbPerfmHealthCheck\.venv\Lib\site-packages\sqlalchemy\sql\compiler.py", line 1461, in __init__
    Compiled.__init__(self, dialect, statement, **kwargs)
    ~~~~~~~~~~~~~~~~~^^^^^^^^^^^^^^^^^^^^^^^^^^^^^^^^^^^^
  File "C:\Users\kenlcho\Desktop\dbPerfmHealthCheck\.venv\Lib\site-packages\sqlalchemy\sql\compiler.py", line 901, in __init__
    self.string = self.process(self.statement, **compile_kwargs)
                  ~~~~~~~~~~~~^^^^^^^^^^^^^^^^^^^^^^^^^^^^^^^^^^
  File "C:\Users\kenlcho\Desktop\dbPerfmHealthCheck\.venv\Lib\site-packages\sqlalchemy\sql\compiler.py", line 947, in process
    return obj._compiler_dispatch(self, **kwargs)
           ~~~~~~~~~~~~~~~~~~~~~~^^^^^^^^^^^^^^^^
  File "C:\Users\kenlcho\Desktop\dbPerfmHealthCheck\.venv\Lib\site-packages\sqlalchemy\sql\visitors.py", line 138, in _compiler_dispatch
    return meth(self, **kw)  # type: ignore  # noqa: E501
  File "C:\Users\kenlcho\Desktop\dbPerfmHealthCheck\.venv\Lib\site-packages\sqlalchemy\sql\compiler.py", line 4807, in visit_select
    compile_state = select_stmt._compile_state_factory(
        select_stmt, self, **kwargs
    )
  File "C:\Users\kenlcho\Desktop\dbPerfmHealthCheck\.venv\Lib\site-packages\sqlalchemy\sql\base.py", line 775, in create_for_statement
    return klass.create_for_statement(statement, compiler, **kw)
           ~~~~~~~~~~~~~~~~~~~~~~~~~~^^^^^^^^^^^^^^^^^^^^^^^^^^^
  File "C:\Users\kenlcho\Desktop\dbPerfmHealthCheck\.venv\Lib\site-packages\sqlalchemy\orm\context.py", line 447, in create_for_statement
    return cls._create_orm_context(
           ~~~~~~~~~~~~~~~~~~~~~~~^
        cast("Union[Select, FromStatement]", statement),
        ^^^^^^^^^^^^^^^^^^^^^^^^^^^^^^^^^^^^^^^^^^^^^^^^
    ...<2 lines>...
        **kw,
        ^^^^^
    )
    ^
  File "C:\Users\kenlcho\Desktop\dbPerfmHealthCheck\.venv\Lib\site-packages\sqlalchemy\orm\context.py", line 1175, in _create_orm_context
    _QueryEntity.to_compile_state(
    ~~~~~~~~~~~~~~~~~~~~~~~~~~~~~^
        self,
        ^^^^^
    ...<2 lines>...
        is_current_entities=True,
        ^^^^^^^^^^^^^^^^^^^^^^^^^
    )
    ^
  File "C:\Users\kenlcho\Desktop\dbPerfmHealthCheck\.venv\Lib\site-packages\sqlalchemy\orm\context.py", line 2628, in to_compile_state
    _MapperEntity(
    ~~~~~~~~~~~~~^
        compile_state,
        ^^^^^^^^^^^^^^
    ...<2 lines>...
        is_current_entities,
        ^^^^^^^^^^^^^^^^^^^^
    )
    ^
  File "C:\Users\kenlcho\Desktop\dbPerfmHealthCheck\.venv\Lib\site-packages\sqlalchemy\orm\context.py", line 2708, in __init__
    entity._post_inspect
  File "C:\Users\kenlcho\Desktop\dbPerfmHealthCheck\.venv\Lib\site-packages\sqlalchemy\util\langhelpers.py", line 1235, in __get__
    obj.__dict__[self.__name__] = result = self.fget(obj)
                                           ~~~~~~~~~^^^^^
  File "C:\Users\kenlcho\Desktop\dbPerfmHealthCheck\.venv\Lib\site-packages\sqlalchemy\orm\mapper.py", line 2733, in _post_inspect
    self._check_configure()
    ~~~~~~~~~~~~~~~~~~~~~^^
  File "C:\Users\kenlcho\Desktop\dbPerfmHealthCheck\.venv\Lib\site-packages\sqlalchemy\orm\mapper.py", line 2410, in _check_configure
    _configure_registries({self.registry}, cascade=True)
    ~~~~~~~~~~~~~~~~~~~~~^^^^^^^^^^^^^^^^^^^^^^^^^^^^^^^
  File "C:\Users\kenlcho\Desktop\dbPerfmHealthCheck\.venv\Lib\site-packages\sqlalchemy\orm\mapper.py", line 4227, in _configure_registries
    _do_configure_registries(registries, cascade)
    ~~~~~~~~~~~~~~~~~~~~~~~~^^^^^^^^^^^^^^^^^^^^^
  File "C:\Users\kenlcho\Desktop\dbPerfmHealthCheck\.venv\Lib\site-packages\sqlalchemy\orm\mapper.py", line 4264, in _do_configure_registries
    raise e
sqlalchemy.exc.InvalidRequestError: One or more mappers failed to initialize - can't proceed with initialization of other mappers. Triggering mapper: 'Mapper[CuratedQuery(curated_query)]'. Original exception was: When initializing mapper Mapper[CuratedQuery(curated_query)], expression 'RawQuery | None' failed to locate a name ('RawQuery | None'). If this is a class name, consider adding this relationship() to the <class 'api.models.CuratedQuery'> class after both dependent classes have been defined.
_____________________ TestLogin.test_nonexistent_user_401 _____________________
tests\test_api_auth.py:95: in test_nonexistent_user_401
    r = await client.post(
.venv\Lib\site-packages\httpx\_client.py:1859: in post
    return await self.request(
.venv\Lib\site-packages\httpx\_client.py:1540: in request
    return await self.send(request, auth=auth, follow_redirects=follow_redirects)
           ^^^^^^^^^^^^^^^^^^^^^^^^^^^^^^^^^^^^^^^^^^^^^^^^^^^^^^^^^^^^^^^^^^^^^^
.venv\Lib\site-packages\httpx\_client.py:1629: in send
    response = await self._send_handling_auth(
.venv\Lib\site-packages\httpx\_client.py:1657: in _send_handling_auth
    response = await self._send_handling_redirects(
.venv\Lib\site-packages\httpx\_client.py:1694: in _send_handling_redirects
    response = await self._send_single_request(request)
               ^^^^^^^^^^^^^^^^^^^^^^^^^^^^^^^^^^^^^^^^
.venv\Lib\site-packages\httpx\_client.py:1730: in _send_single_request
    response = await transport.handle_async_request(request)
               ^^^^^^^^^^^^^^^^^^^^^^^^^^^^^^^^^^^^^^^^^^^^^
.venv\Lib\site-packages\httpx\_transports\asgi.py:170: in handle_async_request
    await self.app(scope, receive, send)
.venv\Lib\site-packages\fastapi\applications.py:1160: in __call__
    await super().__call__(scope, receive, send)
.venv\Lib\site-packages\starlette\applications.py:107: in __call__
    await self.middleware_stack(scope, receive, send)
.venv\Lib\site-packages\starlette\middleware\errors.py:186: in __call__
    raise exc
.venv\Lib\site-packages\starlette\middleware\errors.py:164: in __call__
    await self.app(scope, receive, _send)
.venv\Lib\site-packages\starlette\middleware\cors.py:87: in __call__
    await self.app(scope, receive, send)
.venv\Lib\site-packages\starlette\middleware\exceptions.py:63: in __call__
    await wrap_app_handling_exceptions(self.app, conn)(scope, receive, send)
.venv\Lib\site-packages\starlette\_exception_handler.py:53: in wrapped_app
    raise exc
.venv\Lib\site-packages\starlette\_exception_handler.py:42: in wrapped_app
    await app(scope, receive, sender)
.venv\Lib\site-packages\fastapi\middleware\asyncexitstack.py:18: in __call__
    await self.app(scope, receive, send)
.venv\Lib\site-packages\starlette\routing.py:716: in __call__
    await self.middleware_stack(scope, receive, send)
.venv\Lib\site-packages\starlette\routing.py:736: in app
    await route.handle(scope, receive, send)
.venv\Lib\site-packages\starlette\routing.py:290: in handle
    await self.app(scope, receive, send)
.venv\Lib\site-packages\fastapi\routing.py:130: in app
    await wrap_app_handling_exceptions(app, request)(scope, receive, send)
.venv\Lib\site-packages\starlette\_exception_handler.py:53: in wrapped_app
    raise exc
.venv\Lib\site-packages\starlette\_exception_handler.py:42: in wrapped_app
    await app(scope, receive, sender)
.venv\Lib\site-packages\fastapi\routing.py:116: in app
    response = await f(request)
               ^^^^^^^^^^^^^^^^
.venv\Lib\site-packages\fastapi\routing.py:670: in app
    raw_response = await run_endpoint_function(
.venv\Lib\site-packages\fastapi\routing.py:324: in run_endpoint_function
    return await dependant.call(**values)
           ^^^^^^^^^^^^^^^^^^^^^^^^^^^^^^
api\routers\auth.py:220: in login
    result = await session.exec(select(User).where(User.username == body.username))
             ^^^^^^^^^^^^^^^^^^^^^^^^^^^^^^^^^^^^^^^^^^^^^^^^^^^^^^^^^^^^^^^^^^^^^^
.venv\Lib\site-packages\sqlmodel\ext\asyncio\session.py:89: in exec
    result = await greenlet_spawn(
.venv\Lib\site-packages\sqlalchemy\util\_concurrency_py3k.py:203: in greenlet_spawn
    result = context.switch(value)
             ^^^^^^^^^^^^^^^^^^^^^
.venv\Lib\site-packages\sqlmodel\orm\session.py:75: in exec
    results = super().execute(
.venv\Lib\site-packages\sqlalchemy\orm\session.py:2351: in execute
    return self._execute_internal(
.venv\Lib\site-packages\sqlalchemy\orm\session.py:2249: in _execute_internal
    result: Result[Any] = compile_state_cls.orm_execute_statement(
.venv\Lib\site-packages\sqlalchemy\orm\context.py:306: in orm_execute_statement
    result = conn.execute(
.venv\Lib\site-packages\sqlalchemy\engine\base.py:1419: in execute
    return meth(
.venv\Lib\site-packages\sqlalchemy\sql\elements.py:527: in _execute_on_connection
    return connection._execute_clauseelement(
.venv\Lib\site-packages\sqlalchemy\engine\base.py:1633: in _execute_clauseelement
    compiled_sql, extracted_params, cache_hit = elem._compile_w_cache(
.venv\Lib\site-packages\sqlalchemy\sql\elements.py:716: in _compile_w_cache
    compiled_sql = self._compiler(
.venv\Lib\site-packages\sqlalchemy\sql\elements.py:324: in _compiler
    return dialect.statement_compiler(dialect, self, **kw)
           ^^^^^^^^^^^^^^^^^^^^^^^^^^^^^^^^^^^^^^^^^^^^^^^
.venv\Lib\site-packages\sqlalchemy\sql\compiler.py:1461: in __init__
    Compiled.__init__(self, dialect, statement, **kwargs)
.venv\Lib\site-packages\sqlalchemy\sql\compiler.py:901: in __init__
    self.string = self.process(self.statement, **compile_kwargs)
                  ^^^^^^^^^^^^^^^^^^^^^^^^^^^^^^^^^^^^^^^^^^^^^^
.venv\Lib\site-packages\sqlalchemy\sql\compiler.py:947: in process
    return obj._compiler_dispatch(self, **kwargs)
           ^^^^^^^^^^^^^^^^^^^^^^^^^^^^^^^^^^^^^^
.venv\Lib\site-packages\sqlalchemy\sql\visitors.py:138: in _compiler_dispatch
    return meth(self, **kw)  # type: ignore  # noqa: E501
           ^^^^^^^^^^^^^^^^
.venv\Lib\site-packages\sqlalchemy\sql\compiler.py:4807: in visit_select
    compile_state = select_stmt._compile_state_factory(
.venv\Lib\site-packages\sqlalchemy\sql\base.py:775: in create_for_statement
    return klass.create_for_statement(statement, compiler, **kw)
           ^^^^^^^^^^^^^^^^^^^^^^^^^^^^^^^^^^^^^^^^^^^^^^^^^^^^^
.venv\Lib\site-packages\sqlalchemy\orm\context.py:447: in create_for_statement
    return cls._create_orm_context(
.venv\Lib\site-packages\sqlalchemy\orm\context.py:1175: in _create_orm_context
    _QueryEntity.to_compile_state(
.venv\Lib\site-packages\sqlalchemy\orm\context.py:2628: in to_compile_state
    _MapperEntity(
.venv\Lib\site-packages\sqlalchemy\orm\context.py:2708: in __init__
    entity._post_inspect
.venv\Lib\site-packages\sqlalchemy\util\langhelpers.py:1235: in __get__
    obj.__dict__[self.__name__] = result = self.fget(obj)
                                           ^^^^^^^^^^^^^^
.venv\Lib\site-packages\sqlalchemy\orm\mapper.py:2733: in _post_inspect
    self._check_configure()
.venv\Lib\site-packages\sqlalchemy\orm\mapper.py:2410: in _check_configure
    _configure_registries({self.registry}, cascade=True)
.venv\Lib\site-packages\sqlalchemy\orm\mapper.py:4227: in _configure_registries
    _do_configure_registries(registries, cascade)
.venv\Lib\site-packages\sqlalchemy\orm\mapper.py:4264: in _do_configure_registries
    raise e
E   sqlalchemy.exc.InvalidRequestError: One or more mappers failed to initialize - can't proceed with initialization of other mappers. Triggering mapper: 'Mapper[CuratedQuery(curated_query)]'. Original exception was: When initializing mapper Mapper[CuratedQuery(curated_query)], expression 'RawQuery | None' failed to locate a name ('RawQuery | None'). If this is a class name, consider adding this relationship() to the <class 'api.models.CuratedQuery'> class after both dependent classes have been defined.
------------------------------ Captured log call ------------------------------
ERROR    api.main:main.py:79 Unhandled exception on POST /api/auth/login
Traceback (most recent call last):
  File "C:\Users\kenlcho\Desktop\dbPerfmHealthCheck\.venv\Lib\site-packages\starlette\middleware\errors.py", line 164, in __call__
    await self.app(scope, receive, _send)
  File "C:\Users\kenlcho\Desktop\dbPerfmHealthCheck\.venv\Lib\site-packages\starlette\middleware\cors.py", line 87, in __call__
    await self.app(scope, receive, send)
  File "C:\Users\kenlcho\Desktop\dbPerfmHealthCheck\.venv\Lib\site-packages\starlette\middleware\exceptions.py", line 63, in __call__
    await wrap_app_handling_exceptions(self.app, conn)(scope, receive, send)
  File "C:\Users\kenlcho\Desktop\dbPerfmHealthCheck\.venv\Lib\site-packages\starlette\_exception_handler.py", line 53, in wrapped_app
    raise exc
  File "C:\Users\kenlcho\Desktop\dbPerfmHealthCheck\.venv\Lib\site-packages\starlette\_exception_handler.py", line 42, in wrapped_app
    await app(scope, receive, sender)
  File "C:\Users\kenlcho\Desktop\dbPerfmHealthCheck\.venv\Lib\site-packages\fastapi\middleware\asyncexitstack.py", line 18, in __call__
    await self.app(scope, receive, send)
  File "C:\Users\kenlcho\Desktop\dbPerfmHealthCheck\.venv\Lib\site-packages\starlette\routing.py", line 716, in __call__
    await self.middleware_stack(scope, receive, send)
  File "C:\Users\kenlcho\Desktop\dbPerfmHealthCheck\.venv\Lib\site-packages\starlette\routing.py", line 736, in app
    await route.handle(scope, receive, send)
  File "C:\Users\kenlcho\Desktop\dbPerfmHealthCheck\.venv\Lib\site-packages\starlette\routing.py", line 290, in handle
    await self.app(scope, receive, send)
  File "C:\Users\kenlcho\Desktop\dbPerfmHealthCheck\.venv\Lib\site-packages\fastapi\routing.py", line 130, in app
    await wrap_app_handling_exceptions(app, request)(scope, receive, send)
  File "C:\Users\kenlcho\Desktop\dbPerfmHealthCheck\.venv\Lib\site-packages\starlette\_exception_handler.py", line 53, in wrapped_app
    raise exc
  File "C:\Users\kenlcho\Desktop\dbPerfmHealthCheck\.venv\Lib\site-packages\starlette\_exception_handler.py", line 42, in wrapped_app
    await app(scope, receive, sender)
  File "C:\Users\kenlcho\Desktop\dbPerfmHealthCheck\.venv\Lib\site-packages\fastapi\routing.py", line 116, in app
    response = await f(request)
               ^^^^^^^^^^^^^^^^
  File "C:\Users\kenlcho\Desktop\dbPerfmHealthCheck\.venv\Lib\site-packages\fastapi\routing.py", line 670, in app
    raw_response = await run_endpoint_function(
                   ^^^^^^^^^^^^^^^^^^^^^^^^^^^^
    ...<3 lines>...
    )
    ^
  File "C:\Users\kenlcho\Desktop\dbPerfmHealthCheck\.venv\Lib\site-packages\fastapi\routing.py", line 324, in run_endpoint_function
    return await dependant.call(**values)
           ^^^^^^^^^^^^^^^^^^^^^^^^^^^^^^
  File "C:\Users\kenlcho\Desktop\dbPerfmHealthCheck\api\routers\auth.py", line 220, in login
    result = await session.exec(select(User).where(User.username == body.username))
             ^^^^^^^^^^^^^^^^^^^^^^^^^^^^^^^^^^^^^^^^^^^^^^^^^^^^^^^^^^^^^^^^^^^^^^
  File "C:\Users\kenlcho\Desktop\dbPerfmHealthCheck\.venv\Lib\site-packages\sqlmodel\ext\asyncio\session.py", line 89, in exec
    result = await greenlet_spawn(
             ^^^^^^^^^^^^^^^^^^^^^
    ...<7 lines>...
    )
    ^
  File "C:\Users\kenlcho\Desktop\dbPerfmHealthCheck\.venv\Lib\site-packages\sqlalchemy\util\_concurrency_py3k.py", line 203, in greenlet_spawn
    result = context.switch(value)
  File "C:\Users\kenlcho\Desktop\dbPerfmHealthCheck\.venv\Lib\site-packages\sqlmodel\orm\session.py", line 75, in exec
    results = super().execute(
        statement,
    ...<4 lines>...
        _add_event=_add_event,
    )
  File "C:\Users\kenlcho\Desktop\dbPerfmHealthCheck\.venv\Lib\site-packages\sqlalchemy\orm\session.py", line 2351, in execute
    return self._execute_internal(
           ~~~~~~~~~~~~~~~~~~~~~~^
        statement,
        ^^^^^^^^^^
    ...<4 lines>...
        _add_event=_add_event,
        ^^^^^^^^^^^^^^^^^^^^^^
    )
    ^
  File "C:\Users\kenlcho\Desktop\dbPerfmHealthCheck\.venv\Lib\site-packages\sqlalchemy\orm\session.py", line 2249, in _execute_internal
    result: Result[Any] = compile_state_cls.orm_execute_statement(
                          ~~~~~~~~~~~~~~~~~~~~~~~~~~~~~~~~~~~~~~~^
        self,
        ^^^^^
    ...<4 lines>...
        conn,
        ^^^^^
    )
    ^
  File "C:\Users\kenlcho\Desktop\dbPerfmHealthCheck\.venv\Lib\site-packages\sqlalchemy\orm\context.py", line 306, in orm_execute_statement
    result = conn.execute(
        statement, params or {}, execution_options=execution_options
    )
  File "C:\Users\kenlcho\Desktop\dbPerfmHealthCheck\.venv\Lib\site-packages\sqlalchemy\engine\base.py", line 1419, in execute
    return meth(
        self,
        distilled_parameters,
        execution_options or NO_OPTIONS,
    )
  File "C:\Users\kenlcho\Desktop\dbPerfmHealthCheck\.venv\Lib\site-packages\sqlalchemy\sql\elements.py", line 527, in _execute_on_connection
    return connection._execute_clauseelement(
           ~~~~~~~~~~~~~~~~~~~~~~~~~~~~~~~~~^
        self, distilled_params, execution_options
        ^^^^^^^^^^^^^^^^^^^^^^^^^^^^^^^^^^^^^^^^^
    )
    ^
  File "C:\Users\kenlcho\Desktop\dbPerfmHealthCheck\.venv\Lib\site-packages\sqlalchemy\engine\base.py", line 1633, in _execute_clauseelement
    compiled_sql, extracted_params, cache_hit = elem._compile_w_cache(
                                                ~~~~~~~~~~~~~~~~~~~~~^
        dialect=dialect,
        ^^^^^^^^^^^^^^^^
    ...<4 lines>...
        linting=self.dialect.compiler_linting | compiler.WARN_LINTING,
        ^^^^^^^^^^^^^^^^^^^^^^^^^^^^^^^^^^^^^^^^^^^^^^^^^^^^^^^^^^^^^^
    )
    ^
  File "C:\Users\kenlcho\Desktop\dbPerfmHealthCheck\.venv\Lib\site-packages\sqlalchemy\sql\elements.py", line 716, in _compile_w_cache
    compiled_sql = self._compiler(
        dialect,
    ...<4 lines>...
        **kw,
    )
  File "C:\Users\kenlcho\Desktop\dbPerfmHealthCheck\.venv\Lib\site-packages\sqlalchemy\sql\elements.py", line 324, in _compiler
    return dialect.statement_compiler(dialect, self, **kw)
           ~~~~~~~~~~~~~~~~~~~~~~~~~~^^^^^^^^^^^^^^^^^^^^^
  File "C:\Users\kenlcho\Desktop\dbPerfmHealthCheck\.venv\Lib\site-packages\sqlalchemy\sql\compiler.py", line 1461, in __init__
    Compiled.__init__(self, dialect, statement, **kwargs)
    ~~~~~~~~~~~~~~~~~^^^^^^^^^^^^^^^^^^^^^^^^^^^^^^^^^^^^
  File "C:\Users\kenlcho\Desktop\dbPerfmHealthCheck\.venv\Lib\site-packages\sqlalchemy\sql\compiler.py", line 901, in __init__
    self.string = self.process(self.statement, **compile_kwargs)
                  ~~~~~~~~~~~~^^^^^^^^^^^^^^^^^^^^^^^^^^^^^^^^^^
  File "C:\Users\kenlcho\Desktop\dbPerfmHealthCheck\.venv\Lib\site-packages\sqlalchemy\sql\compiler.py", line 947, in process
    return obj._compiler_dispatch(self, **kwargs)
           ~~~~~~~~~~~~~~~~~~~~~~^^^^^^^^^^^^^^^^
  File "C:\Users\kenlcho\Desktop\dbPerfmHealthCheck\.venv\Lib\site-packages\sqlalchemy\sql\visitors.py", line 138, in _compiler_dispatch
    return meth(self, **kw)  # type: ignore  # noqa: E501
  File "C:\Users\kenlcho\Desktop\dbPerfmHealthCheck\.venv\Lib\site-packages\sqlalchemy\sql\compiler.py", line 4807, in visit_select
    compile_state = select_stmt._compile_state_factory(
        select_stmt, self, **kwargs
    )
  File "C:\Users\kenlcho\Desktop\dbPerfmHealthCheck\.venv\Lib\site-packages\sqlalchemy\sql\base.py", line 775, in create_for_statement
    return klass.create_for_statement(statement, compiler, **kw)
           ~~~~~~~~~~~~~~~~~~~~~~~~~~^^^^^^^^^^^^^^^^^^^^^^^^^^^
  File "C:\Users\kenlcho\Desktop\dbPerfmHealthCheck\.venv\Lib\site-packages\sqlalchemy\orm\context.py", line 447, in create_for_statement
    return cls._create_orm_context(
           ~~~~~~~~~~~~~~~~~~~~~~~^
        cast("Union[Select, FromStatement]", statement),
        ^^^^^^^^^^^^^^^^^^^^^^^^^^^^^^^^^^^^^^^^^^^^^^^^
    ...<2 lines>...
        **kw,
        ^^^^^
    )
    ^
  File "C:\Users\kenlcho\Desktop\dbPerfmHealthCheck\.venv\Lib\site-packages\sqlalchemy\orm\context.py", line 1175, in _create_orm_context
    _QueryEntity.to_compile_state(
    ~~~~~~~~~~~~~~~~~~~~~~~~~~~~~^
        self,
        ^^^^^
    ...<2 lines>...
        is_current_entities=True,
        ^^^^^^^^^^^^^^^^^^^^^^^^^
    )
    ^
  File "C:\Users\kenlcho\Desktop\dbPerfmHealthCheck\.venv\Lib\site-packages\sqlalchemy\orm\context.py", line 2628, in to_compile_state
    _MapperEntity(
    ~~~~~~~~~~~~~^
        compile_state,
        ^^^^^^^^^^^^^^
    ...<2 lines>...
        is_current_entities,
        ^^^^^^^^^^^^^^^^^^^^
    )
    ^
  File "C:\Users\kenlcho\Desktop\dbPerfmHealthCheck\.venv\Lib\site-packages\sqlalchemy\orm\context.py", line 2708, in __init__
    entity._post_inspect
  File "C:\Users\kenlcho\Desktop\dbPerfmHealthCheck\.venv\Lib\site-packages\sqlalchemy\util\langhelpers.py", line 1235, in __get__
    obj.__dict__[self.__name__] = result = self.fget(obj)
                                           ~~~~~~~~~^^^^^
  File "C:\Users\kenlcho\Desktop\dbPerfmHealthCheck\.venv\Lib\site-packages\sqlalchemy\orm\mapper.py", line 2733, in _post_inspect
    self._check_configure()
    ~~~~~~~~~~~~~~~~~~~~~^^
  File "C:\Users\kenlcho\Desktop\dbPerfmHealthCheck\.venv\Lib\site-packages\sqlalchemy\orm\mapper.py", line 2410, in _check_configure
    _configure_registries({self.registry}, cascade=True)
    ~~~~~~~~~~~~~~~~~~~~~^^^^^^^^^^^^^^^^^^^^^^^^^^^^^^^
  File "C:\Users\kenlcho\Desktop\dbPerfmHealthCheck\.venv\Lib\site-packages\sqlalchemy\orm\mapper.py", line 4227, in _configure_registries
    _do_configure_registries(registries, cascade)
    ~~~~~~~~~~~~~~~~~~~~~~~~^^^^^^^^^^^^^^^^^^^^^
  File "C:\Users\kenlcho\Desktop\dbPerfmHealthCheck\.venv\Lib\site-packages\sqlalchemy\orm\mapper.py", line 4264, in _do_configure_registries
    raise e
sqlalchemy.exc.InvalidRequestError: One or more mappers failed to initialize - can't proceed with initialization of other mappers. Triggering mapper: 'Mapper[CuratedQuery(curated_query)]'. Original exception was: When initializing mapper Mapper[CuratedQuery(curated_query)], expression 'RawQuery | None' failed to locate a name ('RawQuery | None'). If this is a class name, consider adding this relationship() to the <class 'api.models.CuratedQuery'> class after both dependent classes have been defined.
============================== warnings summary ===============================
api\routers\analytics.py:838
  C:\Users\kenlcho\Desktop\dbPerfmHealthCheck\api\routers\analytics.py:838: SyntaxWarning: "\d" is an invalid escape sequence. Such sequences will not work in the future. Did you mean "\\d"? A raw string is also an option.

tests/test_ingestor.py: 17 warnings
  C:\\Users\\kenlcho\\Desktop\\dbPerfmHealthCheck\\api\\services\\ingestor.py:224: DeprecationWarning: \n          \U0001f6a8 You probably want to use `session.exec()` instead of `session.execute()`.\n  \n          This is the original SQLAlchemy `session.execute()` method that returns objects\n          of type `Row`, and that you have to call `scalars()` to get the model objects.\n  \n          For example:\n  \n          ```Python\n          result = await session.execute(select(Hero))\n          heroes = result.scalars().all()\n          ```\n  \n          instead you could use `exec()`:\n  \n          ```Python\n          result = await session.exec(select(Hero))\n          heroes = result.all()\n          ```\n          \n    rows_exist = await session.execute(

tests/test_ingestor.py: 17 warnings
  C:\\Users\\kenlcho\\Desktop\\dbPerfmHealthCheck\\api\\services\\ingestor.py:244: DeprecationWarning: \n          \U0001f6a8 You probably want to use `session.exec()` instead of `session.execute()`.\n  \n          This is the original SQLAlchemy `session.execute()` method that returns objects\n          of type `Row`, and that you have to call `scalars()` to get the model objects.\n  \n          For example:\n  \n          ```Python\n          result = await session.execute(select(Hero))\n          heroes = result.scalars().all()\n          ```\n  \n          instead you could use `exec()`:\n  \n          ```Python\n          result = await session.exec(select(Hero))\n          heroes = result.all()\n          ```\n          \n    await session.execute(stmt)

-- Docs: https://docs.pytest.org/en/stable/how-to/capture-warnings.html
=========================== short test summary info ===========================
FAILED tests/test_api_auth.py::TestRegister::test_first_user_registers_as_admin
FAILED tests/test_api_auth.py::TestRegister::test_register_returns_user_fields
FAILED tests/test_api_auth.py::TestRegister::test_password_too_short_rejected
FAILED tests/test_api_auth.py::TestLogin::test_invalid_password_401 - sqlalch...
FAILED tests/test_api_auth.py::TestLogin::test_nonexistent_user_401 - sqlalch...
ERROR tests/test_api_auth.py::TestLogin::test_valid_login_returns_token - sql...
ERROR tests/test_api_auth.py::TestLogin::test_login_response_shape - sqlalche...
ERROR tests/test_api_auth.py::TestMe::test_me_returns_current_user - sqlalche...
ERROR tests/test_api_auth.py::TestListUsers::test_admin_can_list_users - sqla...
ERROR tests/test_api_auth.py::TestUpdateUser::test_update_nonexistent_user_404
ERROR tests/test_api_auth.py::TestAdminRegister::test_admin_can_create_viewer
ERROR tests/test_api_auth.py::TestAdminRegister::test_admin_can_create_admin_role
ERROR tests/test_api_auth.py::TestAdminRegister::test_duplicate_username_rejected_400
ERROR tests/test_api_auth.py::TestAdminRegister::test_default_role_is_viewer
ERROR tests/test_api_auth.py::TestDeleteUser::test_delete_nonexistent_404 - s...
ERROR tests/test_api_auth.py::TestDeleteUser::test_cannot_delete_own_account
ERROR tests/test_api_auth.py::TestDeleteUser::test_admin_can_delete_another_user
ERROR tests/test_api_auth.py::TestDeleteUser::test_deleted_user_not_in_list
ERROR tests/test_api_auth.py::TestUpdateMe::test_update_email_without_password_fails
ERROR tests/test_api_auth.py::TestUpdateMe::test_update_with_wrong_current_password_401
ERROR tests/test_api_auth.py::TestUpdateMe::test_no_changes_succeeds - sqlalc...
ERROR tests/test_api_auth.py::TestUpdateMe::test_update_password_for_fresh_user
============ 5 failed, 27 passed, 35 warnings, 17 errors in 48.04s ============
